Archive member included to satisfy reference by file (symbol)

G:/github/public/stm32_bootloader_library/f407_led_demo/utils/libSTM32F407.elf(lib_debug.o)
                              ./Core/Src/main.o (UART_rxIntrWrite)
G:/github/public/stm32_bootloader_library/f407_led_demo/utils/libSTM32F407.elf(lib_ringbuffer.o)
                              G:/github/public/stm32_bootloader_library/f407_led_demo/utils/libSTM32F407.elf(lib_debug.o) (RB_init)
G:/github/public/stm32_bootloader_library/f407_led_demo/utils/libSTM32F407.elf(lib_system.o)
                              ./Core/Src/main.o (SYSTEM_init)
G:/github/public/stm32_bootloader_library/f407_led_demo/utils/libSTM32F407.elf(lib_flash.o)
                              G:/github/public/stm32_bootloader_library/f407_led_demo/utils/libSTM32F407.elf(lib_system.o) (FLASH_init)
G:/github/public/stm32_bootloader_library/f407_led_demo/utils/libSTM32F407.elf(lib_menu.o)
                              G:/github/public/stm32_bootloader_library/f407_led_demo/utils/libSTM32F407.elf(lib_system.o) (MENU_sync)
G:/github/public/stm32_bootloader_library/f407_led_demo/utils/libSTM32F407.elf(lib_ota.o)
                              G:/github/public/stm32_bootloader_library/f407_led_demo/utils/libSTM32F407.elf(lib_system.o) (OTA_init)
G:/github/public/stm32_bootloader_library/f407_led_demo/utils/libSTM32F407.elf(stdutils.o)
                              G:/github/public/stm32_bootloader_library/f407_led_demo/utils/libSTM32F407.elf(lib_flash.o) (util_getCrc32OnFly)
G:/github/public/stm32_bootloader_library/f407_led_demo/utils/libSTM32F407.elf(lib_delay.o)
                              G:/github/public/stm32_bootloader_library/f407_led_demo/utils/libSTM32F407.elf(lib_flash.o) (delay)
c:/st/stm32cubeide_1.6.1/stm32cubeide/plugins/com.st.stm32cube.ide.mcu.externaltools.gnu-tools-for-stm32.9-2020-q2-update.win32_2.0.0.202105311346/tools/bin/../lib/gcc/arm-none-eabi/9.3.1/../../../../arm-none-eabi/lib/thumb/v7e-m+fp/hard\libc_nano.a(lib_a-errno.o)
                              ./Core/Src/syscalls.o (__errno)
c:/st/stm32cubeide_1.6.1/stm32cubeide/plugins/com.st.stm32cube.ide.mcu.externaltools.gnu-tools-for-stm32.9-2020-q2-update.win32_2.0.0.202105311346/tools/bin/../lib/gcc/arm-none-eabi/9.3.1/../../../../arm-none-eabi/lib/thumb/v7e-m+fp/hard\libc_nano.a(lib_a-exit.o)
                              c:/st/stm32cubeide_1.6.1/stm32cubeide/plugins/com.st.stm32cube.ide.mcu.externaltools.gnu-tools-for-stm32.9-2020-q2-update.win32_2.0.0.202105311346/tools/bin/../lib/gcc/arm-none-eabi/9.3.1/../../../../arm-none-eabi/lib/thumb/v7e-m+fp/hard/crt0.o (exit)
c:/st/stm32cubeide_1.6.1/stm32cubeide/plugins/com.st.stm32cube.ide.mcu.externaltools.gnu-tools-for-stm32.9-2020-q2-update.win32_2.0.0.202105311346/tools/bin/../lib/gcc/arm-none-eabi/9.3.1/../../../../arm-none-eabi/lib/thumb/v7e-m+fp/hard\libc_nano.a(lib_a-impure.o)
                              c:/st/stm32cubeide_1.6.1/stm32cubeide/plugins/com.st.stm32cube.ide.mcu.externaltools.gnu-tools-for-stm32.9-2020-q2-update.win32_2.0.0.202105311346/tools/bin/../lib/gcc/arm-none-eabi/9.3.1/../../../../arm-none-eabi/lib/thumb/v7e-m+fp/hard\libc_nano.a(lib_a-exit.o) (_global_impure_ptr)
c:/st/stm32cubeide_1.6.1/stm32cubeide/plugins/com.st.stm32cube.ide.mcu.externaltools.gnu-tools-for-stm32.9-2020-q2-update.win32_2.0.0.202105311346/tools/bin/../lib/gcc/arm-none-eabi/9.3.1/../../../../arm-none-eabi/lib/thumb/v7e-m+fp/hard\libc_nano.a(lib_a-init.o)
                              c:/st/stm32cubeide_1.6.1/stm32cubeide/plugins/com.st.stm32cube.ide.mcu.externaltools.gnu-tools-for-stm32.9-2020-q2-update.win32_2.0.0.202105311346/tools/bin/../lib/gcc/arm-none-eabi/9.3.1/../../../../arm-none-eabi/lib/thumb/v7e-m+fp/hard/crt0.o (__libc_init_array)
c:/st/stm32cubeide_1.6.1/stm32cubeide/plugins/com.st.stm32cube.ide.mcu.externaltools.gnu-tools-for-stm32.9-2020-q2-update.win32_2.0.0.202105311346/tools/bin/../lib/gcc/arm-none-eabi/9.3.1/../../../../arm-none-eabi/lib/thumb/v7e-m+fp/hard\libc_nano.a(lib_a-malloc.o)
                              G:/github/public/stm32_bootloader_library/f407_led_demo/utils/libSTM32F407.elf(lib_ringbuffer.o) (malloc)
c:/st/stm32cubeide_1.6.1/stm32cubeide/plugins/com.st.stm32cube.ide.mcu.externaltools.gnu-tools-for-stm32.9-2020-q2-update.win32_2.0.0.202105311346/tools/bin/../lib/gcc/arm-none-eabi/9.3.1/../../../../arm-none-eabi/lib/thumb/v7e-m+fp/hard\libc_nano.a(lib_a-memcpy-stub.o)
                              G:/github/public/stm32_bootloader_library/f407_led_demo/utils/libSTM32F407.elf(lib_ringbuffer.o) (memcpy)
c:/st/stm32cubeide_1.6.1/stm32cubeide/plugins/com.st.stm32cube.ide.mcu.externaltools.gnu-tools-for-stm32.9-2020-q2-update.win32_2.0.0.202105311346/tools/bin/../lib/gcc/arm-none-eabi/9.3.1/../../../../arm-none-eabi/lib/thumb/v7e-m+fp/hard\libc_nano.a(lib_a-memset.o)
[...]
Memory Configuration

Name             Origin             Length             Attributes
CCMRAM           0x0000000010000000 0x0000000000010000 xrw
RAM              0x0000000020000000 0x0000000000020000 xrw
FLASH            0x0000000008010000 0x0000000000070000 xr
*default*        0x0000000000000000 0xffffffffffffffff

Linker script and memory map

LOAD c:/st/stm32cubeide_1.6.1/stm32cubeide/plugins/com.st.stm32cube.ide.mcu.externaltools.gnu-tools-for-stm32.9-2020-q2-update.win32_2.0.0.202105311346/tools/bin/../lib/gcc/arm-none-eabi/9.3.1/thumb/v7e-m+fp/hard/crti.o
LOAD c:/st/stm32cubeide_1.6.1/stm32cubeide/plugins/com.st.stm32cube.ide.mcu.externaltools.gnu-tools-for-stm32.9-2020-q2-update.win32_2.0.0.202105311346/tools/bin/../lib/gcc/arm-none-eabi/9.3.1/thumb/v7e-m+fp/hard/crtbegin.o
LOAD c:/st/stm32cubeide_1.6.1/stm32cubeide/plugins/com.st.stm32cube.ide.mcu.externaltools.gnu-tools-for-stm32.9-2020-q2-update.win32_2.0.0.202105311346/tools/bin/../lib/gcc/arm-none-eabi/9.3.1/../../../../arm-none-eabi/lib/thumb/v7e-m+fp/hard/crt0.o
LOAD ./Core/Src/main.o
LOAD ./Core/Src/stm32f4xx_hal_msp.o
LOAD ./Core/Src/stm32f4xx_it.o
LOAD ./Core/Src/syscalls.o
LOAD ./Core/Src/sysmem.o
LOAD ./Core/Src/system_stm32f4xx.o
LOAD ./Core/Startup/startup_stm32f407vgtx.o
LOAD ./Drivers/STM32F4xx_HAL_Driver/Src/stm32f4xx_hal.o
LOAD ./Drivers/STM32F4xx_HAL_Driver/Src/stm32f4xx_hal_cortex.o
LOAD ./Drivers/STM32F4xx_HAL_Driver/Src/stm32f4xx_hal_dma.o
LOAD ./Drivers/STM32F4xx_HAL_Driver/Src/stm32f4xx_hal_dma_ex.o
LOAD ./Drivers/STM32F4xx_HAL_Driver/Src/stm32f4xx_hal_exti.o
LOAD ./Drivers/STM32F4xx_HAL_Driver/Src/stm32f4xx_hal_flash.o
LOAD ./Drivers/STM32F4xx_HAL_Driver/Src/stm32f4xx_hal_flash_ex.o
LOAD ./Drivers/STM32F4xx_HAL_Driver/Src/stm32f4xx_hal_flash_ramfunc.o
LOAD ./Drivers/STM32F4xx_HAL_Driver/Src/stm32f4xx_hal_gpio.o
LOAD ./Drivers/STM32F4xx_HAL_Driver/Src/stm32f4xx_hal_pwr.o
LOAD ./Drivers/STM32F4xx_HAL_Driver/Src/stm32f4xx_hal_pwr_ex.o
LOAD ./Drivers/STM32F4xx_HAL_Driver/Src/stm32f4xx_hal_rcc.o
LOAD ./Drivers/STM32F4xx_HAL_Driver/Src/stm32f4xx_hal_rcc_ex.o
LOAD ./Drivers/STM32F4xx_HAL_Driver/Src/stm32f4xx_hal_spi.o
LOAD ./Drivers/STM32F4xx_HAL_Driver/Src/stm32f4xx_hal_tim.o
LOAD ./Drivers/STM32F4xx_HAL_Driver/Src/stm32f4xx_hal_tim_ex.o
LOAD ./Drivers/STM32F4xx_HAL_Driver/Src/stm32f4xx_hal_uart.o
LOAD G:/github/public/stm32_bootloader_library/f407_led_demo/utils/libSTM32F407.elf
START GROUP
LOAD c:/st/stm32cubeide_1.6.1/stm32cubeide/plugins/com.st.stm32cube.ide.mcu.externaltools.gnu-tools-for-stm32.9-2020-q2-update.win32_2.0.0.202105311346/tools/bin/../lib/gcc/arm-none-eabi/9.3.1/../../../../arm-none-eabi/lib/thumb/v7e-m+fp/hard\libc_nano.a
LOAD c:/st/stm32cubeide_1.6.1/stm32cubeide/plugins/com.st.stm32cube.ide.mcu.externaltools.gnu-tools-for-stm32.9-2020-q2-update.win32_2.0.0.202105311346/tools/bin/../lib/gcc/arm-none-eabi/9.3.1/../../../../arm-none-eabi/lib/thumb/v7e-m+fp/hard\libm.a
END GROUP
START GROUP
LOAD c:/st/stm32cubeide_1.6.1/stm32cubeide/plugins/com.st.stm32cube.ide.mcu.externaltools.gnu-tools-for-stm32.9-2020-q2-update.win32_2.0.0.202105311346/tools/bin/../lib/gcc/arm-none-eabi/9.3.1/thumb/v7e-m+fp/hard\libgcc.a
LOAD c:/st/stm32cubeide_1.6.1/stm32cubeide/plugins/com.st.stm32cube.ide.mcu.externaltools.gnu-tools-for-stm32.9-2020-q2-update.win32_2.0.0.202105311346/tools/bin/../lib/gcc/arm-none-eabi/9.3.1/../../../../arm-none-eabi/lib/thumb/v7e-m+fp/hard\libc_nano.a
END GROUP
START GROUP
LOAD c:/st/stm32cubeide_1.6.1/stm32cubeide/plugins/com.st.stm32cube.ide.mcu.externaltools.gnu-tools-for-stm32.9-2020-q2-update.win32_2.0.0.202105311346/tools/bin/../lib/gcc/arm-none-eabi/9.3.1/thumb/v7e-m+fp/hard\libgcc.a
LOAD c:/st/stm32cubeide_1.6.1/stm32cubeide/plugins/com.st.stm32cube.ide.mcu.externaltools.gnu-tools-for-stm32.9-2020-q2-update.win32_2.0.0.202105311346/tools/bin/../lib/gcc/arm-none-eabi/9.3.1/../../../../arm-none-eabi/lib/thumb/v7e-m+fp/hard\libc_nano.a
LOAD c:/st/stm32cubeide_1.6.1/stm32cubeide/plugins/com.st.stm32cube.ide.mcu.externaltools.gnu-tools-for-stm32.9-2020-q2-update.win32_2.0.0.202105311346/tools/bin/../lib/gcc/arm-none-eabi/9.3.1/../../../../arm-none-eabi/lib/thumb/v7e-m+fp/hard\libnosys.a
END GROUP
START GROUP
LOAD c:/st/stm32cubeide_1.6.1/stm32cubeide/plugins/com.st.stm32cube.ide.mcu.externaltools.gnu-tools-for-stm32.9-2020-q2-update.win32_2.0.0.202105311346/tools/bin/../lib/gcc/arm-none-eabi/9.3.1/thumb/v7e-m+fp/hard\libgcc.a
LOAD c:/st/stm32cubeide_1.6.1/stm32cubeide/plugins/com.st.stm32cube.ide.mcu.externaltools.gnu-tools-for-stm32.9-2020-q2-update.win32_2.0.0.202105311346/tools/bin/../lib/gcc/arm-none-eabi/9.3.1/../../../../arm-none-eabi/lib/thumb/v7e-m+fp/hard\libc_nano.a
LOAD c:/st/stm32cubeide_1.6.1/stm32cubeide/plugins/com.st.stm32cube.ide.mcu.externaltools.gnu-tools-for-stm32.9-2020-q2-update.win32_2.0.0.202105311346/tools/bin/../lib/gcc/arm-none-eabi/9.3.1/../../../../arm-none-eabi/lib/thumb/v7e-m+fp/hard\libnosys.a
END GROUP
LOAD c:/st/stm32cubeide_1.6.1/stm32cubeide/plugins/com.st.stm32cube.ide.mcu.externaltools.gnu-tools-for-stm32.9-2020-q2-update.win32_2.0.0.202105311346/tools/bin/../lib/gcc/arm-none-eabi/9.3.1/thumb/v7e-m+fp/hard/crtend.o
LOAD c:/st/stm32cubeide_1.6.1/stm32cubeide/plugins/com.st.stm32cube.ide.mcu.externaltools.gnu-tools-for-stm32.9-2020-q2-update.win32_2.0.0.202105311346/tools/bin/../lib/gcc/arm-none-eabi/9.3.1/thumb/v7e-m+fp/hard/crtn.o
                0x0000000020020000                _estack = (ORIGIN (RAM) + LENGTH (RAM))
                0x0000000000002000                _Min_Heap_Size = 0x2000
                0x0000000000004000                _Min_Stack_Size = 0x4000

.isr_vector     0x0000000008010000      0x188
                0x0000000008010000                . = ALIGN (0x4)
 *(.isr_vector)
 .isr_vector    0x0000000008010000      0x188 ./Core/Startup/startup_stm32f407vgtx.o
                0x0000000008010000                g_pfnVectors
                0x0000000008010188                . = ALIGN (0x4)

.text           0x0000000008010188     0x4ef8
                0x0000000008010188                . = ALIGN (0x4)
 *(.text)
 .text          0x0000000008010188       0x40 c:/st/stm32cubeide_1.6.1/stm32cubeide/plugins/com.st.stm32cube.ide.mcu.externaltools.gnu-tools-for-stm32.9-2020-q2-update.win32_2.0.0.202105311346/tools/bin/../lib/gcc/arm-none-eabi/9.3.1/thumb/v7e-m+fp/hard/crtbegin.o
 .text          0x00000000080101c8       0x14 c:/st/stm32cubeide_1.6.1/stm32cubeide/plugins/com.st.stm32cube.ide.mcu.externaltools.gnu-tools-for-stm32.9-2020-q2-update.win32_2.0.0.202105311346/tools/bin/../lib/gcc/arm-none-eabi/9.3.1/../../../../arm-none-eabi/lib/thumb/v7e-m+fp/hard\libc_nano.a(lib_a-strcmp.o)
                0x00000000080101c8                strcmp
 .text          0x00000000080101dc       0x30 c:/st/stm32cubeide_1.6.1/stm32cubeide/plugins/com.st.stm32cube.ide.mcu.externaltools.gnu-tools-for-stm32.9-2020-q2-update.win32_2.0.0.202105311346/tools/bin/../lib/gcc/arm-none-eabi/9.3.1/thumb/v7e-m+fp/hard\libgcc.a(_aeabi_uldivmod.o)
                0x00000000080101dc                __aeabi_uldivmod
 .text          0x000000000801020c      0x2c4 c:/st/stm32cubeide_1.6.1/stm32cubeide/plugins/com.st.stm32cube.ide.mcu.externaltools.gnu-tools-for-stm32.9-2020-q2-update.win32_2.0.0.202105311346/tools/bin/../lib/gcc/arm-none-eabi/9.3.1/thumb/v7e-m+fp/hard\libgcc.a(_udivmoddi4.o)
                0x000000000801020c                __udivmoddi4
 .text          0x00000000080104d0        0x4 c:/st/stm32cubeide_1.6.1/stm32cubeide/plugins/com.st.stm32cube.ide.mcu.externaltools.gnu-tools-for-stm32.9-2020-q2-update.win32_2.0.0.202105311346/tools/bin/../lib/gcc/arm-none-eabi/9.3.1/thumb/v7e-m+fp/hard\libgcc.a(_dvmd_tls.o)
                0x00000000080104d0                __aeabi_idiv0
                0x00000000080104d0                __aeabi_ldiv0
 *(.text*)
 .text.system_ledBlink
                0x00000000080104d4       0xb4 ./Core/Src/main.o
                0x00000000080104d4                system_ledBlink
 .text.main     0x0000000008010588       0x5c ./Core/Src/main.o
                0x0000000008010588                main
 .text.SystemClock_Config
                0x00000000080105e4       0xd0 ./Core/Src/main.o
                0x00000000080105e4                SystemClock_Config
 .text.MX_SPI1_Init
                0x00000000080106b4       0x6c ./Core/Src/main.o
 .text.MX_USART2_UART_Init
                0x0000000008010720       0x54 ./Core/Src/main.o
 .text.MX_DMA_Init
                0x0000000008010774       0x6c ./Core/Src/main.o
 .text.MX_GPIO_Init
                0x00000000080107e0      0x114 ./Core/Src/main.o
 .text.HAL_UART_RxCpltCallback
                0x00000000080108f4       0x2c ./Core/Src/main.o
                0x00000000080108f4                HAL_UART_RxCpltCallback
 .text.Error_Handler
                0x0000000008010920        0xa ./Core/Src/main.o
                0x0000000008010920                Error_Handler
 *fill*         0x000000000801092a        0x2 
 .text.HAL_MspInit
                0x000000000801092c       0x50 ./Core/Src/stm32f4xx_hal_msp.o
                0x000000000801092c                HAL_MspInit
 .text.HAL_SPI_MspInit
                0x000000000801097c      0x104 ./Core/Src/stm32f4xx_hal_msp.o
                0x000000000801097c                HAL_SPI_MspInit
 .text.HAL_UART_MspInit
                0x0000000008010a80       0xf4 ./Core/Src/stm32f4xx_hal_msp.o
                0x0000000008010a80                HAL_UART_MspInit
 .text.NMI_Handler
                0x0000000008010b74        0x6 ./Core/Src/stm32f4xx_it.o
                0x0000000008010b74                NMI_Handler
 .text.HardFault_Handler
                0x0000000008010b7a        0x6 ./Core/Src/stm32f4xx_it.o
                0x0000000008010b7a                HardFault_Handler
 .text.MemManage_Handler
                0x0000000008010b80        0x6 ./Core/Src/stm32f4xx_it.o
                0x0000000008010b80                MemManage_Handler
 .text.BusFault_Handler
                0x0000000008010b86        0x6 ./Core/Src/stm32f4xx_it.o
                0x0000000008010b86                BusFault_Handler
 .text.UsageFault_Handler
                0x0000000008010b8c        0x6 ./Core/Src/stm32f4xx_it.o
                0x0000000008010b8c                UsageFault_Handler
 .text.SVC_Handler
                0x0000000008010b92        0xe ./Core/Src/stm32f4xx_it.o
                0x0000000008010b92                SVC_Handler
 .text.DebugMon_Handler
                0x0000000008010ba0        0xe ./Core/Src/stm32f4xx_it.o
                0x0000000008010ba0                DebugMon_Handler
 .text.PendSV_Handler
                0x0000000008010bae        0xe ./Core/Src/stm32f4xx_it.o
                0x0000000008010bae                PendSV_Handler
 .text.SysTick_Handler
                0x0000000008010bbc        0xc ./Core/Src/stm32f4xx_it.o
                0x0000000008010bbc                SysTick_Handler
 .text.DMA1_Stream5_IRQHandler
                0x0000000008010bc8       0x14 ./Core/Src/stm32f4xx_it.o
                0x0000000008010bc8                DMA1_Stream5_IRQHandler
 .text.SPI1_IRQHandler
                0x0000000008010bdc       0x14 ./Core/Src/stm32f4xx_it.o
                0x0000000008010bdc                SPI1_IRQHandler
 .text.DMA2_Stream3_IRQHandler
                0x0000000008010bf0       0x14 ./Core/Src/stm32f4xx_it.o
                0x0000000008010bf0                DMA2_Stream3_IRQHandler
 .text._sbrk    0x0000000008010c04       0x6c ./Core/Src/sysmem.o
                0x0000000008010c04                _sbrk
 .text.SystemInit
                0x0000000008010c70       0x24 ./Core/Src/system_stm32f4xx.o
                0x0000000008010c70                SystemInit
 .text.Reset_Handler
                0x0000000008010c94       0x50 ./Core/Startup/startup_stm32f407vgtx.o
                0x0000000008010c94                Reset_Handler
 .text.Default_Handler
                0x0000000008010ce4        0x2 ./Core/Startup/startup_stm32f407vgtx.o
                0x0000000008010ce4                RTC_Alarm_IRQHandler
                0x0000000008010ce4                HASH_RNG_IRQHandler
                0x0000000008010ce4                EXTI2_IRQHandler
                0x0000000008010ce4                TIM8_CC_IRQHandler
                0x0000000008010ce4                TIM1_CC_IRQHandler
                0x0000000008010ce4                DMA2_Stream5_IRQHandler
                0x0000000008010ce4                PVD_IRQHandler
                0x0000000008010ce4                SDIO_IRQHandler
                0x0000000008010ce4                TAMP_STAMP_IRQHandler
                0x0000000008010ce4                CAN2_RX1_IRQHandler
                0x0000000008010ce4                EXTI3_IRQHandler
                0x0000000008010ce4                TIM8_TRG_COM_TIM14_IRQHandler
                0x0000000008010ce4                TIM1_UP_TIM10_IRQHandler
                0x0000000008010ce4                TIM8_UP_TIM13_IRQHandler
                0x0000000008010ce4                I2C3_ER_IRQHandler
                0x0000000008010ce4                EXTI0_IRQHandler
                0x0000000008010ce4                I2C2_EV_IRQHandler
                0x0000000008010ce4                DMA1_Stream2_IRQHandler
                0x0000000008010ce4                CAN1_RX0_IRQHandler
                0x0000000008010ce4                FPU_IRQHandler
                0x0000000008010ce4                OTG_HS_WKUP_IRQHandler
                0x0000000008010ce4                CAN2_SCE_IRQHandler
                0x0000000008010ce4                DMA2_Stream2_IRQHandler
                0x0000000008010ce4                TIM6_DAC_IRQHandler
                0x0000000008010ce4                TIM1_BRK_TIM9_IRQHandler
                0x0000000008010ce4                DCMI_IRQHandler
                0x0000000008010ce4                CAN2_RX0_IRQHandler
                0x0000000008010ce4                USART6_IRQHandler
                0x0000000008010ce4                USART3_IRQHandler
                0x0000000008010ce4                CAN1_RX1_IRQHandler
                0x0000000008010ce4                UART5_IRQHandler
                0x0000000008010ce4                DMA2_Stream0_IRQHandler
                0x0000000008010ce4                TIM4_IRQHandler
                0x0000000008010ce4                I2C1_EV_IRQHandler
                0x0000000008010ce4                DMA1_Stream6_IRQHandler
                0x0000000008010ce4                DMA1_Stream1_IRQHandler
                0x0000000008010ce4                UART4_IRQHandler
                0x0000000008010ce4                TIM3_IRQHandler
                0x0000000008010ce4                RCC_IRQHandler
                0x0000000008010ce4                TIM8_BRK_TIM12_IRQHandler
                0x0000000008010ce4                Default_Handler
                0x0000000008010ce4                EXTI15_10_IRQHandler
                0x0000000008010ce4                ADC_IRQHandler
                0x0000000008010ce4                DMA1_Stream7_IRQHandler
                0x0000000008010ce4                TIM7_IRQHandler
                0x0000000008010ce4                CAN2_TX_IRQHandler
                0x0000000008010ce4                TIM5_IRQHandler
                0x0000000008010ce4                DMA2_Stream7_IRQHandler
                0x0000000008010ce4                I2C3_EV_IRQHandler
                0x0000000008010ce4                EXTI9_5_IRQHandler
                0x0000000008010ce4                RTC_WKUP_IRQHandler
                0x0000000008010ce4                ETH_WKUP_IRQHandler
                0x0000000008010ce4                SPI2_IRQHandler
                0x0000000008010ce4                OTG_HS_EP1_IN_IRQHandler
                0x0000000008010ce4                DMA1_Stream0_IRQHandler
                0x0000000008010ce4                CAN1_TX_IRQHandler
                0x0000000008010ce4                EXTI4_IRQHandler
                0x0000000008010ce4                FSMC_IRQHandler
                0x0000000008010ce4                ETH_IRQHandler
                0x0000000008010ce4                OTG_HS_EP1_OUT_IRQHandler
                0x0000000008010ce4                WWDG_IRQHandler
                0x0000000008010ce4                TIM2_IRQHandler
                0x0000000008010ce4                OTG_FS_WKUP_IRQHandler
                0x0000000008010ce4                TIM1_TRG_COM_TIM11_IRQHandler
                0x0000000008010ce4                OTG_HS_IRQHandler
                0x0000000008010ce4                EXTI1_IRQHandler
                0x0000000008010ce4                USART2_IRQHandler
                0x0000000008010ce4                I2C2_ER_IRQHandler
                0x0000000008010ce4                DMA2_Stream1_IRQHandler
                0x0000000008010ce4                CAN1_SCE_IRQHandler
                0x0000000008010ce4                FLASH_IRQHandler
                0x0000000008010ce4                DMA2_Stream4_IRQHandler
                0x0000000008010ce4                USART1_IRQHandler
                0x0000000008010ce4                OTG_FS_IRQHandler
                0x0000000008010ce4                SPI3_IRQHandler
                0x0000000008010ce4                DMA1_Stream4_IRQHandler
                0x0000000008010ce4                I2C1_ER_IRQHandler
                0x0000000008010ce4                DMA2_Stream6_IRQHandler
                0x0000000008010ce4                DMA1_Stream3_IRQHandler
 *fill*         0x0000000008010ce6        0x2 
 .text.HAL_Init
                0x0000000008010ce8       0x44 ./Drivers/STM32F4xx_HAL_Driver/Src/stm32f4xx_hal.o
                0x0000000008010ce8                HAL_Init
 .text.HAL_InitTick
                0x0000000008010d2c       0x60 ./Drivers/STM32F4xx_HAL_Driver/Src/stm32f4xx_hal.o
                0x0000000008010d2c                HAL_InitTick
 .text.HAL_IncTick
                0x0000000008010d8c       0x28 ./Drivers/STM32F4xx_HAL_Driver/Src/stm32f4xx_hal.o
                0x0000000008010d8c                HAL_IncTick
 .text.HAL_GetTick
                0x0000000008010db4       0x18 ./Drivers/STM32F4xx_HAL_Driver/Src/stm32f4xx_hal.o
                0x0000000008010db4                HAL_GetTick
 .text.HAL_Delay
                0x0000000008010dcc       0x48 ./Drivers/STM32F4xx_HAL_Driver/Src/stm32f4xx_hal.o
                0x0000000008010dcc                HAL_Delay
 .text.__NVIC_SetPriorityGrouping
                0x0000000008010e14       0x48 ./Drivers/STM32F4xx_HAL_Driver/Src/stm32f4xx_hal_cortex.o
 .text.__NVIC_GetPriorityGrouping
                0x0000000008010e5c       0x1c ./Drivers/STM32F4xx_HAL_Driver/Src/stm32f4xx_hal_cortex.o
 .text.__NVIC_EnableIRQ
                0x0000000008010e78       0x3c ./Drivers/STM32F4xx_HAL_Driver/Src/stm32f4xx_hal_cortex.o
 .text.__NVIC_SetPriority
                0x0000000008010eb4       0x54 ./Drivers/STM32F4xx_HAL_Driver/Src/stm32f4xx_hal_cortex.o
 .text.NVIC_EncodePriority
                0x0000000008010f08       0x66 ./Drivers/STM32F4xx_HAL_Driver/Src/stm32f4xx_hal_cortex.o
 *fill*         0x0000000008010f6e        0x2 
 .text.SysTick_Config
                0x0000000008010f70       0x44 ./Drivers/STM32F4xx_HAL_Driver/Src/stm32f4xx_hal_cortex.o
 .text.HAL_NVIC_SetPriorityGrouping
                0x0000000008010fb4       0x16 ./Drivers/STM32F4xx_HAL_Driver/Src/stm32f4xx_hal_cortex.o
                0x0000000008010fb4                HAL_NVIC_SetPriorityGrouping
 .text.HAL_NVIC_SetPriority
                0x0000000008010fca       0x38 ./Drivers/STM32F4xx_HAL_Driver/Src/stm32f4xx_hal_cortex.o
                0x0000000008010fca                HAL_NVIC_SetPriority
 .text.HAL_NVIC_EnableIRQ
                0x0000000008011002       0x1c ./Drivers/STM32F4xx_HAL_Driver/Src/stm32f4xx_hal_cortex.o
                0x0000000008011002                HAL_NVIC_EnableIRQ
 .text.HAL_SYSTICK_Config
                0x000000000801101e       0x18 ./Drivers/STM32F4xx_HAL_Driver/Src/stm32f4xx_hal_cortex.o
                0x000000000801101e                HAL_SYSTICK_Config
 *fill*         0x0000000008011036        0x2 
 .text.HAL_DMA_Init
                0x0000000008011038      0x15c ./Drivers/STM32F4xx_HAL_Driver/Src/stm32f4xx_hal_dma.o
                0x0000000008011038                HAL_DMA_Init
 .text.HAL_DMA_Start_IT
                0x0000000008011194       0xb0 ./Drivers/STM32F4xx_HAL_Driver/Src/stm32f4xx_hal_dma.o
                0x0000000008011194                HAL_DMA_Start_IT
 .text.HAL_DMA_Abort_IT
                0x0000000008011244       0x44 ./Drivers/STM32F4xx_HAL_Driver/Src/stm32f4xx_hal_dma.o
                0x0000000008011244                HAL_DMA_Abort_IT
 .text.HAL_DMA_IRQHandler
                0x0000000008011288      0x314 ./Drivers/STM32F4xx_HAL_Driver/Src/stm32f4xx_hal_dma.o
                0x0000000008011288                HAL_DMA_IRQHandler
 .text.DMA_SetConfig
                0x000000000801159c       0x5c ./Drivers/STM32F4xx_HAL_Driver/Src/stm32f4xx_hal_dma.o
 .text.DMA_CalcBaseAndBitshift
                0x00000000080115f8       0x6c ./Drivers/STM32F4xx_HAL_Driver/Src/stm32f4xx_hal_dma.o
 .text.DMA_CheckFifoParam
                0x0000000008011664       0xf8 ./Drivers/STM32F4xx_HAL_Driver/Src/stm32f4xx_hal_dma.o
 .text.HAL_FLASH_Program
                0x000000000801175c       0xa8 ./Drivers/STM32F4xx_HAL_Driver/Src/stm32f4xx_hal_flash.o
                0x000000000801175c                HAL_FLASH_Program
 .text.HAL_FLASH_Unlock
                0x0000000008011804       0x44 ./Drivers/STM32F4xx_HAL_Driver/Src/stm32f4xx_hal_flash.o
                0x0000000008011804                HAL_FLASH_Unlock
 .text.HAL_FLASH_Lock
                0x0000000008011848       0x20 ./Drivers/STM32F4xx_HAL_Driver/Src/stm32f4xx_hal_flash.o
                0x0000000008011848                HAL_FLASH_Lock
 .text.HAL_FLASH_GetError
                0x0000000008011868       0x18 ./Drivers/STM32F4xx_HAL_Driver/Src/stm32f4xx_hal_flash.o
                0x0000000008011868                HAL_FLASH_GetError
 .text.FLASH_WaitForLastOperation
                0x0000000008011880       0x80 ./Drivers/STM32F4xx_HAL_Driver/Src/stm32f4xx_hal_flash.o
                0x0000000008011880                FLASH_WaitForLastOperation
 .text.FLASH_Program_DoubleWord
                0x0000000008011900       0x64 ./Drivers/STM32F4xx_HAL_Driver/Src/stm32f4xx_hal_flash.o
 .text.FLASH_Program_Word
                0x0000000008011964       0x44 ./Drivers/STM32F4xx_HAL_Driver/Src/stm32f4xx_hal_flash.o
 .text.FLASH_Program_HalfWord
                0x00000000080119a8       0x48 ./Drivers/STM32F4xx_HAL_Driver/Src/stm32f4xx_hal_flash.o
 .text.FLASH_Program_Byte
                0x00000000080119f0       0x44 ./Drivers/STM32F4xx_HAL_Driver/Src/stm32f4xx_hal_flash.o
 .text.FLASH_SetErrorCode
                0x0000000008011a34       0xac ./Drivers/STM32F4xx_HAL_Driver/Src/stm32f4xx_hal_flash.o
 .text.HAL_FLASHEx_Erase
                0x0000000008011ae0       0xe0 ./Drivers/STM32F4xx_HAL_Driver/Src/stm32f4xx_hal_flash_ex.o
                0x0000000008011ae0                HAL_FLASHEx_Erase
 .text.FLASH_MassErase
                0x0000000008011bc0       0x48 ./Drivers/STM32F4xx_HAL_Driver/Src/stm32f4xx_hal_flash_ex.o
 .text.FLASH_Erase_Sector
                0x0000000008011c08       0x90 ./Drivers/STM32F4xx_HAL_Driver/Src/stm32f4xx_hal_flash_ex.o
                0x0000000008011c08                FLASH_Erase_Sector
 .text.FLASH_FlushCaches
                0x0000000008011c98       0x8c ./Drivers/STM32F4xx_HAL_Driver/Src/stm32f4xx_hal_flash_ex.o
                0x0000000008011c98                FLASH_FlushCaches
 .text.HAL_GPIO_Init
                0x0000000008011d24      0x338 ./Drivers/STM32F4xx_HAL_Driver/Src/stm32f4xx_hal_gpio.o
                0x0000000008011d24                HAL_GPIO_Init
 .text.HAL_GPIO_WritePin
                0x000000000801205c       0x32 ./Drivers/STM32F4xx_HAL_Driver/Src/stm32f4xx_hal_gpio.o
                0x000000000801205c                HAL_GPIO_WritePin
 *fill*         0x000000000801208e        0x2 
 .text.HAL_RCC_OscConfig
                0x0000000008012090      0x4f0 ./Drivers/STM32F4xx_HAL_Driver/Src/stm32f4xx_hal_rcc.o
                0x0000000008012090                HAL_RCC_OscConfig
 .text.HAL_RCC_ClockConfig
                0x0000000008012580      0x1cc ./Drivers/STM32F4xx_HAL_Driver/Src/stm32f4xx_hal_rcc.o
                0x0000000008012580                HAL_RCC_ClockConfig
 .text.HAL_RCC_GetSysClockFreq
                0x000000000801274c      0x1c4 ./Drivers/STM32F4xx_HAL_Driver/Src/stm32f4xx_hal_rcc.o
                0x000000000801274c                HAL_RCC_GetSysClockFreq
 .text.HAL_RCC_GetHCLKFreq
                0x0000000008012910       0x18 ./Drivers/STM32F4xx_HAL_Driver/Src/stm32f4xx_hal_rcc.o
                0x0000000008012910                HAL_RCC_GetHCLKFreq
 .text.HAL_RCC_GetPCLK1Freq
                0x0000000008012928       0x28 ./Drivers/STM32F4xx_HAL_Driver/Src/stm32f4xx_hal_rcc.o
                0x0000000008012928                HAL_RCC_GetPCLK1Freq
 .text.HAL_RCC_GetPCLK2Freq
                0x0000000008012950       0x28 ./Drivers/STM32F4xx_HAL_Driver/Src/stm32f4xx_hal_rcc.o
                0x0000000008012950                HAL_RCC_GetPCLK2Freq
 .text.HAL_SPI_Init
                0x0000000008012978      0x112 ./Drivers/STM32F4xx_HAL_Driver/Src/stm32f4xx_hal_spi.o
                0x0000000008012978                HAL_SPI_Init
 *fill*         0x0000000008012a8a        0x2 
 .text.HAL_SPI_IRQHandler
                0x0000000008012a8c      0x200 ./Drivers/STM32F4xx_HAL_Driver/Src/stm32f4xx_hal_spi.o
                0x0000000008012a8c                HAL_SPI_IRQHandler
 .text.HAL_SPI_ErrorCallback
                0x0000000008012c8c       0x14 ./Drivers/STM32F4xx_HAL_Driver/Src/stm32f4xx_hal_spi.o
                0x0000000008012c8c                HAL_SPI_ErrorCallback
 .text.SPI_DMAAbortOnError
                0x0000000008012ca0       0x28 ./Drivers/STM32F4xx_HAL_Driver/Src/stm32f4xx_hal_spi.o
 .text.HAL_UART_Init
                0x0000000008012cc8       0x9a ./Drivers/STM32F4xx_HAL_Driver/Src/stm32f4xx_hal_uart.o
                0x0000000008012cc8                HAL_UART_Init
 .text.HAL_UART_Transmit
                0x0000000008012d62      0x124 ./Drivers/STM32F4xx_HAL_Driver/Src/stm32f4xx_hal_uart.o
                0x0000000008012d62                HAL_UART_Transmit
 .text.HAL_UART_Receive_DMA
                0x0000000008012e86       0x60 ./Drivers/STM32F4xx_HAL_Driver/Src/stm32f4xx_hal_uart.o
                0x0000000008012e86                HAL_UART_Receive_DMA
 .text.HAL_UART_RxHalfCpltCallback
                0x0000000008012ee6       0x14 ./Drivers/STM32F4xx_HAL_Driver/Src/stm32f4xx_hal_uart.o
                0x0000000008012ee6                HAL_UART_RxHalfCpltCallback
 .text.HAL_UART_ErrorCallback
                0x0000000008012efa       0x14 ./Drivers/STM32F4xx_HAL_Driver/Src/stm32f4xx_hal_uart.o
                0x0000000008012efa                HAL_UART_ErrorCallback
 .text.HAL_UARTEx_RxEventCallback
                0x0000000008012f0e       0x18 ./Drivers/STM32F4xx_HAL_Driver/Src/stm32f4xx_hal_uart.o
                0x0000000008012f0e                HAL_UARTEx_RxEventCallback
 .text.UART_DMAReceiveCplt
                0x0000000008012f26       0x96 ./Drivers/STM32F4xx_HAL_Driver/Src/stm32f4xx_hal_uart.o
 .text.UART_DMARxHalfCplt
                0x0000000008012fbc       0x36 ./Drivers/STM32F4xx_HAL_Driver/Src/stm32f4xx_hal_uart.o
 .text.UART_DMAError
                0x0000000008012ff2       0x94 ./Drivers/STM32F4xx_HAL_Driver/Src/stm32f4xx_hal_uart.o
 .text.UART_WaitOnFlagUntilTimeout
                0x0000000008013086       0x94 ./Drivers/STM32F4xx_HAL_Driver/Src/stm32f4xx_hal_uart.o
 *fill*         0x000000000801311a        0x2 
 .text.UART_Start_Receive_DMA
                0x000000000801311c       0xc8 ./Drivers/STM32F4xx_HAL_Driver/Src/stm32f4xx_hal_uart.o
                0x000000000801311c                UART_Start_Receive_DMA
 .text.UART_EndTxTransfer
                0x00000000080131e4       0x2c ./Drivers/STM32F4xx_HAL_Driver/Src/stm32f4xx_hal_uart.o
 .text.UART_EndRxTransfer
                0x0000000008013210       0x5a ./Drivers/STM32F4xx_HAL_Driver/Src/stm32f4xx_hal_uart.o
 *fill*         0x000000000801326a        0x2 
 .text.UART_SetConfig
                0x000000000801326c      0x390 ./Drivers/STM32F4xx_HAL_Driver/Src/stm32f4xx_hal_uart.o
 .text.UART_rbInit
                0x00000000080135fc       0x28 G:/github/public/stm32_bootloader_library/f407_led_demo/utils/libSTM32F407.elf(lib_debug.o)
                0x00000000080135fc                UART_rbInit
 .text.printChar
                0x0000000008013624       0x20 G:/github/public/stm32_bootloader_library/f407_led_demo/utils/libSTM32F407.elf(lib_debug.o)
 .text.UART_rxIntrWrite
                0x0000000008013644       0x20 G:/github/public/stm32_bootloader_library/f407_led_demo/utils/libSTM32F407.elf(lib_debug.o)
                0x0000000008013644                UART_rxIntrWrite
 .text.serial_available
                0x0000000008013664       0x14 G:/github/public/stm32_bootloader_library/f407_led_demo/utils/libSTM32F407.elf(lib_debug.o)
                0x0000000008013664                serial_available
 .text.serial_read
                0x0000000008013678       0x20 G:/github/public/stm32_bootloader_library/f407_led_demo/utils/libSTM32F407.elf(lib_debug.o)
                0x0000000008013678                serial_read
 .text.printString
                0x0000000008013698       0x2a G:/github/public/stm32_bootloader_library/f407_led_demo/utils/libSTM32F407.elf(lib_debug.o)
 .text.printNumber
                0x00000000080136c2       0xd2 G:/github/public/stm32_bootloader_library/f407_led_demo/utils/libSTM32F407.elf(lib_debug.o)
 .text.print_argList
                0x0000000008013794      0x284 G:/github/public/stm32_bootloader_library/f407_led_demo/utils/libSTM32F407.elf(lib_debug.o)
 .text.UART_printf
                0x0000000008013a18       0x24 G:/github/public/stm32_bootloader_library/f407_led_demo/utils/libSTM32F407.elf(lib_debug.o)
                0x0000000008013a18                UART_printf
 .text.print_serial
                0x0000000008013a3c       0x78 G:/github/public/stm32_bootloader_library/f407_led_demo/utils/libSTM32F407.elf(lib_debug.o)
                0x0000000008013a3c                print_serial
 .text.print_setLogLevel
                0x0000000008013ab4       0x48 G:/github/public/stm32_bootloader_library/f407_led_demo/utils/libSTM32F407.elf(lib_debug.o)
                0x0000000008013ab4                print_setLogLevel
 .text.print_sync
                0x0000000008013afc       0x78 G:/github/public/stm32_bootloader_library/f407_led_demo/utils/libSTM32F407.elf(lib_debug.o)
                0x0000000008013afc                print_sync
 .text.RB_init  0x0000000008013b74       0x72 G:/github/public/stm32_bootloader_library/f407_led_demo/utils/libSTM32F407.elf(lib_ringbuffer.o)
                0x0000000008013b74                RB_init
 .text.RB_available
                0x0000000008013be6       0x38 G:/github/public/stm32_bootloader_library/f407_led_demo/utils/libSTM32F407.elf(lib_ringbuffer.o)
                0x0000000008013be6                RB_available
 .text.RB_write
                0x0000000008013c1e       0x90 G:/github/public/stm32_bootloader_library/f407_led_demo/utils/libSTM32F407.elf(lib_ringbuffer.o)
                0x0000000008013c1e                RB_write
 .text.RB_read  0x0000000008013cae       0x88 G:/github/public/stm32_bootloader_library/f407_led_demo/utils/libSTM32F407.elf(lib_ringbuffer.o)
                0x0000000008013cae                RB_read
 *fill*         0x0000000008013d36        0x2 
 .text.__NVIC_SystemReset
                0x0000000008013d38       0x2c G:/github/public/stm32_bootloader_library/f407_led_demo/utils/libSTM32F407.elf(lib_system.o)
 .text.SYSTEM_init
                0x0000000008013d64       0x48 G:/github/public/stm32_bootloader_library/f407_led_demo/utils/libSTM32F407.elf(lib_system.o)
                0x0000000008013d64                SYSTEM_init
 .text.SYSTEM_startFirmwareUpdate
                0x0000000008013dac       0x38 G:/github/public/stm32_bootloader_library/f407_led_demo/utils/libSTM32F407.elf(lib_system.o)
                0x0000000008013dac                SYSTEM_startFirmwareUpdate
 .text.SYSTEM_sync
                0x0000000008013de4       0xcc G:/github/public/stm32_bootloader_library/f407_led_demo/utils/libSTM32F407.elf(lib_system.o)
                0x0000000008013de4                SYSTEM_sync
 .text.SYSTEM_getmode
                0x0000000008013eb0       0x18 G:/github/public/stm32_bootloader_library/f407_led_demo/utils/libSTM32F407.elf(lib_system.o)
                0x0000000008013eb0                SYSTEM_getmode
 .text.SYSTEM_restart
                0x0000000008013ec8       0x2c G:/github/public/stm32_bootloader_library/f407_led_demo/utils/libSTM32F407.elf(lib_system.o)
                0x0000000008013ec8                SYSTEM_restart
 .text.FLASH_erase
                0x0000000008013ef4       0xd0 G:/github/public/stm32_bootloader_library/f407_led_demo/utils/libSTM32F407.elf(lib_flash.o)
                0x0000000008013ef4                FLASH_erase
 .text.FLASH_getPartitionString
                0x0000000008013fc4       0x34 G:/github/public/stm32_bootloader_library/f407_led_demo/utils/libSTM32F407.elf(lib_flash.o)
                0x0000000008013fc4                FLASH_getPartitionString
 .text.FLASH_getPartitionAddress
                0x0000000008013ff8       0x3c G:/github/public/stm32_bootloader_library/f407_led_demo/utils/libSTM32F407.elf(lib_flash.o)
                0x0000000008013ff8                FLASH_getPartitionAddress
 .text.FLASH_getSectorIndex
                0x0000000008014034       0x3c G:/github/public/stm32_bootloader_library/f407_led_demo/utils/libSTM32F407.elf(lib_flash.o)
                0x0000000008014034                FLASH_getSectorIndex
 .text.FLASH_getNumOfSectors
                0x0000000008014070       0x3c G:/github/public/stm32_bootloader_library/f407_led_demo/utils/libSTM32F407.elf(lib_flash.o)
                0x0000000008014070                FLASH_getNumOfSectors
 .text.FLASH_getStoredCrc
                0x00000000080140ac       0x5e G:/github/public/stm32_bootloader_library/f407_led_demo/utils/libSTM32F407.elf(lib_flash.o)
                0x00000000080140ac                FLASH_getStoredCrc
 .text.FLASH_calculateAppCrc
                0x000000000801410a       0x58 G:/github/public/stm32_bootloader_library/f407_led_demo/utils/libSTM32F407.elf(lib_flash.o)
                0x000000000801410a                FLASH_calculateAppCrc
 *fill*         0x0000000008014162        0x2 
 .text.flash_readConfig
                0x0000000008014164       0x5c G:/github/public/stm32_bootloader_library/f407_led_demo/utils/libSTM32F407.elf(lib_flash.o)
 .text.FLASH_saveConfig
                0x00000000080141c0       0xb0 G:/github/public/stm32_bootloader_library/f407_led_demo/utils/libSTM32F407.elf(lib_flash.o)
                0x00000000080141c0                FLASH_saveConfig
 .text.FLASH_getConfig
                0x0000000008014270       0x50 G:/github/public/stm32_bootloader_library/f407_led_demo/utils/libSTM32F407.elf(lib_flash.o)
                0x0000000008014270                FLASH_getConfig
 .text.FLASH_updateConfig
                0x00000000080142c0       0x34 G:/github/public/stm32_bootloader_library/f407_led_demo/utils/libSTM32F407.elf(lib_flash.o)
                0x00000000080142c0                FLASH_updateConfig
 .text.flash_loadDefaultConfig
                0x00000000080142f4       0x30 G:/github/public/stm32_bootloader_library/f407_led_demo/utils/libSTM32F407.elf(lib_flash.o)
 .text.FLASH_init
                0x0000000008014324        0xc G:/github/public/stm32_bootloader_library/f407_led_demo/utils/libSTM32F407.elf(lib_flash.o)
                0x0000000008014324                FLASH_init
 .text.FLASH_sync
                0x0000000008014330       0x30 G:/github/public/stm32_bootloader_library/f407_led_demo/utils/libSTM32F407.elf(lib_flash.o)
                0x0000000008014330                FLASH_sync
 .text.MENU_sync
                0x0000000008014360       0xd0 G:/github/public/stm32_bootloader_library/f407_led_demo/utils/libSTM32F407.elf(lib_menu.o)
                0x0000000008014360                MENU_sync
 .text.menu_printHeader
                0x0000000008014430       0x2c G:/github/public/stm32_bootloader_library/f407_led_demo/utils/libSTM32F407.elf(lib_menu.o)
 .text.menu_printFooterWithOptions
                0x000000000801445c       0x18 G:/github/public/stm32_bootloader_library/f407_led_demo/utils/libSTM32F407.elf(lib_menu.o)
 .text.menu_printFooter
                0x0000000008014474       0x14 G:/github/public/stm32_bootloader_library/f407_led_demo/utils/libSTM32F407.elf(lib_menu.o)
 .text.menu_printInputMenu
                0x0000000008014488       0x70 G:/github/public/stm32_bootloader_library/f407_led_demo/utils/libSTM32F407.elf(lib_menu.o)
 .text.menu_setLogLevel
                0x00000000080144f8       0x4c G:/github/public/stm32_bootloader_library/f407_led_demo/utils/libSTM32F407.elf(lib_menu.o)
 .text.menu_printCurrentMenu
                0x0000000008014544       0x3c G:/github/public/stm32_bootloader_library/f407_led_demo/utils/libSTM32F407.elf(lib_menu.o)
 .text.menu_processInput
                0x0000000008014580       0xd0 G:/github/public/stm32_bootloader_library/f407_led_demo/utils/libSTM32F407.elf(lib_menu.o)
 .text.menu_processMainMenu
                0x0000000008014650       0x5a G:/github/public/stm32_bootloader_library/f407_led_demo/utils/libSTM32F407.elf(lib_menu.o)
 *fill*         0x00000000080146aa        0x2 
 .text.menu_ota
                0x00000000080146ac       0x60 G:/github/public/stm32_bootloader_library/f407_led_demo/utils/libSTM32F407.elf(lib_menu.o)
 .text.menu_switch
                0x000000000801470c       0x20 G:/github/public/stm32_bootloader_library/f407_led_demo/utils/libSTM32F407.elf(lib_menu.o)
 .text.MENU_printDeviceInfo
                0x000000000801472c       0x48 G:/github/public/stm32_bootloader_library/f407_led_demo/utils/libSTM32F407.elf(lib_menu.o)
                0x000000000801472c                MENU_printDeviceInfo
 .text.OTA_init
                0x0000000008014774       0x18 G:/github/public/stm32_bootloader_library/f407_led_demo/utils/libSTM32F407.elf(lib_ota.o)
                0x0000000008014774                OTA_init
 .text.ota_packetAvaialable
                0x000000000801478c       0x14 G:/github/public/stm32_bootloader_library/f407_led_demo/utils/libSTM32F407.elf(lib_ota.o)
 .text.ota_packetRead
                0x00000000080147a0       0x20 G:/github/public/stm32_bootloader_library/f407_led_demo/utils/libSTM32F407.elf(lib_ota.o)
 .text.ota_packetWrite
                0x00000000080147c0       0x20 G:/github/public/stm32_bootloader_library/f407_led_demo/utils/libSTM32F407.elf(lib_ota.o)
 .text.OTA_getOtaReqType
                0x00000000080147e0       0x18 G:/github/public/stm32_bootloader_library/f407_led_demo/utils/libSTM32F407.elf(lib_ota.o)
                0x00000000080147e0                OTA_getOtaReqType
 .text.OTA_start
                0x00000000080147f8       0xbc G:/github/public/stm32_bootloader_library/f407_led_demo/utils/libSTM32F407.elf(lib_ota.o)
                0x00000000080147f8                OTA_start
 .text.OTA_getFirmwarePackets
                0x00000000080148b4      0x278 G:/github/public/stm32_bootloader_library/f407_led_demo/utils/libSTM32F407.elf(lib_ota.o)
                0x00000000080148b4                OTA_getFirmwarePackets
 .text.OTA_saveStatus
                0x0000000008014b2c       0x20 G:/github/public/stm32_bootloader_library/f407_led_demo/utils/libSTM32F407.elf(lib_ota.o)
                0x0000000008014b2c                OTA_saveStatus
 .text.OTA_sync
                0x0000000008014b4c      0x314 G:/github/public/stm32_bootloader_library/f407_led_demo/utils/libSTM32F407.elf(lib_ota.o)
                0x0000000008014b4c                OTA_sync
 .text.util_getCrc32OnFly
                0x0000000008014e60       0x5c G:/github/public/stm32_bootloader_library/f407_led_demo/utils/libSTM32F407.elf(stdutils.o)
                0x0000000008014e60                util_getCrc32OnFly
 .text.delay    0x0000000008014ebc       0x2c G:/github/public/stm32_bootloader_library/f407_led_demo/utils/libSTM32F407.elf(lib_delay.o)
                0x0000000008014ebc                delay
 .text.__errno  0x0000000008014ee8        0xc c:/st/stm32cubeide_1.6.1/stm32cubeide/plugins/com.st.stm32cube.ide.mcu.externaltools.gnu-tools-for-stm32.9-2020-q2-update.win32_2.0.0.202105311346/tools/bin/../lib/gcc/arm-none-eabi/9.3.1/../../../../arm-none-eabi/lib/thumb/v7e-m+fp/hard\libc_nano.a(lib_a-errno.o)
                0x0000000008014ee8                __errno
 .text.__libc_init_array
                0x0000000008014ef4       0x48 c:/st/stm32cubeide_1.6.1/stm32cubeide/plugins/com.st.stm32cube.ide.mcu.externaltools.gnu-tools-for-stm32.9-2020-q2-update.win32_2.0.0.202105311346/tools/bin/../lib/gcc/arm-none-eabi/9.3.1/../../../../arm-none-eabi/lib/thumb/v7e-m+fp/hard\libc_nano.a(lib_a-init.o)
                0x0000000008014ef4                __libc_init_array
 .text.malloc   0x0000000008014f3c       0x10 c:/st/stm32cubeide_1.6.1/stm32cubeide/plugins/com.st.stm32cube.ide.mcu.externaltools.gnu-tools-for-stm32.9-2020-q2-update.win32_2.0.0.202105311346/tools/bin/../lib/gcc/arm-none-eabi/9.3.1/../../../../arm-none-eabi/lib/thumb/v7e-m+fp/hard\libc_nano.a(lib_a-malloc.o)
                0x0000000008014f3c                malloc
 .text.memcpy   0x0000000008014f4c       0x1c c:/st/stm32cubeide_1.6.1/stm32cubeide/plugins/com.st.stm32cube.ide.mcu.externaltools.gnu-tools-for-stm32.9-2020-q2-update.win32_2.0.0.202105311346/tools/bin/../lib/gcc/arm-none-eabi/9.3.1/../../../../arm-none-eabi/lib/thumb/v7e-m+fp/hard\libc_nano.a(lib_a-memcpy-stub.o)
                0x0000000008014f4c                memcpy
 .text.memset   0x0000000008014f68       0x10 c:/st/stm32cubeide_1.6.1/stm32cubeide/plugins/com.st.stm32cube.ide.mcu.externaltools.gnu-tools-for-stm32.9-2020-q2-update.win32_2.0.0.202105311346/tools/bin/../lib/gcc/arm-none-eabi/9.3.1/../../../../arm-none-eabi/lib/thumb/v7e-m+fp/hard\libc_nano.a(lib_a-memset.o)
                0x0000000008014f68                memset
 .text._malloc_r
                0x0000000008014f78       0xb4 c:/st/stm32cubeide_1.6.1/stm32cubeide/plugins/com.st.stm32cube.ide.mcu.externaltools.gnu-tools-for-stm32.9-2020-q2-update.win32_2.0.0.202105311346/tools/bin/../lib/gcc/arm-none-eabi/9.3.1/../../../../arm-none-eabi/lib/thumb/v7e-m+fp/hard\libc_nano.a(lib_a-nano-mallocr.o)
                0x0000000008014f78                _malloc_r
 .text._sbrk_r  0x000000000801502c       0x20 c:/st/stm32cubeide_1.6.1/stm32cubeide/plugins/com.st.stm32cube.ide.mcu.externaltools.gnu-tools-for-stm32.9-2020-q2-update.win32_2.0.0.202105311346/tools/bin/../lib/gcc/arm-none-eabi/9.3.1/../../../../arm-none-eabi/lib/thumb/v7e-m+fp/hard\libc_nano.a(lib_a-sbrkr.o)
                0x000000000801502c                _sbrk_r
 .text.__malloc_lock
                0x000000000801504c        0xc c:/st/stm32cubeide_1.6.1/stm32cubeide/plugins/com.st.stm32cube.ide.mcu.externaltools.gnu-tools-for-stm32.9-2020-q2-update.win32_2.0.0.202105311346/tools/bin/../lib/gcc/arm-none-eabi/9.3.1/../../../../arm-none-eabi/lib/thumb/v7e-m+fp/hard\libc_nano.a(lib_a-mlock.o)
                0x000000000801504c                __malloc_lock
 .text.__malloc_unlock
                0x0000000008015058        0xc c:/st/stm32cubeide_1.6.1/stm32cubeide/plugins/com.st.stm32cube.ide.mcu.externaltools.gnu-tools-for-stm32.9-2020-q2-update.win32_2.0.0.202105311346/tools/bin/../lib/gcc/arm-none-eabi/9.3.1/../../../../arm-none-eabi/lib/thumb/v7e-m+fp/hard\libc_nano.a(lib_a-mlock.o)
                0x0000000008015058                __malloc_unlock
 .text.__retarget_lock_acquire_recursive
                0x0000000008015064        0x2 c:/st/stm32cubeide_1.6.1/stm32cubeide/plugins/com.st.stm32cube.ide.mcu.externaltools.gnu-tools-for-stm32.9-2020-q2-update.win32_2.0.0.202105311346/tools/bin/../lib/gcc/arm-none-eabi/9.3.1/../../../../arm-none-eabi/lib/thumb/v7e-m+fp/hard\libc_nano.a(lib_a-lock.o)
                0x0000000008015064                __retarget_lock_acquire_recursive
 .text.__retarget_lock_release_recursive
                0x0000000008015066        0x2 c:/st/stm32cubeide_1.6.1/stm32cubeide/plugins/com.st.stm32cube.ide.mcu.externaltools.gnu-tools-for-stm32.9-2020-q2-update.win32_2.0.0.202105311346/tools/bin/../lib/gcc/arm-none-eabi/9.3.1/../../../../arm-none-eabi/lib/thumb/v7e-m+fp/hard\libc_nano.a(lib_a-lock.o)
                0x0000000008015066                __retarget_lock_release_recursive
 *(.glue_7)
 .glue_7        0x0000000008015068        0x0 linker stubs
 *(.glue_7t)
 .glue_7t       0x0000000008015068        0x0 linker stubs
 *(.eh_frame)
 .eh_frame      0x0000000008015068        0x0 c:/st/stm32cubeide_1.6.1/stm32cubeide/plugins/com.st.stm32cube.ide.mcu.externaltools.gnu-tools-for-stm32.9-2020-q2-update.win32_2.0.0.202105311346/tools/bin/../lib/gcc/arm-none-eabi/9.3.1/thumb/v7e-m+fp/hard/crtbegin.o
 *(.init)
 .init          0x0000000008015068        0x4 c:/st/stm32cubeide_1.6.1/stm32cubeide/plugins/com.st.stm32cube.ide.mcu.externaltools.gnu-tools-for-stm32.9-2020-q2-update.win32_2.0.0.202105311346/tools/bin/../lib/gcc/arm-none-eabi/9.3.1/thumb/v7e-m+fp/hard/crti.o
                0x0000000008015068                _init
 .init          0x000000000801506c        0x8 c:/st/stm32cubeide_1.6.1/stm32cubeide/plugins/com.st.stm32cube.ide.mcu.externaltools.gnu-tools-for-stm32.9-2020-q2-update.win32_2.0.0.202105311346/tools/bin/../lib/gcc/arm-none-eabi/9.3.1/thumb/v7e-m+fp/hard/crtn.o
 *(.fini)
 .fini          0x0000000008015074        0x4 c:/st/stm32cubeide_1.6.1/stm32cubeide/plugins/com.st.stm32cube.ide.mcu.externaltools.gnu-tools-for-stm32.9-2020-q2-update.win32_2.0.0.202105311346/tools/bin/../lib/gcc/arm-none-eabi/9.3.1/thumb/v7e-m+fp/hard/crti.o
                0x0000000008015074                _fini
 .fini          0x0000000008015078        0x8 c:/st/stm32cubeide_1.6.1/stm32cubeide/plugins/com.st.stm32cube.ide.mcu.externaltools.gnu-tools-for-stm32.9-2020-q2-update.win32_2.0.0.202105311346/tools/bin/../lib/gcc/arm-none-eabi/9.3.1/thumb/v7e-m+fp/hard/crtn.o
                0x0000000008015080                . = ALIGN (0x4)
                0x0000000008015080                _etext = .

.vfp11_veneer   0x0000000008015080        0x0
 .vfp11_veneer  0x0000000008015080        0x0 linker stubs

.v4_bx          0x0000000008015080        0x0
 .v4_bx         0x0000000008015080        0x0 linker stubs

.iplt           0x0000000008015080        0x0
 .iplt          0x0000000008015080        0x0 c:/st/stm32cubeide_1.6.1/stm32cubeide/plugins/com.st.stm32cube.ide.mcu.externaltools.gnu-tools-for-stm32.9-2020-q2-update.win32_2.0.0.202105311346/tools/bin/../lib/gcc/arm-none-eabi/9.3.1/thumb/v7e-m+fp/hard/crtbegin.o

.rodata         0x0000000008015080      0x9d4
                0x0000000008015080                . = ALIGN (0x4)
 *(.rodata)
 .rodata        0x0000000008015080       0x1a ./Core/Src/main.o
 *fill*         0x000000000801509a        0x2 
 .rodata        0x000000000801509c        0x8 G:/github/public/stm32_bootloader_library/f407_led_demo/utils/libSTM32F407.elf(lib_debug.o)
 .rodata        0x00000000080150a4       0x4c G:/github/public/stm32_bootloader_library/f407_led_demo/utils/libSTM32F407.elf(lib_system.o)
 .rodata        0x00000000080150f0       0x80 G:/github/public/stm32_bootloader_library/f407_led_demo/utils/libSTM32F407.elf(lib_flash.o)
 .rodata        0x0000000008015170      0x1e4 G:/github/public/stm32_bootloader_library/f407_led_demo/utils/libSTM32F407.elf(lib_menu.o)
 .rodata        0x0000000008015354      0x204 G:/github/public/stm32_bootloader_library/f407_led_demo/utils/libSTM32F407.elf(lib_ota.o)
 *(.rodata*)
 .rodata.AHBPrescTable
                0x0000000008015558       0x10 ./Core/Src/system_stm32f4xx.o
                0x0000000008015558                AHBPrescTable
 .rodata.APBPrescTable
                0x0000000008015568        0x8 ./Core/Src/system_stm32f4xx.o
                0x0000000008015568                APBPrescTable
 .rodata.flagBitshiftOffset.7907
                0x0000000008015570        0x8 ./Drivers/STM32F4xx_HAL_Driver/Src/stm32f4xx_hal_dma.o
 .rodata.__func__.7862
                0x0000000008015578       0x1b G:/github/public/stm32_bootloader_library/f407_led_demo/utils/libSTM32F407.elf(lib_system.o)
 *fill*         0x0000000008015593        0x1 
 .rodata.__func__.7866
                0x0000000008015594        0xc G:/github/public/stm32_bootloader_library/f407_led_demo/utils/libSTM32F407.elf(lib_system.o)
 .rodata.c_PartitionMappingTable
                0x00000000080155a0       0x60 G:/github/public/stm32_bootloader_library/f407_led_demo/utils/libSTM32F407.elf(lib_flash.o)
                0x00000000080155a0                c_PartitionMappingTable
 .rodata.__func__.9090
                0x0000000008015600        0xc G:/github/public/stm32_bootloader_library/f407_led_demo/utils/libSTM32F407.elf(lib_flash.o)
 .rodata.__func__.9161
                0x000000000801560c       0x11 G:/github/public/stm32_bootloader_library/f407_led_demo/utils/libSTM32F407.elf(lib_flash.o)
 *fill*         0x000000000801561d        0x3 
 .rodata.c_LogMappingTable_string
                0x0000000008015620        0x4 G:/github/public/stm32_bootloader_library/f407_led_demo/utils/libSTM32F407.elf(lib_menu.o)
 .rodata.__func__.9139
                0x0000000008015624        0xa G:/github/public/stm32_bootloader_library/f407_led_demo/utils/libSTM32F407.elf(lib_ota.o)
 *fill*         0x000000000801562e        0x2 
 .rodata.__func__.9151
                0x0000000008015630       0x17 G:/github/public/stm32_bootloader_library/f407_led_demo/utils/libSTM32F407.elf(lib_ota.o)
 *fill*         0x0000000008015647        0x1 
 .rodata.__func__.9166
                0x0000000008015648        0x9 G:/github/public/stm32_bootloader_library/f407_led_demo/utils/libSTM32F407.elf(lib_ota.o)
 *fill*         0x0000000008015651        0x3 
 .rodata.crc32_table
                0x0000000008015654      0x400 G:/github/public/stm32_bootloader_library/f407_led_demo/utils/libSTM32F407.elf(stdutils.o)
                0x0000000008015a54                . = ALIGN (0x4)

.ARM.extab      0x0000000008015a54        0x0
                0x0000000008015a54                . = ALIGN (0x4)
 *(.ARM.extab* .gnu.linkonce.armextab.*)
                0x0000000008015a54                . = ALIGN (0x4)

.ARM            0x0000000008015a54        0x8
                0x0000000008015a54                . = ALIGN (0x4)
                0x0000000008015a54                __exidx_start = .
 *(.ARM.exidx*)
 .ARM.exidx     0x0000000008015a54        0x8 c:/st/stm32cubeide_1.6.1/stm32cubeide/plugins/com.st.stm32cube.ide.mcu.externaltools.gnu-tools-for-stm32.9-2020-q2-update.win32_2.0.0.202105311346/tools/bin/../lib/gcc/arm-none-eabi/9.3.1/thumb/v7e-m+fp/hard\libgcc.a(_udivmoddi4.o)
                0x0000000008015a5c                __exidx_end = .
                0x0000000008015a5c                . = ALIGN (0x4)

.rel.dyn        0x0000000008015a5c        0x0
 .rel.iplt      0x0000000008015a5c        0x0 c:/st/stm32cubeide_1.6.1/stm32cubeide/plugins/com.st.stm32cube.ide.mcu.externaltools.gnu-tools-for-stm32.9-2020-q2-update.win32_2.0.0.202105311346/tools/bin/../lib/gcc/arm-none-eabi/9.3.1/thumb/v7e-m+fp/hard/crtbegin.o

.preinit_array  0x0000000008015a5c        0x0
                0x0000000008015a5c                . = ALIGN (0x4)
                0x0000000008015a5c                PROVIDE (__preinit_array_start = .)
 *(.preinit_array*)
                0x0000000008015a5c                PROVIDE (__preinit_array_end = .)
                0x0000000008015a5c                . = ALIGN (0x4)

.init_array     0x0000000008015a5c        0x4
                0x0000000008015a5c                . = ALIGN (0x4)
                0x0000000008015a5c                PROVIDE (__init_array_start = .)
 *(SORT_BY_NAME(.init_array.*))
 *(.init_array*)
 .init_array    0x0000000008015a5c        0x4 c:/st/stm32cubeide_1.6.1/stm32cubeide/plugins/com.st.stm32cube.ide.mcu.externaltools.gnu-tools-for-stm32.9-2020-q2-update.win32_2.0.0.202105311346/tools/bin/../lib/gcc/arm-none-eabi/9.3.1/thumb/v7e-m+fp/hard/crtbegin.o
                0x0000000008015a60                PROVIDE (__init_array_end = .)
                0x0000000008015a60                . = ALIGN (0x4)

.fini_array     0x0000000008015a60        0x4
                0x0000000008015a60                . = ALIGN (0x4)
                [!provide]                        PROVIDE (__fini_array_start = .)
 *(SORT_BY_NAME(.fini_array.*))
 *(.fini_array*)
 .fini_array    0x0000000008015a60        0x4 c:/st/stm32cubeide_1.6.1/stm32cubeide/plugins/com.st.stm32cube.ide.mcu.externaltools.gnu-tools-for-stm32.9-2020-q2-update.win32_2.0.0.202105311346/tools/bin/../lib/gcc/arm-none-eabi/9.3.1/thumb/v7e-m+fp/hard/crtbegin.o
                [!provide]                        PROVIDE (__fini_array_end = .)
                0x0000000008015a64                . = ALIGN (0x4)
                0x0000000008015a64                _sidata = LOADADDR (.data)

.data           0x0000000020000000       0xbc load address 0x0000000008015a64
                0x0000000020000000                . = ALIGN (0x4)
                0x0000000020000000                _sdata = .
 *(.data)
 *(.data*)
 .data.pinState.7967
                0x0000000020000000        0x1 ./Core/Src/main.o
 *fill*         0x0000000020000001        0x3 
 .data.SystemCoreClock
                0x0000000020000004        0x4 ./Core/Src/system_stm32f4xx.o
                0x0000000020000004                SystemCoreClock
 .data.uwTickPrio
                0x0000000020000008        0x4 ./Drivers/STM32F4xx_HAL_Driver/Src/stm32f4xx_hal.o
                0x0000000020000008                uwTickPrio
 .data.uwTickFreq
                0x000000002000000c        0x1 ./Drivers/STM32F4xx_HAL_Driver/Src/stm32f4xx_hal.o
                0x000000002000000c                uwTickFreq
 .data.LoggingEnabled_b8
                0x000000002000000d        0x1 G:/github/public/stm32_bootloader_library/f407_led_demo/utils/libSTM32F407.elf(lib_debug.o)
                0x000000002000000d                LoggingEnabled_b8
 *fill*         0x000000002000000e        0x2 
 .data.LogLevelTable_a8
                0x0000000020000010        0x5 G:/github/public/stm32_bootloader_library/f407_led_demo/utils/libSTM32F407.elf(lib_debug.o)
                0x0000000020000010                LogLevelTable_a8
 .data.GlobalLogLevel_u8
                0x0000000020000015        0x1 G:/github/public/stm32_bootloader_library/f407_led_demo/utils/libSTM32F407.elf(lib_debug.o)
                0x0000000020000015                GlobalLogLevel_u8
 .data.e_DeviceState
                0x0000000020000016        0x1 G:/github/public/stm32_bootloader_library/f407_led_demo/utils/libSTM32F407.elf(lib_system.o)
 *fill*         0x0000000020000017        0x1 
 .data.MainMenuOptions_string
                0x0000000020000018       0x1c G:/github/public/stm32_bootloader_library/f407_led_demo/utils/libSTM32F407.elf(lib_menu.o)
                0x0000000020000018                MainMenuOptions_string
 .data.OtaMenuOptions_string
                0x0000000020000034        0xc G:/github/public/stm32_bootloader_library/f407_led_demo/utils/libSTM32F407.elf(lib_menu.o)
                0x0000000020000034                OtaMenuOptions_string
 .data.OtaTimeout_32
                0x0000000020000040        0x4 G:/github/public/stm32_bootloader_library/f407_led_demo/utils/libSTM32F407.elf(lib_ota.o)
 .data.c_FirmwareUpdateTypeString
                0x0000000020000044        0xc G:/github/public/stm32_bootloader_library/f407_led_demo/utils/libSTM32F407.elf(lib_ota.o)
                0x0000000020000044                c_FirmwareUpdateTypeString
 .data.endTime_u32.9142
                0x0000000020000050        0x4 G:/github/public/stm32_bootloader_library/f407_led_demo/utils/libSTM32F407.elf(lib_ota.o)
 .data.checksum_u32.7744
                0x0000000020000054        0x4 G:/github/public/stm32_bootloader_library/f407_led_demo/utils/libSTM32F407.elf(stdutils.o)
 .data._impure_ptr
                0x0000000020000058        0x4 c:/st/stm32cubeide_1.6.1/stm32cubeide/plugins/com.st.stm32cube.ide.mcu.externaltools.gnu-tools-for-stm32.9-2020-q2-update.win32_2.0.0.202105311346/tools/bin/../lib/gcc/arm-none-eabi/9.3.1/../../../../arm-none-eabi/lib/thumb/v7e-m+fp/hard\libc_nano.a(lib_a-impure.o)
                0x0000000020000058                _impure_ptr
 .data.impure_data
                0x000000002000005c       0x60 c:/st/stm32cubeide_1.6.1/stm32cubeide/plugins/com.st.stm32cube.ide.mcu.externaltools.gnu-tools-for-stm32.9-2020-q2-update.win32_2.0.0.202105311346/tools/bin/../lib/gcc/arm-none-eabi/9.3.1/../../../../arm-none-eabi/lib/thumb/v7e-m+fp/hard\libc_nano.a(lib_a-impure.o)
 *(.RamFunc)
 *(.RamFunc*)
                0x00000000200000bc                . = ALIGN (0x4)
                0x00000000200000bc                _edata = .
                0x0000000008015b20                _siccmram = LOADADDR (.ccmram)

.igot.plt       0x00000000200000bc        0x0 load address 0x0000000008015b20
 .igot.plt      0x00000000200000bc        0x0 c:/st/stm32cubeide_1.6.1/stm32cubeide/plugins/com.st.stm32cube.ide.mcu.externaltools.gnu-tools-for-stm32.9-2020-q2-update.win32_2.0.0.202105311346/tools/bin/../lib/gcc/arm-none-eabi/9.3.1/thumb/v7e-m+fp/hard/crtbegin.o

.ccmram         0x0000000010000000        0x0 load address 0x0000000008015b20
                0x0000000010000000                . = ALIGN (0x4)
                0x0000000010000000                _sccmram = .
 *(.ccmram)
 *(.ccmram*)
                0x0000000010000000                . = ALIGN (0x4)
                0x0000000010000000                _eccmram = .
                0x0000000010000000                . = ALIGN (0x4)

.bss            0x00000000200000bc      0x3e8
                0x00000000200000bc                _sbss = .
                0x00000000200000bc                __bss_start__ = _sbss
 *(.bss)
 .bss           0x00000000200000bc       0x1c c:/st/stm32cubeide_1.6.1/stm32cubeide/plugins/com.st.stm32cube.ide.mcu.externaltools.gnu-tools-for-stm32.9-2020-q2-update.win32_2.0.0.202105311346/tools/bin/../lib/gcc/arm-none-eabi/9.3.1/thumb/v7e-m+fp/hard/crtbegin.o
 *(.bss*)
 .bss.UartBufferRx
                0x00000000200000d8        0x1 ./Core/Src/main.o
                0x00000000200000d8                UartBufferRx
 *fill*         0x00000000200000d9        0x1 
 .bss.nextChangeTime.7966
                0x00000000200000da        0x2 ./Core/Src/main.o
 .bss.count.7969
                0x00000000200000dc        0x1 ./Core/Src/main.o
 *fill*         0x00000000200000dd        0x3 
 .bss.__sbrk_heap_end
                0x00000000200000e0        0x4 ./Core/Src/sysmem.o
 .bss.s_TxRb    0x00000000200000e4        0xc G:/github/public/stm32_bootloader_library/f407_led_demo/utils/libSTM32F407.elf(lib_debug.o)
 .bss.s_RxRb    0x00000000200000f0        0xc G:/github/public/stm32_bootloader_library/f407_led_demo/utils/libSTM32F407.elf(lib_debug.o)
 .bss.TxIntrBuff_a8
                0x00000000200000fc       0x81 G:/github/public/stm32_bootloader_library/f407_led_demo/utils/libSTM32F407.elf(lib_debug.o)
 *fill*         0x000000002000017d        0x3 
 .bss.ResetWaitTime_u32
                0x0000000020000180        0x4 G:/github/public/stm32_bootloader_library/f407_led_demo/utils/libSTM32F407.elf(lib_system.o)
 .bss.nextPrintTime_u32.7865
                0x0000000020000184        0x4 G:/github/public/stm32_bootloader_library/f407_led_demo/utils/libSTM32F407.elf(lib_system.o)
 .bss.s_FlashConfig
                0x0000000020000188       0x10 G:/github/public/stm32_bootloader_library/f407_led_demo/utils/libSTM32F407.elf(lib_flash.o)
 .bss.FlashConfigUpdateEventTime_u32
                0x0000000020000198        0x4 G:/github/public/stm32_bootloader_library/f407_led_demo/utils/libSTM32F407.elf(lib_flash.o)
 .bss.RxPassCode_string
                0x000000002000019c       0x14 G:/github/public/stm32_bootloader_library/f407_led_demo/utils/libSTM32F407.elf(lib_menu.o)
 .bss.e_CurrentMenu
                0x00000000200001b0        0x1 G:/github/public/stm32_bootloader_library/f407_led_demo/utils/libSTM32F407.elf(lib_menu.o)
                0x00000000200001b0                e_CurrentMenu
 .bss.index_u8.9114
                0x00000000200001b1        0x1 G:/github/public/stm32_bootloader_library/f407_led_demo/utils/libSTM32F407.elf(lib_menu.o)
 *fill*         0x00000000200001b2        0x2 
 .bss.s_RbFirmware
                0x00000000200001b4        0xc G:/github/public/stm32_bootloader_library/f407_led_demo/utils/libSTM32F407.elf(lib_ota.o)
 .bss.s_OtaHandle
                0x00000000200001c0       0x1c G:/github/public/stm32_bootloader_library/f407_led_demo/utils/libSTM32F407.elf(lib_ota.o)
 .bss.e_OtaState
                0x00000000200001dc        0x1 G:/github/public/stm32_bootloader_library/f407_led_demo/utils/libSTM32F407.elf(lib_ota.o)
 *fill*         0x00000000200001dd        0x3 
 .bss.s_FirmPkt
                0x00000000200001e0      0x108 G:/github/public/stm32_bootloader_library/f407_led_demo/utils/libSTM32F407.elf(lib_ota.o)
 .bss.s_OtaConfigRam
                0x00000000200002e8        0xc G:/github/public/stm32_bootloader_library/f407_led_demo/utils/libSTM32F407.elf(lib_ota.o)
 .bss.ProgressPercentage_u8
                0x00000000200002f4        0x1 G:/github/public/stm32_bootloader_library/f407_led_demo/utils/libSTM32F407.elf(lib_ota.o)
 .bss.handshakeSuccess_b8.9149
                0x00000000200002f5        0x1 G:/github/public/stm32_bootloader_library/f407_led_demo/utils/libSTM32F407.elf(lib_ota.o)
 .bss.startCount_u8.9148
                0x00000000200002f6        0x1 G:/github/public/stm32_bootloader_library/f407_led_demo/utils/libSTM32F407.elf(lib_ota.o)
 *fill*         0x00000000200002f7        0x1 
 .bss.fileSizeIndex_u32.9146
                0x00000000200002f8        0x4 G:/github/public/stm32_bootloader_library/f407_led_demo/utils/libSTM32F407.elf(lib_ota.o)
 .bss.expectedfileSize_u32.9145
                0x00000000200002fc        0x4 G:/github/public/stm32_bootloader_library/f407_led_demo/utils/libSTM32F407.elf(lib_ota.o)
 .bss.byteCount_u32.9144
                0x0000000020000300        0x4 G:/github/public/stm32_bootloader_library/f407_led_demo/utils/libSTM32F407.elf(lib_ota.o)
 .bss.previousPercentage_u8.9147
                0x0000000020000304        0x1 G:/github/public/stm32_bootloader_library/f407_led_demo/utils/libSTM32F407.elf(lib_ota.o)
 *fill*         0x0000000020000305        0x3 
 .bss.nextHandshakeTime_u32.9143
                0x0000000020000308        0x4 G:/github/public/stm32_bootloader_library/f407_led_demo/utils/libSTM32F407.elf(lib_ota.o)
 .bss.__malloc_free_list
                0x000000002000030c        0x4 c:/st/stm32cubeide_1.6.1/stm32cubeide/plugins/com.st.stm32cube.ide.mcu.externaltools.gnu-tools-for-stm32.9-2020-q2-update.win32_2.0.0.202105311346/tools/bin/../lib/gcc/arm-none-eabi/9.3.1/../../../../arm-none-eabi/lib/thumb/v7e-m+fp/hard\libc_nano.a(lib_a-nano-mallocr.o)
                0x000000002000030c                __malloc_free_list
 .bss.__malloc_sbrk_start
                0x0000000020000310        0x4 c:/st/stm32cubeide_1.6.1/stm32cubeide/plugins/com.st.stm32cube.ide.mcu.externaltools.gnu-tools-for-stm32.9-2020-q2-update.win32_2.0.0.202105311346/tools/bin/../lib/gcc/arm-none-eabi/9.3.1/../../../../arm-none-eabi/lib/thumb/v7e-m+fp/hard\libc_nano.a(lib_a-nano-mallocr.o)
                0x0000000020000310                __malloc_sbrk_start
 *(COMMON)
 COMMON         0x0000000020000314      0x15c ./Core/Src/main.o
                0x0000000020000314                hdma_usart2_rx
                0x0000000020000374                hspi1
                0x00000000200003cc                huart2
                0x0000000020000410                hdma_spi1_tx
 COMMON         0x0000000020000470        0x4 ./Drivers/STM32F4xx_HAL_Driver/Src/stm32f4xx_hal.o
                0x0000000020000470                uwTick
 COMMON         0x0000000020000474       0x20 ./Drivers/STM32F4xx_HAL_Driver/Src/stm32f4xx_hal_flash.o
                0x0000000020000474                pFlash
 COMMON         0x0000000020000494        0x4 c:/st/stm32cubeide_1.6.1/stm32cubeide/plugins/com.st.stm32cube.ide.mcu.externaltools.gnu-tools-for-stm32.9-2020-q2-update.win32_2.0.0.202105311346/tools/bin/../lib/gcc/arm-none-eabi/9.3.1/../../../../arm-none-eabi/lib/thumb/v7e-m+fp/hard\libc_nano.a(lib_a-reent.o)
                0x0000000020000494                errno
 COMMON         0x0000000020000498        0x9 c:/st/stm32cubeide_1.6.1/stm32cubeide/plugins/com.st.stm32cube.ide.mcu.externaltools.gnu-tools-for-stm32.9-2020-q2-update.win32_2.0.0.202105311346/tools/bin/../lib/gcc/arm-none-eabi/9.3.1/../../../../arm-none-eabi/lib/thumb/v7e-m+fp/hard\libc_nano.a(lib_a-lock.o)
                0x0000000020000498                __lock___atexit_recursive_mutex
                0x0000000020000499                __lock___arc4random_mutex
                0x000000002000049a                __lock___env_recursive_mutex
                0x000000002000049b                __lock___sinit_recursive_mutex
                0x000000002000049c                __lock___malloc_recursive_mutex
                0x000000002000049d                __lock___at_quick_exit_mutex
                0x000000002000049e                __lock___dd_hash_mutex
                0x000000002000049f                __lock___tz_mutex
                0x00000000200004a0                __lock___sfp_recursive_mutex
                0x00000000200004a4                . = ALIGN (0x4)
 *fill*         0x00000000200004a1        0x3 
                0x00000000200004a4                _ebss = .
                0x00000000200004a4                __bss_end__ = _ebss

._user_heap_stack
                0x00000000200004a4     0x6004
                0x00000000200004a8                . = ALIGN (0x8)
 *fill*         0x00000000200004a4        0x4 
                [!provide]                        PROVIDE (end = .)
                0x00000000200004a8                PROVIDE (_end = .)
                0x00000000200024a8                . = (. + _Min_Heap_Size)
 *fill*         0x00000000200004a8     0x2000 
                0x00000000200064a8                . = (. + _Min_Stack_Size)
 *fill*         0x00000000200024a8     0x4000 
                0x00000000200064a8                . = ALIGN (0x8)

/DISCARD/
 libc.a(*)
 libm.a(*)
 libgcc.a(*)

.ARM.attributes
                0x0000000000000000       0x30
 *(.ARM.attributes)
 .ARM.attributes
                0x0000000000000000       0x1e c:/st/stm32cubeide_1.6.1/stm32cubeide/plugins/com.st.stm32cube.ide.mcu.externaltools.gnu-tools-for-stm32.9-2020-q2-update.win32_2.0.0.202105311346/tools/bin/../lib/gcc/arm-none-eabi/9.3.1/thumb/v7e-m+fp/hard/crti.o
 .ARM.attributes
                0x000000000000001e       0x34 c:/st/stm32cubeide_1.6.1/stm32cubeide/plugins/com.st.stm32cube.ide.mcu.externaltools.gnu-tools-for-stm32.9-2020-q2-update.win32_2.0.0.202105311346/tools/bin/../lib/gcc/arm-none-eabi/9.3.1/thumb/v7e-m+fp/hard/crtbegin.o
 .ARM.attributes
                0x0000000000000052       0x34 ./Core/Src/main.o
 .ARM.attributes
                0x0000000000000086       0x34 ./Core/Src/stm32f4xx_hal_msp.o
 .ARM.attributes
                0x00000000000000ba       0x34 ./Core/Src/stm32f4xx_it.o
 .ARM.attributes
                0x00000000000000ee       0x34 ./Core/Src/sysmem.o
 .ARM.attributes
                0x0000000000000122       0x34 ./Core/Src/system_stm32f4xx.o
 .ARM.attributes
                0x0000000000000156       0x21 ./Core/Startup/startup_stm32f407vgtx.o
 .ARM.attributes
                0x0000000000000177       0x34 ./Drivers/STM32F4xx_HAL_Driver/Src/stm32f4xx_hal.o
 .ARM.attributes
                0x00000000000001ab       0x34 ./Drivers/STM32F4xx_HAL_Driver/Src/stm32f4xx_hal_cortex.o
 .ARM.attributes
                0x00000000000001df       0x34 ./Drivers/STM32F4xx_HAL_Driver/Src/stm32f4xx_hal_dma.o
 .ARM.attributes
                0x0000000000000213       0x34 ./Drivers/STM32F4xx_HAL_Driver/Src/stm32f4xx_hal_flash.o
 .ARM.attributes
                0x0000000000000247       0x34 ./Drivers/STM32F4xx_HAL_Driver/Src/stm32f4xx_hal_flash_ex.o
 .ARM.attributes
                0x000000000000027b       0x34 ./Drivers/STM32F4xx_HAL_Driver/Src/stm32f4xx_hal_gpio.o
 .ARM.attributes
                0x00000000000002af       0x34 ./Drivers/STM32F4xx_HAL_Driver/Src/stm32f4xx_hal_rcc.o
 .ARM.attributes
                0x00000000000002e3       0x34 ./Drivers/STM32F4xx_HAL_Driver/Src/stm32f4xx_hal_spi.o
 .ARM.attributes
                0x0000000000000317       0x34 ./Drivers/STM32F4xx_HAL_Driver/Src/stm32f4xx_hal_uart.o
 .ARM.attributes
                0x000000000000034b       0x34 G:/github/public/stm32_bootloader_library/f407_led_demo/utils/libSTM32F407.elf(lib_debug.o)
 .ARM.attributes
                0x000000000000037f       0x34 G:/github/public/stm32_bootloader_library/f407_led_demo/utils/libSTM32F407.elf(lib_ringbuffer.o)
 .ARM.attributes
                0x00000000000003b3       0x34 G:/github/public/stm32_bootloader_library/f407_led_demo/utils/libSTM32F407.elf(lib_system.o)
 .ARM.attributes
                0x00000000000003e7       0x34 G:/github/public/stm32_bootloader_library/f407_led_demo/utils/libSTM32F407.elf(lib_flash.o)
 .ARM.attributes
                0x000000000000041b       0x34 G:/github/public/stm32_bootloader_library/f407_led_demo/utils/libSTM32F407.elf(lib_menu.o)
 .ARM.attributes
                0x000000000000044f       0x34 G:/github/public/stm32_bootloader_library/f407_led_demo/utils/libSTM32F407.elf(lib_ota.o)
 .ARM.attributes
                0x0000000000000483       0x34 G:/github/public/stm32_bootloader_library/f407_led_demo/utils/libSTM32F407.elf(stdutils.o)
 .ARM.attributes
                0x00000000000004b7       0x34 G:/github/public/stm32_bootloader_library/f407_led_demo/utils/libSTM32F407.elf(lib_delay.o)
 .ARM.attributes
                0x00000000000004eb       0x34 c:/st/stm32cubeide_1.6.1/stm32cubeide/plugins/com.st.stm32cube.ide.mcu.externaltools.gnu-tools-for-stm32.9-2020-q2-update.win32_2.0.0.202105311346/tools/bin/../lib/gcc/arm-none-eabi/9.3.1/../../../../arm-none-eabi/lib/thumb/v7e-m+fp/hard\libc_nano.a(lib_a-errno.o)
 .ARM.attributes
                0x000000000000051f       0x32 c:/st/stm32cubeide_1.6.1/stm32cubeide/plugins/com.st.stm32cube.ide.mcu.externaltools.gnu-tools-for-stm32.9-2020-q2-update.win32_2.0.0.202105311346/tools/bin/../lib/gcc/arm-none-eabi/9.3.1/../../../../arm-none-eabi/lib/thumb/v7e-m+fp/hard\libc_nano.a(lib_a-impure.o)
 .ARM.attributes
                0x0000000000000551       0x34 c:/st/stm32cubeide_1.6.1/stm32cubeide/plugins/com.st.stm32cube.ide.mcu.externaltools.gnu-tools-for-stm32.9-2020-q2-update.win32_2.0.0.202105311346/tools/bin/../lib/gcc/arm-none-eabi/9.3.1/../../../../arm-none-eabi/lib/thumb/v7e-m+fp/hard\libc_nano.a(lib_a-init.o)
 .ARM.attributes
                0x0000000000000585       0x34 c:/st/stm32cubeide_1.6.1/stm32cubeide/plugins/com.st.stm32cube.ide.mcu.externaltools.gnu-tools-for-stm32.9-2020-q2-update.win32_2.0.0.202105311346/tools/bin/../lib/gcc/arm-none-eabi/9.3.1/../../../../arm-none-eabi/lib/thumb/v7e-m+fp/hard\libc_nano.a(lib_a-malloc.o)
 .ARM.attributes
                0x00000000000005b9       0x34 c:/st/stm32cubeide_1.6.1/stm32cubeide/plugins/com.st.stm32cube.ide.mcu.externaltools.gnu-tools-for-stm32.9-2020-q2-update.win32_2.0.0.202105311346/tools/bin/../lib/gcc/arm-none-eabi/9.3.1/../../../../arm-none-eabi/lib/thumb/v7e-m+fp/hard\libc_nano.a(lib_a-memcpy-stub.o)
 .ARM.attributes
                0x00000000000005ed       0x34 c:/st/stm32cubeide_1.6.1/stm32cubeide/plugins/com.st.stm32cube.ide.mcu.externaltools.gnu-tools-for-stm32.9-2020-q2-update.win32_2.0.0.202105311346/tools/bin/../lib/gcc/arm-none-eabi/9.3.1/../../../../arm-none-eabi/lib/thumb/v7e-m+fp/hard\libc_nano.a(lib_a-memset.o)
 .ARM.attributes
                0x0000000000000621       0x34 c:/st/stm32cubeide_1.6.1/stm32cubeide/plugins/com.st.stm32cube.ide.mcu.externaltools.gnu-tools-for-stm32.9-2020-q2-update.win32_2.0.0.202105311346/tools/bin/../lib/gcc/arm-none-eabi/9.3.1/../../../../arm-none-eabi/lib/thumb/v7e-m+fp/hard\libc_nano.a(lib_a-nano-mallocr.o)
 .ARM.attributes
                0x0000000000000655       0x34 c:/st/stm32cubeide_1.6.1/stm32cubeide/plugins/com.st.stm32cube.ide.mcu.externaltools.gnu-tools-for-stm32.9-2020-q2-update.win32_2.0.0.202105311346/tools/bin/../lib/gcc/arm-none-eabi/9.3.1/../../../../arm-none-eabi/lib/thumb/v7e-m+fp/hard\libc_nano.a(lib_a-sbrkr.o)
 .ARM.attributes
                0x0000000000000689       0x1c c:/st/stm32cubeide_1.6.1/stm32cubeide/plugins/com.st.stm32cube.ide.mcu.externaltools.gnu-tools-for-stm32.9-2020-q2-update.win32_2.0.0.202105311346/tools/bin/../lib/gcc/arm-none-eabi/9.3.1/../../../../arm-none-eabi/lib/thumb/v7e-m+fp/hard\libc_nano.a(lib_a-strcmp.o)
 .ARM.attributes
                0x00000000000006a5       0x34 c:/st/stm32cubeide_1.6.1/stm32cubeide/plugins/com.st.stm32cube.ide.mcu.externaltools.gnu-tools-for-stm32.9-2020-q2-update.win32_2.0.0.202105311346/tools/bin/../lib/gcc/arm-none-eabi/9.3.1/../../../../arm-none-eabi/lib/thumb/v7e-m+fp/hard\libc_nano.a(lib_a-mlock.o)
 .ARM.attributes
                0x00000000000006d9       0x34 c:/st/stm32cubeide_1.6.1/stm32cubeide/plugins/com.st.stm32cube.ide.mcu.externaltools.gnu-tools-for-stm32.9-2020-q2-update.win32_2.0.0.202105311346/tools/bin/../lib/gcc/arm-none-eabi/9.3.1/../../../../arm-none-eabi/lib/thumb/v7e-m+fp/hard\libc_nano.a(lib_a-reent.o)
 .ARM.attributes
                0x000000000000070d       0x34 c:/st/stm32cubeide_1.6.1/stm32cubeide/plugins/com.st.stm32cube.ide.mcu.externaltools.gnu-tools-for-stm32.9-2020-q2-update.win32_2.0.0.202105311346/tools/bin/../lib/gcc/arm-none-eabi/9.3.1/../../../../arm-none-eabi/lib/thumb/v7e-m+fp/hard\libc_nano.a(lib_a-lock.o)
 .ARM.attributes
                0x0000000000000741       0x1e c:/st/stm32cubeide_1.6.1/stm32cubeide/plugins/com.st.stm32cube.ide.mcu.externaltools.gnu-tools-for-stm32.9-2020-q2-update.win32_2.0.0.202105311346/tools/bin/../lib/gcc/arm-none-eabi/9.3.1/thumb/v7e-m+fp/hard\libgcc.a(_aeabi_uldivmod.o)
 .ARM.attributes
                0x000000000000075f       0x34 c:/st/stm32cubeide_1.6.1/stm32cubeide/plugins/com.st.stm32cube.ide.mcu.externaltools.gnu-tools-for-stm32.9-2020-q2-update.win32_2.0.0.202105311346/tools/bin/../lib/gcc/arm-none-eabi/9.3.1/thumb/v7e-m+fp/hard\libgcc.a(_udivmoddi4.o)
 .ARM.attributes
                0x0000000000000793       0x1e c:/st/stm32cubeide_1.6.1/stm32cubeide/plugins/com.st.stm32cube.ide.mcu.externaltools.gnu-tools-for-stm32.9-2020-q2-update.win32_2.0.0.202105311346/tools/bin/../lib/gcc/arm-none-eabi/9.3.1/thumb/v7e-m+fp/hard\libgcc.a(_dvmd_tls.o)
 .ARM.attributes
                0x00000000000007b1       0x1e c:/st/stm32cubeide_1.6.1/stm32cubeide/plugins/com.st.stm32cube.ide.mcu.externaltools.gnu-tools-for-stm32.9-2020-q2-update.win32_2.0.0.202105311346/tools/bin/../lib/gcc/arm-none-eabi/9.3.1/thumb/v7e-m+fp/hard/crtn.o
OUTPUT(f407_led_demo.elf elf32-littlearm)
LOAD linker stubs
LOAD c:/st/stm32cubeide_1.6.1/stm32cubeide/plugins/com.st.stm32cube.ide.mcu.externaltools.gnu-tools-for-stm32.9-2020-q2-update.win32_2.0.0.202105311346/tools/bin/../lib/gcc/arm-none-eabi/9.3.1/../../../../arm-none-eabi/lib/thumb/v7e-m+fp/hard\libc.a
LOAD c:/st/stm32cubeide_1.6.1/stm32cubeide/plugins/com.st.stm32cube.ide.mcu.externaltools.gnu-tools-for-stm32.9-2020-q2-update.win32_2.0.0.202105311346/tools/bin/../lib/gcc/arm-none-eabi/9.3.1/../../../../arm-none-eabi/lib/thumb/v7e-m+fp/hard\libm.a
LOAD c:/st/stm32cubeide_1.6.1/stm32cubeide/plugins/com.st.stm32cube.ide.mcu.externaltools.gnu-tools-for-stm32.9-2020-q2-update.win32_2.0.0.202105311346/tools/bin/../lib/gcc/arm-none-eabi/9.3.1/thumb/v7e-m+fp/hard\libgcc.a

.debug_info     0x0000000000000000    0x1074a
 .debug_info    0x0000000000000000     0x12b8 ./Core/Src/main.o
 .debug_info    0x00000000000012b8      0xf78 ./Core/Src/stm32f4xx_hal_msp.o
 .debug_info    0x0000000000002230      0x79f ./Core/Src/stm32f4xx_it.o
 .debug_info    0x00000000000029cf      0xa25 ./Core/Src/sysmem.o
 .debug_info    0x00000000000033f4      0x5a4 ./Core/Src/system_stm32f4xx.o
 .debug_info    0x0000000000003998       0x22 ./Core/Startup/startup_stm32f407vgtx.o
 .debug_info    0x00000000000039ba      0x9b2 ./Drivers/STM32F4xx_HAL_Driver/Src/stm32f4xx_hal.o
 .debug_info    0x000000000000436c      0xed7 ./Drivers/STM32F4xx_HAL_Driver/Src/stm32f4xx_hal_cortex.o
 .debug_info    0x0000000000005243      0x9f1 ./Drivers/STM32F4xx_HAL_Driver/Src/stm32f4xx_hal_dma.o
 .debug_info    0x0000000000005c34      0x679 ./Drivers/STM32F4xx_HAL_Driver/Src/stm32f4xx_hal_flash.o
 .debug_info    0x00000000000062ad      0x78a ./Drivers/STM32F4xx_HAL_Driver/Src/stm32f4xx_hal_flash_ex.o
 .debug_info    0x0000000000006a37      0x83e ./Drivers/STM32F4xx_HAL_Driver/Src/stm32f4xx_hal_gpio.o
 .debug_info    0x0000000000007275      0x996 ./Drivers/STM32F4xx_HAL_Driver/Src/stm32f4xx_hal_rcc.o
 .debug_info    0x0000000000007c0b     0x17c0 ./Drivers/STM32F4xx_HAL_Driver/Src/stm32f4xx_hal_spi.o
 .debug_info    0x00000000000093cb     0x1665 ./Drivers/STM32F4xx_HAL_Driver/Src/stm32f4xx_hal_uart.o
 .debug_info    0x000000000000aa30     0x1416 G:/github/public/stm32_bootloader_library/f407_led_demo/utils/libSTM32F407.elf(lib_debug.o)
 .debug_info    0x000000000000be46      0xcb8 G:/github/public/stm32_bootloader_library/f407_led_demo/utils/libSTM32F407.elf(lib_ringbuffer.o)
 .debug_info    0x000000000000cafe      0x5ab G:/github/public/stm32_bootloader_library/f407_led_demo/utils/libSTM32F407.elf(lib_system.o)
 .debug_info    0x000000000000d0a9     0x1240 G:/github/public/stm32_bootloader_library/f407_led_demo/utils/libSTM32F407.elf(lib_flash.o)
 .debug_info    0x000000000000e2e9      0xda9 G:/github/public/stm32_bootloader_library/f407_led_demo/utils/libSTM32F407.elf(lib_menu.o)
 .debug_info    0x000000000000f092     0x1116 G:/github/public/stm32_bootloader_library/f407_led_demo/utils/libSTM32F407.elf(lib_ota.o)
 .debug_info    0x00000000000101a8      0x400 G:/github/public/stm32_bootloader_library/f407_led_demo/utils/libSTM32F407.elf(stdutils.o)
 .debug_info    0x00000000000105a8      0x1a2 G:/github/public/stm32_bootloader_library/f407_led_demo/utils/libSTM32F407.elf(lib_delay.o)

.debug_abbrev   0x0000000000000000     0x302d
 .debug_abbrev  0x0000000000000000      0x299 ./Core/Src/main.o
 .debug_abbrev  0x0000000000000299      0x1b5 ./Core/Src/stm32f4xx_hal_msp.o
 .debug_abbrev  0x000000000000044e      0x174 ./Core/Src/stm32f4xx_it.o
 .debug_abbrev  0x00000000000005c2      0x1bf ./Core/Src/sysmem.o
 .debug_abbrev  0x0000000000000781      0x145 ./Core/Src/system_stm32f4xx.o
 .debug_abbrev  0x00000000000008c6       0x12 ./Core/Startup/startup_stm32f407vgtx.o
 .debug_abbrev  0x00000000000008d8      0x1ed ./Drivers/STM32F4xx_HAL_Driver/Src/stm32f4xx_hal.o
 .debug_abbrev  0x0000000000000ac5      0x33c ./Drivers/STM32F4xx_HAL_Driver/Src/stm32f4xx_hal_cortex.o
 .debug_abbrev  0x0000000000000e01      0x259 ./Drivers/STM32F4xx_HAL_Driver/Src/stm32f4xx_hal_dma.o
 .debug_abbrev  0x000000000000105a      0x27c ./Drivers/STM32F4xx_HAL_Driver/Src/stm32f4xx_hal_flash.o
 .debug_abbrev  0x00000000000012d6      0x24e ./Drivers/STM32F4xx_HAL_Driver/Src/stm32f4xx_hal_flash_ex.o
 .debug_abbrev  0x0000000000001524      0x1f1 ./Drivers/STM32F4xx_HAL_Driver/Src/stm32f4xx_hal_gpio.o
 .debug_abbrev  0x0000000000001715      0x275 ./Drivers/STM32F4xx_HAL_Driver/Src/stm32f4xx_hal_rcc.o
 .debug_abbrev  0x000000000000198a      0x26e ./Drivers/STM32F4xx_HAL_Driver/Src/stm32f4xx_hal_spi.o
 .debug_abbrev  0x0000000000001bf8      0x28b ./Drivers/STM32F4xx_HAL_Driver/Src/stm32f4xx_hal_uart.o
 .debug_abbrev  0x0000000000001e83      0x368 G:/github/public/stm32_bootloader_library/f407_led_demo/utils/libSTM32F407.elf(lib_debug.o)
 .debug_abbrev  0x00000000000021eb      0x258 G:/github/public/stm32_bootloader_library/f407_led_demo/utils/libSTM32F407.elf(lib_ringbuffer.o)
 .debug_abbrev  0x0000000000002443      0x1b9 G:/github/public/stm32_bootloader_library/f407_led_demo/utils/libSTM32F407.elf(lib_system.o)
 .debug_abbrev  0x00000000000025fc      0x2e0 G:/github/public/stm32_bootloader_library/f407_led_demo/utils/libSTM32F407.elf(lib_flash.o)
 .debug_abbrev  0x00000000000028dc      0x25d G:/github/public/stm32_bootloader_library/f407_led_demo/utils/libSTM32F407.elf(lib_menu.o)
 .debug_abbrev  0x0000000000002b39      0x2ea G:/github/public/stm32_bootloader_library/f407_led_demo/utils/libSTM32F407.elf(lib_ota.o)
 .debug_abbrev  0x0000000000002e23      0x141 G:/github/public/stm32_bootloader_library/f407_led_demo/utils/libSTM32F407.elf(stdutils.o)
 .debug_abbrev  0x0000000000002f64       0xc9 G:/github/public/stm32_bootloader_library/f407_led_demo/utils/libSTM32F407.elf(lib_delay.o)

.debug_aranges  0x0000000000000000      0xd08
 .debug_aranges
                0x0000000000000000       0x60 ./Core/Src/main.o
 .debug_aranges
                0x0000000000000060       0x40 ./Core/Src/stm32f4xx_hal_msp.o
 .debug_aranges
                0x00000000000000a0       0x78 ./Core/Src/stm32f4xx_it.o
 .debug_aranges
                0x0000000000000118       0x20 ./Core/Src/sysmem.o
 .debug_aranges
                0x0000000000000138       0x28 ./Core/Src/system_stm32f4xx.o
 .debug_aranges
                0x0000000000000160       0x28 ./Core/Startup/startup_stm32f407vgtx.o
 .debug_aranges
                0x0000000000000188       0xf0 ./Drivers/STM32F4xx_HAL_Driver/Src/stm32f4xx_hal.o
 .debug_aranges
                0x0000000000000278      0x118 ./Drivers/STM32F4xx_HAL_Driver/Src/stm32f4xx_hal_cortex.o
 .debug_aranges
                0x0000000000000390       0x90 ./Drivers/STM32F4xx_HAL_Driver/Src/stm32f4xx_hal_dma.o
 .debug_aranges
                0x0000000000000420       0xa0 ./Drivers/STM32F4xx_HAL_Driver/Src/stm32f4xx_hal_flash.o
 .debug_aranges
                0x00000000000004c0       0x98 ./Drivers/STM32F4xx_HAL_Driver/Src/stm32f4xx_hal_flash_ex.o
 .debug_aranges
                0x0000000000000558       0x58 ./Drivers/STM32F4xx_HAL_Driver/Src/stm32f4xx_hal_gpio.o
 .debug_aranges
                0x00000000000005b0       0x88 ./Drivers/STM32F4xx_HAL_Driver/Src/stm32f4xx_hal_rcc.o
 .debug_aranges
                0x0000000000000638      0x1d0 ./Drivers/STM32F4xx_HAL_Driver/Src/stm32f4xx_hal_spi.o
 .debug_aranges
                0x0000000000000808      0x200 ./Drivers/STM32F4xx_HAL_Driver/Src/stm32f4xx_hal_uart.o
 .debug_aranges
                0x0000000000000a08       0x88 G:/github/public/stm32_bootloader_library/f407_led_demo/utils/libSTM32F407.elf(lib_debug.o)
 .debug_aranges
                0x0000000000000a90       0x48 G:/github/public/stm32_bootloader_library/f407_led_demo/utils/libSTM32F407.elf(lib_ringbuffer.o)
 .debug_aranges
                0x0000000000000ad8       0x48 G:/github/public/stm32_bootloader_library/f407_led_demo/utils/libSTM32F407.elf(lib_system.o)
 .debug_aranges
                0x0000000000000b20       0xa0 G:/github/public/stm32_bootloader_library/f407_led_demo/utils/libSTM32F407.elf(lib_flash.o)
 .debug_aranges
                0x0000000000000bc0       0x78 G:/github/public/stm32_bootloader_library/f407_led_demo/utils/libSTM32F407.elf(lib_menu.o)
 .debug_aranges
                0x0000000000000c38       0x68 G:/github/public/stm32_bootloader_library/f407_led_demo/utils/libSTM32F407.elf(lib_ota.o)
 .debug_aranges
                0x0000000000000ca0       0x48 G:/github/public/stm32_bootloader_library/f407_led_demo/utils/libSTM32F407.elf(stdutils.o)
 .debug_aranges
                0x0000000000000ce8       0x20 G:/github/public/stm32_bootloader_library/f407_led_demo/utils/libSTM32F407.elf(lib_delay.o)

.debug_ranges   0x0000000000000000      0xc00
 .debug_ranges  0x0000000000000000       0x50 ./Core/Src/main.o
 .debug_ranges  0x0000000000000050       0x30 ./Core/Src/stm32f4xx_hal_msp.o
 .debug_ranges  0x0000000000000080       0x68 ./Core/Src/stm32f4xx_it.o
 .debug_ranges  0x00000000000000e8       0x10 ./Core/Src/sysmem.o
 .debug_ranges  0x00000000000000f8       0x18 ./Core/Src/system_stm32f4xx.o
 .debug_ranges  0x0000000000000110       0x20 ./Core/Startup/startup_stm32f407vgtx.o
 .debug_ranges  0x0000000000000130       0xe0 ./Drivers/STM32F4xx_HAL_Driver/Src/stm32f4xx_hal.o
 .debug_ranges  0x0000000000000210      0x108 ./Drivers/STM32F4xx_HAL_Driver/Src/stm32f4xx_hal_cortex.o
 .debug_ranges  0x0000000000000318       0x80 ./Drivers/STM32F4xx_HAL_Driver/Src/stm32f4xx_hal_dma.o
 .debug_ranges  0x0000000000000398       0x90 ./Drivers/STM32F4xx_HAL_Driver/Src/stm32f4xx_hal_flash.o
 .debug_ranges  0x0000000000000428       0x88 ./Drivers/STM32F4xx_HAL_Driver/Src/stm32f4xx_hal_flash_ex.o
 .debug_ranges  0x00000000000004b0       0x48 ./Drivers/STM32F4xx_HAL_Driver/Src/stm32f4xx_hal_gpio.o
 .debug_ranges  0x00000000000004f8       0x78 ./Drivers/STM32F4xx_HAL_Driver/Src/stm32f4xx_hal_rcc.o
 .debug_ranges  0x0000000000000570      0x1c0 ./Drivers/STM32F4xx_HAL_Driver/Src/stm32f4xx_hal_spi.o
 .debug_ranges  0x0000000000000730      0x220 ./Drivers/STM32F4xx_HAL_Driver/Src/stm32f4xx_hal_uart.o
 .debug_ranges  0x0000000000000950       0x78 G:/github/public/stm32_bootloader_library/f407_led_demo/utils/libSTM32F407.elf(lib_debug.o)
 .debug_ranges  0x00000000000009c8       0x38 G:/github/public/stm32_bootloader_library/f407_led_demo/utils/libSTM32F407.elf(lib_ringbuffer.o)
 .debug_ranges  0x0000000000000a00       0x38 G:/github/public/stm32_bootloader_library/f407_led_demo/utils/libSTM32F407.elf(lib_system.o)
 .debug_ranges  0x0000000000000a38       0x90 G:/github/public/stm32_bootloader_library/f407_led_demo/utils/libSTM32F407.elf(lib_flash.o)
 .debug_ranges  0x0000000000000ac8       0x68 G:/github/public/stm32_bootloader_library/f407_led_demo/utils/libSTM32F407.elf(lib_menu.o)
 .debug_ranges  0x0000000000000b30       0x88 G:/github/public/stm32_bootloader_library/f407_led_demo/utils/libSTM32F407.elf(lib_ota.o)
 .debug_ranges  0x0000000000000bb8       0x38 G:/github/public/stm32_bootloader_library/f407_led_demo/utils/libSTM32F407.elf(stdutils.o)
 .debug_ranges  0x0000000000000bf0       0x10 G:/github/public/stm32_bootloader_library/f407_led_demo/utils/libSTM32F407.elf(lib_delay.o)

.debug_macro    0x0000000000000000    0x229a8
 .debug_macro   0x0000000000000000      0x213 ./Core/Src/main.o
 .debug_macro   0x0000000000000213      0xaa8 ./Core/Src/main.o
 .debug_macro   0x0000000000000cbb      0x29b ./Core/Src/main.o
 .debug_macro   0x0000000000000f56       0x2e ./Core/Src/main.o
 .debug_macro   0x0000000000000f84       0x2f ./Core/Src/main.o
 .debug_macro   0x0000000000000fb3       0x22 ./Core/Src/main.o
 .debug_macro   0x0000000000000fd5       0x8e ./Core/Src/main.o
 .debug_macro   0x0000000000001063       0x51 ./Core/Src/main.o
 .debug_macro   0x00000000000010b4      0x103 ./Core/Src/main.o
 .debug_macro   0x00000000000011b7       0x6a ./Core/Src/main.o
 .debug_macro   0x0000000000001221      0x1df ./Core/Src/main.o
 .debug_macro   0x0000000000001400       0x1c ./Core/Src/main.o
 .debug_macro   0x000000000000141c       0x22 ./Core/Src/main.o
 .debug_macro   0x000000000000143e       0xdf ./Core/Src/main.o
 .debug_macro   0x000000000000151d     0x102d ./Core/Src/main.o
 .debug_macro   0x000000000000254a      0x11f ./Core/Src/main.o
 .debug_macro   0x0000000000002669    0x15e3c ./Core/Src/main.o
 .debug_macro   0x00000000000184a5       0x43 ./Core/Src/main.o
 .debug_macro   0x00000000000184e8     0x3659 ./Core/Src/main.o
 .debug_macro   0x000000000001bb41      0x174 ./Core/Src/main.o
 .debug_macro   0x000000000001bcb5       0x5c ./Core/Src/main.o
 .debug_macro   0x000000000001bd11      0x96b ./Core/Src/main.o
 .debug_macro   0x000000000001c67c      0x9fe ./Core/Src/main.o
 .debug_macro   0x000000000001d07a      0x117 ./Core/Src/main.o
 .debug_macro   0x000000000001d191      0x13e ./Core/Src/main.o
 .debug_macro   0x000000000001d2cf       0x82 ./Core/Src/main.o
 .debug_macro   0x000000000001d351      0x174 ./Core/Src/main.o
 .debug_macro   0x000000000001d4c5      0x287 ./Core/Src/main.o
 .debug_macro   0x000000000001d74c       0x5f ./Core/Src/main.o
 .debug_macro   0x000000000001d7ab      0x236 ./Core/Src/main.o
 .debug_macro   0x000000000001d9e1      0x12c ./Core/Src/main.o
 .debug_macro   0x000000000001db0d      0x21e ./Core/Src/main.o
 .debug_macro   0x000000000001dd2b       0x2e ./Core/Src/main.o
 .debug_macro   0x000000000001dd59      0x11a ./Core/Src/main.o
 .debug_macro   0x000000000001de73       0x7e ./Core/Src/main.o
 .debug_macro   0x000000000001def1       0x89 ./Core/Src/main.o
 .debug_macro   0x000000000001df7a      0x225 ./Core/Src/main.o
 .debug_macro   0x000000000001e19f      0x295 ./Core/Src/main.o
 .debug_macro   0x000000000001e434      0x12d ./Core/Src/main.o
 .debug_macro   0x000000000001e561       0x28 ./Core/Src/main.o
 .debug_macro   0x000000000001e589      0x223 ./Core/Src/main.o
 .debug_macro   0x000000000001e7ac       0x16 ./Core/Src/main.o
 .debug_macro   0x000000000001e7c2       0x6a ./Core/Src/main.o
 .debug_macro   0x000000000001e82c       0x10 ./Core/Src/main.o
 .debug_macro   0x000000000001e83c      0x1d3 ./Core/Src/stm32f4xx_hal_msp.o
 .debug_macro   0x000000000001ea0f      0x1dd ./Core/Src/stm32f4xx_it.o
 .debug_macro   0x000000000001ebec       0xff ./Core/Src/sysmem.o
 .debug_macro   0x000000000001eceb      0x23b ./Core/Src/sysmem.o
 .debug_macro   0x000000000001ef26      0x1c4 ./Core/Src/system_stm32f4xx.o
 .debug_macro   0x000000000001f0ea      0x224 ./Drivers/STM32F4xx_HAL_Driver/Src/stm32f4xx_hal.o
 .debug_macro   0x000000000001f30e      0x1c4 ./Drivers/STM32F4xx_HAL_Driver/Src/stm32f4xx_hal_cortex.o
 .debug_macro   0x000000000001f4d2      0x1ca ./Drivers/STM32F4xx_HAL_Driver/Src/stm32f4xx_hal_dma.o
 .debug_macro   0x000000000001f69c      0x1ca ./Drivers/STM32F4xx_HAL_Driver/Src/stm32f4xx_hal_flash.o
 .debug_macro   0x000000000001f866      0x1ca ./Drivers/STM32F4xx_HAL_Driver/Src/stm32f4xx_hal_flash_ex.o
 .debug_macro   0x000000000001fa30      0x1ca ./Drivers/STM32F4xx_HAL_Driver/Src/stm32f4xx_hal_gpio.o
 .debug_macro   0x000000000001fbfa      0x1e8 ./Drivers/STM32F4xx_HAL_Driver/Src/stm32f4xx_hal_rcc.o
 .debug_macro   0x000000000001fde2      0x1d3 ./Drivers/STM32F4xx_HAL_Driver/Src/stm32f4xx_hal_spi.o
 .debug_macro   0x000000000001ffb5      0x1c5 ./Drivers/STM32F4xx_HAL_Driver/Src/stm32f4xx_hal_uart.o
 .debug_macro   0x000000000002017a      0x29a G:/github/public/stm32_bootloader_library/f407_led_demo/utils/libSTM32F407.elf(lib_debug.o)
 .debug_macro   0x0000000000020414       0x58 G:/github/public/stm32_bootloader_library/f407_led_demo/utils/libSTM32F407.elf(lib_debug.o)
 .debug_macro   0x000000000002046c       0x10 G:/github/public/stm32_bootloader_library/f407_led_demo/utils/libSTM32F407.elf(lib_debug.o)
 .debug_macro   0x000000000002047c      0x295 G:/github/public/stm32_bootloader_library/f407_led_demo/utils/libSTM32F407.elf(lib_debug.o)
 .debug_macro   0x0000000000020711      0x22b G:/github/public/stm32_bootloader_library/f407_led_demo/utils/libSTM32F407.elf(lib_debug.o)
 .debug_macro   0x000000000002093c       0x64 G:/github/public/stm32_bootloader_library/f407_led_demo/utils/libSTM32F407.elf(lib_debug.o)
 .debug_macro   0x00000000000209a0       0x10 G:/github/public/stm32_bootloader_library/f407_led_demo/utils/libSTM32F407.elf(lib_debug.o)
 .debug_macro   0x00000000000209b0       0x52 G:/github/public/stm32_bootloader_library/f407_led_demo/utils/libSTM32F407.elf(lib_debug.o)
 .debug_macro   0x0000000000020a02      0x333 G:/github/public/stm32_bootloader_library/f407_led_demo/utils/libSTM32F407.elf(lib_debug.o)
 .debug_macro   0x0000000000020d35      0x1a9 G:/github/public/stm32_bootloader_library/f407_led_demo/utils/libSTM32F407.elf(lib_debug.o)
 .debug_macro   0x0000000000020ede      0x2c9 G:/github/public/stm32_bootloader_library/f407_led_demo/utils/libSTM32F407.elf(lib_ringbuffer.o)
 .debug_macro   0x00000000000211a7      0x10e G:/github/public/stm32_bootloader_library/f407_led_demo/utils/libSTM32F407.elf(lib_ringbuffer.o)
 .debug_macro   0x00000000000212b5       0x8d G:/github/public/stm32_bootloader_library/f407_led_demo/utils/libSTM32F407.elf(lib_ringbuffer.o)
 .debug_macro   0x0000000000021342       0x16 G:/github/public/stm32_bootloader_library/f407_led_demo/utils/libSTM32F407.elf(lib_ringbuffer.o)
 .debug_macro   0x0000000000021358       0x20 G:/github/public/stm32_bootloader_library/f407_led_demo/utils/libSTM32F407.elf(lib_ringbuffer.o)
 .debug_macro   0x0000000000021378       0xd9 G:/github/public/stm32_bootloader_library/f407_led_demo/utils/libSTM32F407.elf(lib_ringbuffer.o)
 .debug_macro   0x0000000000021451       0x56 G:/github/public/stm32_bootloader_library/f407_led_demo/utils/libSTM32F407.elf(lib_ringbuffer.o)
 .debug_macro   0x00000000000214a7      0x237 G:/github/public/stm32_bootloader_library/f407_led_demo/utils/libSTM32F407.elf(lib_ringbuffer.o)
 .debug_macro   0x00000000000216de      0x215 G:/github/public/stm32_bootloader_library/f407_led_demo/utils/libSTM32F407.elf(lib_system.o)
 .debug_macro   0x00000000000218f3       0x16 G:/github/public/stm32_bootloader_library/f407_led_demo/utils/libSTM32F407.elf(lib_system.o)
 .debug_macro   0x0000000000021909       0x10 G:/github/public/stm32_bootloader_library/f407_led_demo/utils/libSTM32F407.elf(lib_system.o)
 .debug_macro   0x0000000000021919       0x10 G:/github/public/stm32_bootloader_library/f407_led_demo/utils/libSTM32F407.elf(lib_system.o)
 .debug_macro   0x0000000000021929       0x6a G:/github/public/stm32_bootloader_library/f407_led_demo/utils/libSTM32F407.elf(lib_system.o)
 .debug_macro   0x0000000000021993      0x381 G:/github/public/stm32_bootloader_library/f407_led_demo/utils/libSTM32F407.elf(lib_flash.o)
 .debug_macro   0x0000000000021d14       0x16 G:/github/public/stm32_bootloader_library/f407_led_demo/utils/libSTM32F407.elf(lib_flash.o)
 .debug_macro   0x0000000000021d2a       0x97 G:/github/public/stm32_bootloader_library/f407_led_demo/utils/libSTM32F407.elf(lib_flash.o)
 .debug_macro   0x0000000000021dc1       0xfd G:/github/public/stm32_bootloader_library/f407_led_demo/utils/libSTM32F407.elf(lib_flash.o)
 .debug_macro   0x0000000000021ebe       0x10 G:/github/public/stm32_bootloader_library/f407_led_demo/utils/libSTM32F407.elf(lib_flash.o)
 .debug_macro   0x0000000000021ece      0x39d G:/github/public/stm32_bootloader_library/f407_led_demo/utils/libSTM32F407.elf(lib_menu.o)
 .debug_macro   0x000000000002226b       0x10 G:/github/public/stm32_bootloader_library/f407_led_demo/utils/libSTM32F407.elf(lib_menu.o)