Archive member included to satisfy reference by file (symbol)

G:/github/public/stm32_bootloader_library/f407_tft_demo/utils/libSTM32F407.elf(lib_debug.o)
                              ./Core/Src/main.o (UART_rxIntrWrite)
G:/github/public/stm32_bootloader_library/f407_tft_demo/utils/libSTM32F407.elf(lib_delay.o)
                              ./Core/Src/tft.o (delay)
G:/github/public/stm32_bootloader_library/f407_tft_demo/utils/libSTM32F407.elf(lib_flash.o)
                              ./Core/Src/tft.o (FLASH_getAppSize)
G:/github/public/stm32_bootloader_library/f407_tft_demo/utils/libSTM32F407.elf(lib_ota.o)
                              ./Core/Src/tft.o (OTA_getProgressPercentage)
G:/github/public/stm32_bootloader_library/f407_tft_demo/utils/libSTM32F407.elf(lib_ringbuffer.o)
                              G:/github/public/stm32_bootloader_library/f407_tft_demo/utils/libSTM32F407.elf(lib_debug.o) (RB_init)
G:/github/public/stm32_bootloader_library/f407_tft_demo/utils/libSTM32F407.elf(lib_system.o)
                              ./Core/Src/main.o (SYSTEM_init)
G:/github/public/stm32_bootloader_library/f407_tft_demo/utils/libSTM32F407.elf(stdutils.o)
                              G:/github/public/stm32_bootloader_library/f407_tft_demo/utils/libSTM32F407.elf(lib_flash.o) (util_getCrc32OnFly)
G:/github/public/stm32_bootloader_library/f407_tft_demo/utils/libSTM32F407.elf(lib_menu.o)
                              G:/github/public/stm32_bootloader_library/f407_tft_demo/utils/libSTM32F407.elf(lib_system.o) (MENU_sync)
c:/st/stm32cubeide_1.6.1/stm32cubeide/plugins/com.st.stm32cube.ide.mcu.externaltools.gnu-tools-for-stm32.9-2020-q2-update.win32_2.0.0.202105311346/tools/bin/../lib/gcc/arm-none-eabi/9.3.1/../../../../arm-none-eabi/lib/thumb/v7e-m+fp/hard\libc_nano.a(lib_a-errno.o)
                              ./Core/Src/syscalls.o (__errno)
c:/st/stm32cubeide_1.6.1/stm32cubeide/plugins/com.st.stm32cube.ide.mcu.externaltools.gnu-tools-for-stm32.9-2020-q2-update.win32_2.0.0.202105311346/tools/bin/../lib/gcc/arm-none-eabi/9.3.1/../../../../arm-none-eabi/lib/thumb/v7e-m+fp/hard\libc_nano.a(lib_a-exit.o)
                              c:/st/stm32cubeide_1.6.1/stm32cubeide/plugins/com.st.stm32cube.ide.mcu.externaltools.gnu-tools-for-stm32.9-2020-q2-update.win32_2.0.0.202105311346/tools/bin/../lib/gcc/arm-none-eabi/9.3.1/../../../../arm-none-eabi/lib/thumb/v7e-m+fp/hard/crt0.o (exit)
c:/st/stm32cubeide_1.6.1/stm32cubeide/plugins/com.st.stm32cube.ide.mcu.externaltools.gnu-tools-for-stm32.9-2020-q2-update.win32_2.0.0.202105311346/tools/bin/../lib/gcc/arm-none-eabi/9.3.1/../../../../arm-none-eabi/lib/thumb/v7e-m+fp/hard\libc_nano.a(lib_a-impure.o)
                              c:/st/stm32cubeide_1.6.1/stm32cubeide/plugins/com.st.stm32cube.ide.mcu.externaltools.gnu-tools-for-stm32.9-2020-q2-update.win32_2.0.0.202105311346/tools/bin/../lib/gcc/arm-none-eabi/9.3.1/../../../../arm-none-eabi/lib/thumb/v7e-m+fp/hard\libc_nano.a(lib_a-exit.o) (_global_impure_ptr)
c:/st/stm32cubeide_1.6.1/stm32cubeide/plugins/com.st.stm32cube.ide.mcu.externaltools.gnu-tools-for-stm32.9-2020-q2-update.win32_2.0.0.202105311346/tools/bin/../lib/gcc/arm-none-eabi/9.3.1/../../../../arm-none-eabi/lib/thumb/v7e-m+fp/hard\libc_nano.a(lib_a-init.o)
                              c:/st/stm32cubeide_1.6.1/stm32cubeide/plugins/com.st.stm32cube.ide.mcu.externaltools.gnu-tools-for-stm32.9-2020-q2-update.win32_2.0.0.202105311346/tools/bin/../lib/gcc/arm-none-eabi/9.3.1/../../../../arm-none-eabi/lib/thumb/v7e-m+fp/hard/crt0.o (__libc_init_array)
c:/st/stm32cubeide_1.6.1/stm32cubeide/plugins/com.st.stm32cube.ide.mcu.externaltools.gnu-tools-for-stm32.9-2020-q2-update.win32_2.0.0.202105311346/tools/bin/../lib/gcc/arm-none-eabi/9.3.1/../../../../arm-none-eabi/lib/thumb/v7e-m+fp/hard\libc_nano.a(lib_a-malloc.o)
                              ./Core/Src/ili9341.o (malloc)
c:/st/stm32cubeide_1.6.1/stm32cubeide/plugins/com.st.stm32cube.ide.mcu.externaltools.gnu-tools-for-stm32.9-2020-q2-update.win32_2.0.0.202105311346/tools/bin/../lib/gcc/arm-none-eabi/9.3.1/../../../../arm-none-eabi/lib/thumb/v7e-m+fp/hard\libc_nano.a(lib_a-memcpy-stub.o)
                              G:/github/public/stm32_bootloader_library/f407_tft_demo/utils/libSTM32F407.elf(lib_ringbuffer.o) (memcpy)
c:/st/stm32cubeide_1.6.1/stm32cubeide/plugins/com.st.stm32cube.ide.mcu.externaltools.gnu-tools-for-stm32.9-2020-q2-update.win32_2.0.0.202105311346/tools/bin/../lib/gcc/arm-none-eabi/9.3.1/../../../../arm-none-eabi/lib/thumb/v7e-m+fp/hard\libc_nano.a(lib_a-memset.o)
                              c:/st/stm32cubeide_1.6.1/stm32cubeide/plugins/com.st.stm32cube.ide.mcu.externaltools.gnu-tools-for-stm32.9-2020-q2-update.win32_2.0.0.202105311346/tools/bin/../lib/gcc/arm-none-eabi/9.3.1/../../../../arm-none-eabi/lib/thumb/v7e-m+fp/hard/crt0.o (memset)
[...]
Memory Configuration

Name             Origin             Length             Attributes
CCMRAM           0x0000000010000000 0x0000000000010000 xrw
RAM              0x0000000020000000 0x0000000000020000 xrw
FLASH            0x0000000008010000 0x0000000000070000 xr
*default*        0x0000000000000000 0xffffffffffffffff

Linker script and memory map

LOAD c:/st/stm32cubeide_1.6.1/stm32cubeide/plugins/com.st.stm32cube.ide.mcu.externaltools.gnu-tools-for-stm32.9-2020-q2-update.win32_2.0.0.202105311346/tools/bin/../lib/gcc/arm-none-eabi/9.3.1/thumb/v7e-m+fp/hard/crti.o
LOAD c:/st/stm32cubeide_1.6.1/stm32cubeide/plugins/com.st.stm32cube.ide.mcu.externaltools.gnu-tools-for-stm32.9-2020-q2-update.win32_2.0.0.202105311346/tools/bin/../lib/gcc/arm-none-eabi/9.3.1/thumb/v7e-m+fp/hard/crtbegin.o
LOAD c:/st/stm32cubeide_1.6.1/stm32cubeide/plugins/com.st.stm32cube.ide.mcu.externaltools.gnu-tools-for-stm32.9-2020-q2-update.win32_2.0.0.202105311346/tools/bin/../lib/gcc/arm-none-eabi/9.3.1/../../../../arm-none-eabi/lib/thumb/v7e-m+fp/hard/crt0.o
LOAD ./Core/Src/ili9341.o
LOAD ./Core/Src/ili9341_font.o
LOAD ./Core/Src/ili9341_gfx.o
LOAD ./Core/Src/main.o
LOAD ./Core/Src/stm32f4xx_hal_msp.o
LOAD ./Core/Src/stm32f4xx_it.o
LOAD ./Core/Src/syscalls.o
LOAD ./Core/Src/sysmem.o
LOAD ./Core/Src/system_stm32f4xx.o
LOAD ./Core/Src/tft.o
LOAD ./Core/Startup/startup_stm32f407vgtx.o
LOAD ./Drivers/STM32F4xx_HAL_Driver/Src/stm32f4xx_hal.o
LOAD ./Drivers/STM32F4xx_HAL_Driver/Src/stm32f4xx_hal_cortex.o
LOAD ./Drivers/STM32F4xx_HAL_Driver/Src/stm32f4xx_hal_dma.o
LOAD ./Drivers/STM32F4xx_HAL_Driver/Src/stm32f4xx_hal_dma_ex.o
LOAD ./Drivers/STM32F4xx_HAL_Driver/Src/stm32f4xx_hal_exti.o
LOAD ./Drivers/STM32F4xx_HAL_Driver/Src/stm32f4xx_hal_flash.o
LOAD ./Drivers/STM32F4xx_HAL_Driver/Src/stm32f4xx_hal_flash_ex.o
LOAD ./Drivers/STM32F4xx_HAL_Driver/Src/stm32f4xx_hal_flash_ramfunc.o
LOAD ./Drivers/STM32F4xx_HAL_Driver/Src/stm32f4xx_hal_gpio.o
LOAD ./Drivers/STM32F4xx_HAL_Driver/Src/stm32f4xx_hal_pwr.o
LOAD ./Drivers/STM32F4xx_HAL_Driver/Src/stm32f4xx_hal_pwr_ex.o
LOAD ./Drivers/STM32F4xx_HAL_Driver/Src/stm32f4xx_hal_rcc.o
LOAD ./Drivers/STM32F4xx_HAL_Driver/Src/stm32f4xx_hal_rcc_ex.o
LOAD ./Drivers/STM32F4xx_HAL_Driver/Src/stm32f4xx_hal_spi.o
LOAD ./Drivers/STM32F4xx_HAL_Driver/Src/stm32f4xx_hal_tim.o
LOAD ./Drivers/STM32F4xx_HAL_Driver/Src/stm32f4xx_hal_tim_ex.o
LOAD ./Drivers/STM32F4xx_HAL_Driver/Src/stm32f4xx_hal_uart.o
LOAD G:/github/public/stm32_bootloader_library/f407_tft_demo/utils/libSTM32F407.elf
START GROUP
LOAD c:/st/stm32cubeide_1.6.1/stm32cubeide/plugins/com.st.stm32cube.ide.mcu.externaltools.gnu-tools-for-stm32.9-2020-q2-update.win32_2.0.0.202105311346/tools/bin/../lib/gcc/arm-none-eabi/9.3.1/../../../../arm-none-eabi/lib/thumb/v7e-m+fp/hard\libc_nano.a
LOAD c:/st/stm32cubeide_1.6.1/stm32cubeide/plugins/com.st.stm32cube.ide.mcu.externaltools.gnu-tools-for-stm32.9-2020-q2-update.win32_2.0.0.202105311346/tools/bin/../lib/gcc/arm-none-eabi/9.3.1/../../../../arm-none-eabi/lib/thumb/v7e-m+fp/hard\libm.a
END GROUP
START GROUP
LOAD c:/st/stm32cubeide_1.6.1/stm32cubeide/plugins/com.st.stm32cube.ide.mcu.externaltools.gnu-tools-for-stm32.9-2020-q2-update.win32_2.0.0.202105311346/tools/bin/../lib/gcc/arm-none-eabi/9.3.1/thumb/v7e-m+fp/hard\libgcc.a
LOAD c:/st/stm32cubeide_1.6.1/stm32cubeide/plugins/com.st.stm32cube.ide.mcu.externaltools.gnu-tools-for-stm32.9-2020-q2-update.win32_2.0.0.202105311346/tools/bin/../lib/gcc/arm-none-eabi/9.3.1/../../../../arm-none-eabi/lib/thumb/v7e-m+fp/hard\libc_nano.a
END GROUP
START GROUP
LOAD c:/st/stm32cubeide_1.6.1/stm32cubeide/plugins/com.st.stm32cube.ide.mcu.externaltools.gnu-tools-for-stm32.9-2020-q2-update.win32_2.0.0.202105311346/tools/bin/../lib/gcc/arm-none-eabi/9.3.1/thumb/v7e-m+fp/hard\libgcc.a
LOAD c:/st/stm32cubeide_1.6.1/stm32cubeide/plugins/com.st.stm32cube.ide.mcu.externaltools.gnu-tools-for-stm32.9-2020-q2-update.win32_2.0.0.202105311346/tools/bin/../lib/gcc/arm-none-eabi/9.3.1/../../../../arm-none-eabi/lib/thumb/v7e-m+fp/hard\libc_nano.a
LOAD c:/st/stm32cubeide_1.6.1/stm32cubeide/plugins/com.st.stm32cube.ide.mcu.externaltools.gnu-tools-for-stm32.9-2020-q2-update.win32_2.0.0.202105311346/tools/bin/../lib/gcc/arm-none-eabi/9.3.1/../../../../arm-none-eabi/lib/thumb/v7e-m+fp/hard\libnosys.a
END GROUP
START GROUP
LOAD c:/st/stm32cubeide_1.6.1/stm32cubeide/plugins/com.st.stm32cube.ide.mcu.externaltools.gnu-tools-for-stm32.9-2020-q2-update.win32_2.0.0.202105311346/tools/bin/../lib/gcc/arm-none-eabi/9.3.1/thumb/v7e-m+fp/hard\libgcc.a
LOAD c:/st/stm32cubeide_1.6.1/stm32cubeide/plugins/com.st.stm32cube.ide.mcu.externaltools.gnu-tools-for-stm32.9-2020-q2-update.win32_2.0.0.202105311346/tools/bin/../lib/gcc/arm-none-eabi/9.3.1/../../../../arm-none-eabi/lib/thumb/v7e-m+fp/hard\libc_nano.a
LOAD c:/st/stm32cubeide_1.6.1/stm32cubeide/plugins/com.st.stm32cube.ide.mcu.externaltools.gnu-tools-for-stm32.9-2020-q2-update.win32_2.0.0.202105311346/tools/bin/../lib/gcc/arm-none-eabi/9.3.1/../../../../arm-none-eabi/lib/thumb/v7e-m+fp/hard\libnosys.a
END GROUP
LOAD c:/st/stm32cubeide_1.6.1/stm32cubeide/plugins/com.st.stm32cube.ide.mcu.externaltools.gnu-tools-for-stm32.9-2020-q2-update.win32_2.0.0.202105311346/tools/bin/../lib/gcc/arm-none-eabi/9.3.1/thumb/v7e-m+fp/hard/crtend.o
LOAD c:/st/stm32cubeide_1.6.1/stm32cubeide/plugins/com.st.stm32cube.ide.mcu.externaltools.gnu-tools-for-stm32.9-2020-q2-update.win32_2.0.0.202105311346/tools/bin/../lib/gcc/arm-none-eabi/9.3.1/thumb/v7e-m+fp/hard/crtn.o
                0x0000000020020000                _estack = (ORIGIN (RAM) + LENGTH (RAM))
                0x0000000000002000                _Min_Heap_Size = 0x2000
                0x0000000000004000                _Min_Stack_Size = 0x4000

.isr_vector     0x0000000008010000      0x188
                0x0000000008010000                . = ALIGN (0x4)
 *(.isr_vector)
 .isr_vector    0x0000000008010000      0x188 ./Core/Startup/startup_stm32f407vgtx.o
                0x0000000008010000                g_pfnVectors
                0x0000000008010188                . = ALIGN (0x4)

.text           0x0000000008010190     0x7540
                0x0000000008010190                . = ALIGN (0x4)
 *(.text)
 .text          0x0000000008010190       0x40 c:/st/stm32cubeide_1.6.1/stm32cubeide/plugins/com.st.stm32cube.ide.mcu.externaltools.gnu-tools-for-stm32.9-2020-q2-update.win32_2.0.0.202105311346/tools/bin/../lib/gcc/arm-none-eabi/9.3.1/thumb/v7e-m+fp/hard/crtbegin.o
 .text          0x00000000080101d0       0x14 c:/st/stm32cubeide_1.6.1/stm32cubeide/plugins/com.st.stm32cube.ide.mcu.externaltools.gnu-tools-for-stm32.9-2020-q2-update.win32_2.0.0.202105311346/tools/bin/../lib/gcc/arm-none-eabi/9.3.1/../../../../arm-none-eabi/lib/thumb/v7e-m+fp/hard\libc_nano.a(lib_a-strcmp.o)
                0x00000000080101d0                strcmp
 .text          0x00000000080101e4       0x10 c:/st/stm32cubeide_1.6.1/stm32cubeide/plugins/com.st.stm32cube.ide.mcu.externaltools.gnu-tools-for-stm32.9-2020-q2-update.win32_2.0.0.202105311346/tools/bin/../lib/gcc/arm-none-eabi/9.3.1/../../../../arm-none-eabi/lib/thumb/v7e-m+fp/hard\libc_nano.a(lib_a-strlen.o)
                0x00000000080101e4                strlen
 *fill*         0x00000000080101f4        0xc 
 .text          0x0000000008010200       0xa0 c:/st/stm32cubeide_1.6.1/stm32cubeide/plugins/com.st.stm32cube.ide.mcu.externaltools.gnu-tools-for-stm32.9-2020-q2-update.win32_2.0.0.202105311346/tools/bin/../lib/gcc/arm-none-eabi/9.3.1/../../../../arm-none-eabi/lib/thumb/v7e-m+fp/hard\libc_nano.a(lib_a-memchr.o)
                0x0000000008010200                memchr
 .text          0x00000000080102a0       0x30 c:/st/stm32cubeide_1.6.1/stm32cubeide/plugins/com.st.stm32cube.ide.mcu.externaltools.gnu-tools-for-stm32.9-2020-q2-update.win32_2.0.0.202105311346/tools/bin/../lib/gcc/arm-none-eabi/9.3.1/thumb/v7e-m+fp/hard\libgcc.a(_aeabi_uldivmod.o)
                0x00000000080102a0                __aeabi_uldivmod
 .text          0x00000000080102d0      0x2c4 c:/st/stm32cubeide_1.6.1/stm32cubeide/plugins/com.st.stm32cube.ide.mcu.externaltools.gnu-tools-for-stm32.9-2020-q2-update.win32_2.0.0.202105311346/tools/bin/../lib/gcc/arm-none-eabi/9.3.1/thumb/v7e-m+fp/hard\libgcc.a(_udivmoddi4.o)
                0x00000000080102d0                __udivmoddi4
 .text          0x0000000008010594        0x4 c:/st/stm32cubeide_1.6.1/stm32cubeide/plugins/com.st.stm32cube.ide.mcu.externaltools.gnu-tools-for-stm32.9-2020-q2-update.win32_2.0.0.202105311346/tools/bin/../lib/gcc/arm-none-eabi/9.3.1/thumb/v7e-m+fp/hard\libgcc.a(_dvmd_tls.o)
                0x0000000008010594                __aeabi_idiv0
                0x0000000008010594                __aeabi_ldiv0
 *(.text*)
 .text.ili9341_new
                0x0000000008010598      0x234 ./Core/Src/ili9341.o
                0x0000000008010598                ili9341_new
 .text.ili9341_spi_tft_select
                0x00000000080107cc       0x20 ./Core/Src/ili9341.o
                0x00000000080107cc                ili9341_spi_tft_select
 .text.ili9341_spi_tft_release
                0x00000000080107ec       0x20 ./Core/Src/ili9341.o
                0x00000000080107ec                ili9341_spi_tft_release
 .text.ili9341_spi_touch_select
                0x000000000801080c       0x20 ./Core/Src/ili9341.o
                0x000000000801080c                ili9341_spi_touch_select
 .text.ili9341_spi_touch_release
                0x000000000801082c       0x20 ./Core/Src/ili9341.o
                0x000000000801082c                ili9341_spi_touch_release
 .text.ili9341_spi_slave_select
                0x000000000801084c       0x32 ./Core/Src/ili9341.o
                0x000000000801084c                ili9341_spi_slave_select
 .text.ili9341_spi_slave_release
                0x000000000801087e       0x32 ./Core/Src/ili9341.o
                0x000000000801087e                ili9341_spi_slave_release
 .text.ili9341_spi_write_command
                0x00000000080108b0       0x70 ./Core/Src/ili9341.o
                0x00000000080108b0                ili9341_spi_write_command
 .text.ili9341_spi_write_data
                0x0000000008010920       0x72 ./Core/Src/ili9341.o
                0x0000000008010920                ili9341_spi_write_data
 .text.ili9341_spi_write_command_data
                0x0000000008010992       0x76 ./Core/Src/ili9341.o
                0x0000000008010992                ili9341_spi_write_command_data
 .text.ili9341_reset
                0x0000000008010a08       0x42 ./Core/Src/ili9341.o
 *fill*         0x0000000008010a4a        0x2 
 .text.ili9341_initialize
                0x0000000008010a4c      0x2c0 ./Core/Src/ili9341.o
 .text.ili9341_screen_size
                0x0000000008010d0c       0x60 ./Core/Src/ili9341.o
 .text.ili9341_screen_rotation
                0x0000000008010d6c       0x38 ./Core/Src/ili9341.o
 .text.glyph_index
                0x0000000008010da4       0x2c ./Core/Src/ili9341_font.o
                0x0000000008010da4                glyph_index
 .text.ili9341_spi_tft_set_address_rect
                0x0000000008010dd0       0xa2 ./Core/Src/ili9341_gfx.o
                0x0000000008010dd0                ili9341_spi_tft_set_address_rect
 .text.ili9341_transmit_wait
                0x0000000008010e72       0x2e ./Core/Src/ili9341_gfx.o
                0x0000000008010e72                ili9341_transmit_wait
 .text.ili9341_transmit_color
                0x0000000008010ea0       0x4a ./Core/Src/ili9341_gfx.o
                0x0000000008010ea0                ili9341_transmit_color
 .text.ili9341_draw_pixel
                0x0000000008010eea       0xb0 ./Core/Src/ili9341_gfx.o
                0x0000000008010eea                ili9341_draw_pixel
 .text.ili9341_draw_line
                0x0000000008010f9a      0x1da ./Core/Src/ili9341_gfx.o
                0x0000000008010f9a                ili9341_draw_line
 .text.ili9341_draw_rect
                0x0000000008011174       0xe0 ./Core/Src/ili9341_gfx.o
                0x0000000008011174                ili9341_draw_rect
 .text.ili9341_fill_rect
                0x0000000008011254      0x124 ./Core/Src/ili9341_gfx.o
                0x0000000008011254                ili9341_fill_rect
 .text.ili9341_fill_screen
                0x0000000008011378       0x2c ./Core/Src/ili9341_gfx.o
                0x0000000008011378                ili9341_fill_screen
 .text.ili9341_draw_char
                0x00000000080113a4      0x1d0 ./Core/Src/ili9341_gfx.o
                0x00000000080113a4                ili9341_draw_char
 .text.ili9341_draw_string
                0x0000000008011574       0x9a ./Core/Src/ili9341_gfx.o
                0x0000000008011574                ili9341_draw_string
 .text.ili9341_clip_rect
                0x000000000801160e      0x13e ./Core/Src/ili9341_gfx.o
 .text.system_ledBlink
                0x000000000801174c       0xb4 ./Core/Src/main.o
                0x000000000801174c                system_ledBlink
 .text.main     0x0000000008011800       0x6c ./Core/Src/main.o
                0x0000000008011800                main
 .text.SystemClock_Config
                0x000000000801186c       0xd0 ./Core/Src/main.o
                0x000000000801186c                SystemClock_Config
 .text.MX_SPI1_Init
                0x000000000801193c       0x6c ./Core/Src/main.o
 .text.MX_USART2_UART_Init
                0x00000000080119a8       0x54 ./Core/Src/main.o
 .text.MX_DMA_Init
                0x00000000080119fc       0x6c ./Core/Src/main.o
 .text.MX_GPIO_Init
                0x0000000008011a68      0x114 ./Core/Src/main.o
 .text.HAL_UART_RxCpltCallback
                0x0000000008011b7c       0x2c ./Core/Src/main.o
                0x0000000008011b7c                HAL_UART_RxCpltCallback
 .text.Error_Handler
                0x0000000008011ba8        0xa ./Core/Src/main.o
                0x0000000008011ba8                Error_Handler
 *fill*         0x0000000008011bb2        0x2 
 .text.HAL_MspInit
                0x0000000008011bb4       0x50 ./Core/Src/stm32f4xx_hal_msp.o
                0x0000000008011bb4                HAL_MspInit
 .text.HAL_SPI_MspInit
                0x0000000008011c04      0x104 ./Core/Src/stm32f4xx_hal_msp.o
                0x0000000008011c04                HAL_SPI_MspInit
 .text.HAL_UART_MspInit
                0x0000000008011d08       0xf4 ./Core/Src/stm32f4xx_hal_msp.o
                0x0000000008011d08                HAL_UART_MspInit
 .text.NMI_Handler
                0x0000000008011dfc        0x6 ./Core/Src/stm32f4xx_it.o
                0x0000000008011dfc                NMI_Handler
 .text.HardFault_Handler
                0x0000000008011e02        0x6 ./Core/Src/stm32f4xx_it.o
                0x0000000008011e02                HardFault_Handler
 .text.MemManage_Handler
                0x0000000008011e08        0x6 ./Core/Src/stm32f4xx_it.o
                0x0000000008011e08                MemManage_Handler
 .text.BusFault_Handler
                0x0000000008011e0e        0x6 ./Core/Src/stm32f4xx_it.o
                0x0000000008011e0e                BusFault_Handler
 .text.UsageFault_Handler
                0x0000000008011e14        0x6 ./Core/Src/stm32f4xx_it.o
                0x0000000008011e14                UsageFault_Handler
 .text.SVC_Handler
                0x0000000008011e1a        0xe ./Core/Src/stm32f4xx_it.o
                0x0000000008011e1a                SVC_Handler
 .text.DebugMon_Handler
                0x0000000008011e28        0xe ./Core/Src/stm32f4xx_it.o
                0x0000000008011e28                DebugMon_Handler
 .text.PendSV_Handler
                0x0000000008011e36        0xe ./Core/Src/stm32f4xx_it.o
                0x0000000008011e36                PendSV_Handler
 .text.SysTick_Handler
                0x0000000008011e44        0xc ./Core/Src/stm32f4xx_it.o
                0x0000000008011e44                SysTick_Handler
 .text.DMA1_Stream5_IRQHandler
                0x0000000008011e50       0x14 ./Core/Src/stm32f4xx_it.o
                0x0000000008011e50                DMA1_Stream5_IRQHandler
 .text.SPI1_IRQHandler
                0x0000000008011e64       0x14 ./Core/Src/stm32f4xx_it.o
                0x0000000008011e64                SPI1_IRQHandler
 .text.DMA2_Stream3_IRQHandler
                0x0000000008011e78       0x14 ./Core/Src/stm32f4xx_it.o
                0x0000000008011e78                DMA2_Stream3_IRQHandler
 .text._sbrk    0x0000000008011e8c       0x6c ./Core/Src/sysmem.o
                0x0000000008011e8c                _sbrk
 .text.SystemInit
                0x0000000008011ef8       0x24 ./Core/Src/system_stm32f4xx.o
                0x0000000008011ef8                SystemInit
 .text.tft_init
                0x0000000008011f1c       0x5c ./Core/Src/tft.o
                0x0000000008011f1c                tft_init
 .text.tft_drawRectangle
                0x0000000008011f78       0x40 ./Core/Src/tft.o
                0x0000000008011f78                tft_drawRectangle
 .text.tft_fillRectangle
                0x0000000008011fb8       0x40 ./Core/Src/tft.o
                0x0000000008011fb8                tft_fillRectangle
 .text.tft_print
                0x0000000008011ff8       0x88 ./Core/Src/tft.o
                0x0000000008011ff8                tft_print
 .text.tft_printCenter
                0x0000000008012080       0x98 ./Core/Src/tft.o
                0x0000000008012080                tft_printCenter
 .text.tft_header
                0x0000000008012118       0xa8 ./Core/Src/tft.o
 .text.tft_displayCounter
                0x00000000080121c0       0x58 ./Core/Src/tft.o
                0x00000000080121c0                tft_displayCounter
 .text.tft_displayProgress
                0x0000000008012218      0x1f8 ./Core/Src/tft.o
                0x0000000008012218                tft_displayProgress
 .text.tft_welcomeScreen
                0x0000000008012410       0x84 ./Core/Src/tft.o
                0x0000000008012410                tft_welcomeScreen
 .text.Reset_Handler
                0x0000000008012494       0x50 ./Core/Startup/startup_stm32f407vgtx.o
                0x0000000008012494                Reset_Handler
 .text.Default_Handler
                0x00000000080124e4        0x2 ./Core/Startup/startup_stm32f407vgtx.o
                0x00000000080124e4                RTC_Alarm_IRQHandler
                0x00000000080124e4                HASH_RNG_IRQHandler
                0x00000000080124e4                EXTI2_IRQHandler
                0x00000000080124e4                TIM8_CC_IRQHandler
                0x00000000080124e4                TIM1_CC_IRQHandler
                0x00000000080124e4                DMA2_Stream5_IRQHandler
                0x00000000080124e4                PVD_IRQHandler
                0x00000000080124e4                SDIO_IRQHandler
                0x00000000080124e4                TAMP_STAMP_IRQHandler
                0x00000000080124e4                CAN2_RX1_IRQHandler
                0x00000000080124e4                EXTI3_IRQHandler
                0x00000000080124e4                TIM8_TRG_COM_TIM14_IRQHandler
                0x00000000080124e4                TIM1_UP_TIM10_IRQHandler
                0x00000000080124e4                TIM8_UP_TIM13_IRQHandler
                0x00000000080124e4                I2C3_ER_IRQHandler
                0x00000000080124e4                EXTI0_IRQHandler
                0x00000000080124e4                I2C2_EV_IRQHandler
                0x00000000080124e4                DMA1_Stream2_IRQHandler
                0x00000000080124e4                CAN1_RX0_IRQHandler
                0x00000000080124e4                FPU_IRQHandler
                0x00000000080124e4                OTG_HS_WKUP_IRQHandler
                0x00000000080124e4                CAN2_SCE_IRQHandler
                0x00000000080124e4                DMA2_Stream2_IRQHandler
                0x00000000080124e4                TIM6_DAC_IRQHandler
                0x00000000080124e4                TIM1_BRK_TIM9_IRQHandler
                0x00000000080124e4                DCMI_IRQHandler
                0x00000000080124e4                CAN2_RX0_IRQHandler
                0x00000000080124e4                USART6_IRQHandler
                0x00000000080124e4                USART3_IRQHandler
                0x00000000080124e4                CAN1_RX1_IRQHandler
                0x00000000080124e4                UART5_IRQHandler
                0x00000000080124e4                DMA2_Stream0_IRQHandler
                0x00000000080124e4                TIM4_IRQHandler
                0x00000000080124e4                I2C1_EV_IRQHandler
                0x00000000080124e4                DMA1_Stream6_IRQHandler
                0x00000000080124e4                DMA1_Stream1_IRQHandler
                0x00000000080124e4                UART4_IRQHandler
                0x00000000080124e4                TIM3_IRQHandler
                0x00000000080124e4                RCC_IRQHandler
                0x00000000080124e4                TIM8_BRK_TIM12_IRQHandler
                0x00000000080124e4                Default_Handler
                0x00000000080124e4                EXTI15_10_IRQHandler
                0x00000000080124e4                ADC_IRQHandler
                0x00000000080124e4                DMA1_Stream7_IRQHandler
                0x00000000080124e4                TIM7_IRQHandler
                0x00000000080124e4                CAN2_TX_IRQHandler
                0x00000000080124e4                TIM5_IRQHandler
                0x00000000080124e4                DMA2_Stream7_IRQHandler
                0x00000000080124e4                I2C3_EV_IRQHandler
                0x00000000080124e4                EXTI9_5_IRQHandler
                0x00000000080124e4                RTC_WKUP_IRQHandler
                0x00000000080124e4                ETH_WKUP_IRQHandler
                0x00000000080124e4                SPI2_IRQHandler
                0x00000000080124e4                OTG_HS_EP1_IN_IRQHandler
                0x00000000080124e4                DMA1_Stream0_IRQHandler
                0x00000000080124e4                CAN1_TX_IRQHandler
                0x00000000080124e4                EXTI4_IRQHandler
                0x00000000080124e4                FSMC_IRQHandler
                0x00000000080124e4                ETH_IRQHandler
                0x00000000080124e4                OTG_HS_EP1_OUT_IRQHandler
                0x00000000080124e4                WWDG_IRQHandler
                0x00000000080124e4                TIM2_IRQHandler
                0x00000000080124e4                OTG_FS_WKUP_IRQHandler
                0x00000000080124e4                TIM1_TRG_COM_TIM11_IRQHandler
                0x00000000080124e4                OTG_HS_IRQHandler
                0x00000000080124e4                EXTI1_IRQHandler
                0x00000000080124e4                USART2_IRQHandler
                0x00000000080124e4                I2C2_ER_IRQHandler
                0x00000000080124e4                DMA2_Stream1_IRQHandler
                0x00000000080124e4                CAN1_SCE_IRQHandler
                0x00000000080124e4                FLASH_IRQHandler
                0x00000000080124e4                DMA2_Stream4_IRQHandler
                0x00000000080124e4                USART1_IRQHandler
                0x00000000080124e4                OTG_FS_IRQHandler
                0x00000000080124e4                SPI3_IRQHandler
                0x00000000080124e4                DMA1_Stream4_IRQHandler
                0x00000000080124e4                I2C1_ER_IRQHandler
                0x00000000080124e4                DMA2_Stream6_IRQHandler
                0x00000000080124e4                DMA1_Stream3_IRQHandler
 *fill*         0x00000000080124e6        0x2 
 .text.HAL_Init
                0x00000000080124e8       0x44 ./Drivers/STM32F4xx_HAL_Driver/Src/stm32f4xx_hal.o
                0x00000000080124e8                HAL_Init
 .text.HAL_InitTick
                0x000000000801252c       0x60 ./Drivers/STM32F4xx_HAL_Driver/Src/stm32f4xx_hal.o
                0x000000000801252c                HAL_InitTick
 .text.HAL_IncTick
                0x000000000801258c       0x28 ./Drivers/STM32F4xx_HAL_Driver/Src/stm32f4xx_hal.o
                0x000000000801258c                HAL_IncTick
 .text.HAL_GetTick
                0x00000000080125b4       0x18 ./Drivers/STM32F4xx_HAL_Driver/Src/stm32f4xx_hal.o
                0x00000000080125b4                HAL_GetTick
 .text.HAL_Delay
                0x00000000080125cc       0x48 ./Drivers/STM32F4xx_HAL_Driver/Src/stm32f4xx_hal.o
                0x00000000080125cc                HAL_Delay
 .text.__NVIC_SetPriorityGrouping
                0x0000000008012614       0x48 ./Drivers/STM32F4xx_HAL_Driver/Src/stm32f4xx_hal_cortex.o
 .text.__NVIC_GetPriorityGrouping
                0x000000000801265c       0x1c ./Drivers/STM32F4xx_HAL_Driver/Src/stm32f4xx_hal_cortex.o
 .text.__NVIC_EnableIRQ
                0x0000000008012678       0x3c ./Drivers/STM32F4xx_HAL_Driver/Src/stm32f4xx_hal_cortex.o
 .text.__NVIC_SetPriority
                0x00000000080126b4       0x54 ./Drivers/STM32F4xx_HAL_Driver/Src/stm32f4xx_hal_cortex.o
 .text.NVIC_EncodePriority
                0x0000000008012708       0x66 ./Drivers/STM32F4xx_HAL_Driver/Src/stm32f4xx_hal_cortex.o
 *fill*         0x000000000801276e        0x2 
 .text.SysTick_Config
                0x0000000008012770       0x44 ./Drivers/STM32F4xx_HAL_Driver/Src/stm32f4xx_hal_cortex.o
 .text.HAL_NVIC_SetPriorityGrouping
                0x00000000080127b4       0x16 ./Drivers/STM32F4xx_HAL_Driver/Src/stm32f4xx_hal_cortex.o
                0x00000000080127b4                HAL_NVIC_SetPriorityGrouping
 .text.HAL_NVIC_SetPriority
                0x00000000080127ca       0x38 ./Drivers/STM32F4xx_HAL_Driver/Src/stm32f4xx_hal_cortex.o
                0x00000000080127ca                HAL_NVIC_SetPriority
 .text.HAL_NVIC_EnableIRQ
                0x0000000008012802       0x1c ./Drivers/STM32F4xx_HAL_Driver/Src/stm32f4xx_hal_cortex.o
                0x0000000008012802                HAL_NVIC_EnableIRQ
 .text.HAL_SYSTICK_Config
                0x000000000801281e       0x18 ./Drivers/STM32F4xx_HAL_Driver/Src/stm32f4xx_hal_cortex.o
                0x000000000801281e                HAL_SYSTICK_Config
 *fill*         0x0000000008012836        0x2 
 .text.HAL_DMA_Init
                0x0000000008012838      0x15c ./Drivers/STM32F4xx_HAL_Driver/Src/stm32f4xx_hal_dma.o
                0x0000000008012838                HAL_DMA_Init
 .text.HAL_DMA_Start_IT
                0x0000000008012994       0xb0 ./Drivers/STM32F4xx_HAL_Driver/Src/stm32f4xx_hal_dma.o
                0x0000000008012994                HAL_DMA_Start_IT
 .text.HAL_DMA_Abort_IT
                0x0000000008012a44       0x44 ./Drivers/STM32F4xx_HAL_Driver/Src/stm32f4xx_hal_dma.o
                0x0000000008012a44                HAL_DMA_Abort_IT
 .text.HAL_DMA_IRQHandler
                0x0000000008012a88      0x314 ./Drivers/STM32F4xx_HAL_Driver/Src/stm32f4xx_hal_dma.o
                0x0000000008012a88                HAL_DMA_IRQHandler
 .text.HAL_DMA_GetState
                0x0000000008012d9c       0x1c ./Drivers/STM32F4xx_HAL_Driver/Src/stm32f4xx_hal_dma.o
                0x0000000008012d9c                HAL_DMA_GetState
 .text.DMA_SetConfig
                0x0000000008012db8       0x5c ./Drivers/STM32F4xx_HAL_Driver/Src/stm32f4xx_hal_dma.o
 .text.DMA_CalcBaseAndBitshift
                0x0000000008012e14       0x6c ./Drivers/STM32F4xx_HAL_Driver/Src/stm32f4xx_hal_dma.o
 .text.DMA_CheckFifoParam
                0x0000000008012e80       0xf8 ./Drivers/STM32F4xx_HAL_Driver/Src/stm32f4xx_hal_dma.o
 .text.HAL_FLASH_Program
                0x0000000008012f78       0xa8 ./Drivers/STM32F4xx_HAL_Driver/Src/stm32f4xx_hal_flash.o
                0x0000000008012f78                HAL_FLASH_Program
 .text.HAL_FLASH_Unlock
                0x0000000008013020       0x44 ./Drivers/STM32F4xx_HAL_Driver/Src/stm32f4xx_hal_flash.o
                0x0000000008013020                HAL_FLASH_Unlock
 .text.HAL_FLASH_Lock
                0x0000000008013064       0x20 ./Drivers/STM32F4xx_HAL_Driver/Src/stm32f4xx_hal_flash.o
                0x0000000008013064                HAL_FLASH_Lock
 .text.HAL_FLASH_GetError
                0x0000000008013084       0x18 ./Drivers/STM32F4xx_HAL_Driver/Src/stm32f4xx_hal_flash.o
                0x0000000008013084                HAL_FLASH_GetError
 .text.FLASH_WaitForLastOperation
                0x000000000801309c       0x80 ./Drivers/STM32F4xx_HAL_Driver/Src/stm32f4xx_hal_flash.o
                0x000000000801309c                FLASH_WaitForLastOperation
 .text.FLASH_Program_DoubleWord
                0x000000000801311c       0x64 ./Drivers/STM32F4xx_HAL_Driver/Src/stm32f4xx_hal_flash.o
 .text.FLASH_Program_Word
                0x0000000008013180       0x44 ./Drivers/STM32F4xx_HAL_Driver/Src/stm32f4xx_hal_flash.o
 .text.FLASH_Program_HalfWord
                0x00000000080131c4       0x48 ./Drivers/STM32F4xx_HAL_Driver/Src/stm32f4xx_hal_flash.o
 .text.FLASH_Program_Byte
                0x000000000801320c       0x44 ./Drivers/STM32F4xx_HAL_Driver/Src/stm32f4xx_hal_flash.o
 .text.FLASH_SetErrorCode
                0x0000000008013250       0xac ./Drivers/STM32F4xx_HAL_Driver/Src/stm32f4xx_hal_flash.o
 .text.HAL_FLASHEx_Erase
                0x00000000080132fc       0xe0 ./Drivers/STM32F4xx_HAL_Driver/Src/stm32f4xx_hal_flash_ex.o
                0x00000000080132fc                HAL_FLASHEx_Erase
 .text.FLASH_MassErase
                0x00000000080133dc       0x48 ./Drivers/STM32F4xx_HAL_Driver/Src/stm32f4xx_hal_flash_ex.o
 .text.FLASH_Erase_Sector
                0x0000000008013424       0x90 ./Drivers/STM32F4xx_HAL_Driver/Src/stm32f4xx_hal_flash_ex.o
                0x0000000008013424                FLASH_Erase_Sector
 .text.FLASH_FlushCaches
                0x00000000080134b4       0x8c ./Drivers/STM32F4xx_HAL_Driver/Src/stm32f4xx_hal_flash_ex.o
                0x00000000080134b4                FLASH_FlushCaches
 .text.HAL_GPIO_Init
                0x0000000008013540      0x338 ./Drivers/STM32F4xx_HAL_Driver/Src/stm32f4xx_hal_gpio.o
                0x0000000008013540                HAL_GPIO_Init
 .text.HAL_GPIO_WritePin
                0x0000000008013878       0x32 ./Drivers/STM32F4xx_HAL_Driver/Src/stm32f4xx_hal_gpio.o
                0x0000000008013878                HAL_GPIO_WritePin
 *fill*         0x00000000080138aa        0x2 
 .text.HAL_RCC_OscConfig
                0x00000000080138ac      0x4f0 ./Drivers/STM32F4xx_HAL_Driver/Src/stm32f4xx_hal_rcc.o
                0x00000000080138ac                HAL_RCC_OscConfig
 .text.HAL_RCC_ClockConfig
                0x0000000008013d9c      0x1cc ./Drivers/STM32F4xx_HAL_Driver/Src/stm32f4xx_hal_rcc.o
                0x0000000008013d9c                HAL_RCC_ClockConfig
 .text.HAL_RCC_GetSysClockFreq
                0x0000000008013f68      0x1c4 ./Drivers/STM32F4xx_HAL_Driver/Src/stm32f4xx_hal_rcc.o
                0x0000000008013f68                HAL_RCC_GetSysClockFreq
 .text.HAL_RCC_GetHCLKFreq
                0x000000000801412c       0x18 ./Drivers/STM32F4xx_HAL_Driver/Src/stm32f4xx_hal_rcc.o
                0x000000000801412c                HAL_RCC_GetHCLKFreq
 .text.HAL_RCC_GetPCLK1Freq
                0x0000000008014144       0x28 ./Drivers/STM32F4xx_HAL_Driver/Src/stm32f4xx_hal_rcc.o
                0x0000000008014144                HAL_RCC_GetPCLK1Freq
 .text.HAL_RCC_GetPCLK2Freq
                0x000000000801416c       0x28 ./Drivers/STM32F4xx_HAL_Driver/Src/stm32f4xx_hal_rcc.o
                0x000000000801416c                HAL_RCC_GetPCLK2Freq
 .text.HAL_SPI_Init
                0x0000000008014194      0x112 ./Drivers/STM32F4xx_HAL_Driver/Src/stm32f4xx_hal_spi.o
                0x0000000008014194                HAL_SPI_Init
 .text.HAL_SPI_Transmit
                0x00000000080142a6      0x278 ./Drivers/STM32F4xx_HAL_Driver/Src/stm32f4xx_hal_spi.o
                0x00000000080142a6                HAL_SPI_Transmit
 *fill*         0x000000000801451e        0x2 
 .text.HAL_SPI_Transmit_DMA
                0x0000000008014520      0x16c ./Drivers/STM32F4xx_HAL_Driver/Src/stm32f4xx_hal_spi.o
                0x0000000008014520                HAL_SPI_Transmit_DMA
 .text.HAL_SPI_IRQHandler
                0x000000000801468c      0x200 ./Drivers/STM32F4xx_HAL_Driver/Src/stm32f4xx_hal_spi.o
                0x000000000801468c                HAL_SPI_IRQHandler
 .text.HAL_SPI_TxCpltCallback
                0x000000000801488c       0x14 ./Drivers/STM32F4xx_HAL_Driver/Src/stm32f4xx_hal_spi.o
                0x000000000801488c                HAL_SPI_TxCpltCallback
 .text.HAL_SPI_TxHalfCpltCallback
                0x00000000080148a0       0x14 ./Drivers/STM32F4xx_HAL_Driver/Src/stm32f4xx_hal_spi.o
                0x00000000080148a0                HAL_SPI_TxHalfCpltCallback
 .text.HAL_SPI_ErrorCallback
                0x00000000080148b4       0x14 ./Drivers/STM32F4xx_HAL_Driver/Src/stm32f4xx_hal_spi.o
                0x00000000080148b4                HAL_SPI_ErrorCallback
 .text.SPI_DMATransmitCplt
                0x00000000080148c8       0xa8 ./Drivers/STM32F4xx_HAL_Driver/Src/stm32f4xx_hal_spi.o
 .text.SPI_DMAHalfTransmitCplt
                0x0000000008014970       0x1c ./Drivers/STM32F4xx_HAL_Driver/Src/stm32f4xx_hal_spi.o
 .text.SPI_DMAError
                0x000000000801498c       0x40 ./Drivers/STM32F4xx_HAL_Driver/Src/stm32f4xx_hal_spi.o
 .text.SPI_DMAAbortOnError
                0x00000000080149cc       0x28 ./Drivers/STM32F4xx_HAL_Driver/Src/stm32f4xx_hal_spi.o
 .text.SPI_WaitFlagStateUntilTimeout
                0x00000000080149f4      0x110 ./Drivers/STM32F4xx_HAL_Driver/Src/stm32f4xx_hal_spi.o
 .text.SPI_EndRxTxTransaction
                0x0000000008014b04       0x84 ./Drivers/STM32F4xx_HAL_Driver/Src/stm32f4xx_hal_spi.o
 .text.HAL_UART_Init
                0x0000000008014b88       0x9a ./Drivers/STM32F4xx_HAL_Driver/Src/stm32f4xx_hal_uart.o
                0x0000000008014b88                HAL_UART_Init
 .text.HAL_UART_Transmit
                0x0000000008014c22      0x124 ./Drivers/STM32F4xx_HAL_Driver/Src/stm32f4xx_hal_uart.o
                0x0000000008014c22                HAL_UART_Transmit
 .text.HAL_UART_Receive_DMA
                0x0000000008014d46       0x60 ./Drivers/STM32F4xx_HAL_Driver/Src/stm32f4xx_hal_uart.o
                0x0000000008014d46                HAL_UART_Receive_DMA
 .text.HAL_UART_RxHalfCpltCallback
                0x0000000008014da6       0x14 ./Drivers/STM32F4xx_HAL_Driver/Src/stm32f4xx_hal_uart.o
                0x0000000008014da6                HAL_UART_RxHalfCpltCallback
 .text.HAL_UART_ErrorCallback
                0x0000000008014dba       0x14 ./Drivers/STM32F4xx_HAL_Driver/Src/stm32f4xx_hal_uart.o
                0x0000000008014dba                HAL_UART_ErrorCallback
 .text.HAL_UARTEx_RxEventCallback
                0x0000000008014dce       0x18 ./Drivers/STM32F4xx_HAL_Driver/Src/stm32f4xx_hal_uart.o
                0x0000000008014dce                HAL_UARTEx_RxEventCallback
 .text.UART_DMAReceiveCplt
                0x0000000008014de6       0x96 ./Drivers/STM32F4xx_HAL_Driver/Src/stm32f4xx_hal_uart.o
 .text.UART_DMARxHalfCplt
                0x0000000008014e7c       0x36 ./Drivers/STM32F4xx_HAL_Driver/Src/stm32f4xx_hal_uart.o
 .text.UART_DMAError
                0x0000000008014eb2       0x94 ./Drivers/STM32F4xx_HAL_Driver/Src/stm32f4xx_hal_uart.o
 .text.UART_WaitOnFlagUntilTimeout
                0x0000000008014f46       0x94 ./Drivers/STM32F4xx_HAL_Driver/Src/stm32f4xx_hal_uart.o
 *fill*         0x0000000008014fda        0x2 
 .text.UART_Start_Receive_DMA
                0x0000000008014fdc       0xc8 ./Drivers/STM32F4xx_HAL_Driver/Src/stm32f4xx_hal_uart.o
                0x0000000008014fdc                UART_Start_Receive_DMA
 .text.UART_EndTxTransfer
                0x00000000080150a4       0x2c ./Drivers/STM32F4xx_HAL_Driver/Src/stm32f4xx_hal_uart.o
 .text.UART_EndRxTransfer
                0x00000000080150d0       0x5a ./Drivers/STM32F4xx_HAL_Driver/Src/stm32f4xx_hal_uart.o
 *fill*         0x000000000801512a        0x2 
 .text.UART_SetConfig
                0x000000000801512c      0x390 ./Drivers/STM32F4xx_HAL_Driver/Src/stm32f4xx_hal_uart.o
 .text.UART_rbInit
                0x00000000080154bc       0x28 G:/github/public/stm32_bootloader_library/f407_tft_demo/utils/libSTM32F407.elf(lib_debug.o)
                0x00000000080154bc                UART_rbInit
 .text.printChar
                0x00000000080154e4       0x20 G:/github/public/stm32_bootloader_library/f407_tft_demo/utils/libSTM32F407.elf(lib_debug.o)
 .text.UART_rxIntrWrite
                0x0000000008015504       0x20 G:/github/public/stm32_bootloader_library/f407_tft_demo/utils/libSTM32F407.elf(lib_debug.o)
                0x0000000008015504                UART_rxIntrWrite
 .text.serial_available
                0x0000000008015524       0x14 G:/github/public/stm32_bootloader_library/f407_tft_demo/utils/libSTM32F407.elf(lib_debug.o)
                0x0000000008015524                serial_available
 .text.serial_read
                0x0000000008015538       0x20 G:/github/public/stm32_bootloader_library/f407_tft_demo/utils/libSTM32F407.elf(lib_debug.o)
                0x0000000008015538                serial_read
 .text.printString
                0x0000000008015558       0x2a G:/github/public/stm32_bootloader_library/f407_tft_demo/utils/libSTM32F407.elf(lib_debug.o)
 .text.printNumber
                0x0000000008015582       0xd2 G:/github/public/stm32_bootloader_library/f407_tft_demo/utils/libSTM32F407.elf(lib_debug.o)
 .text.print_argList
                0x0000000008015654      0x284 G:/github/public/stm32_bootloader_library/f407_tft_demo/utils/libSTM32F407.elf(lib_debug.o)
 .text.UART_printf
                0x00000000080158d8       0x24 G:/github/public/stm32_bootloader_library/f407_tft_demo/utils/libSTM32F407.elf(lib_debug.o)
                0x00000000080158d8                UART_printf
 .text.print_serial
                0x00000000080158fc       0x78 G:/github/public/stm32_bootloader_library/f407_tft_demo/utils/libSTM32F407.elf(lib_debug.o)
                0x00000000080158fc                print_serial
 .text.print_setLogLevel
                0x0000000008015974       0x48 G:/github/public/stm32_bootloader_library/f407_tft_demo/utils/libSTM32F407.elf(lib_debug.o)
                0x0000000008015974                print_setLogLevel
 .text.print_sync
                0x00000000080159bc       0x78 G:/github/public/stm32_bootloader_library/f407_tft_demo/utils/libSTM32F407.elf(lib_debug.o)
                0x00000000080159bc                print_sync
 .text.delay    0x0000000008015a34       0x2c G:/github/public/stm32_bootloader_library/f407_tft_demo/utils/libSTM32F407.elf(lib_delay.o)
                0x0000000008015a34                delay
 .text.FLASH_erase
                0x0000000008015a60       0xd0 G:/github/public/stm32_bootloader_library/f407_tft_demo/utils/libSTM32F407.elf(lib_flash.o)
                0x0000000008015a60                FLASH_erase
 .text.FLASH_getPartitionString
                0x0000000008015b30       0x34 G:/github/public/stm32_bootloader_library/f407_tft_demo/utils/libSTM32F407.elf(lib_flash.o)
                0x0000000008015b30                FLASH_getPartitionString
 .text.FLASH_getPartitionAddress
                0x0000000008015b64       0x3c G:/github/public/stm32_bootloader_library/f407_tft_demo/utils/libSTM32F407.elf(lib_flash.o)
                0x0000000008015b64                FLASH_getPartitionAddress
 .text.FLASH_getSectorIndex
                0x0000000008015ba0       0x3c G:/github/public/stm32_bootloader_library/f407_tft_demo/utils/libSTM32F407.elf(lib_flash.o)
                0x0000000008015ba0                FLASH_getSectorIndex
 .text.FLASH_getNumOfSectors
                0x0000000008015bdc       0x3c G:/github/public/stm32_bootloader_library/f407_tft_demo/utils/libSTM32F407.elf(lib_flash.o)
                0x0000000008015bdc                FLASH_getNumOfSectors
 .text.FLASH_getStoredCrc
                0x0000000008015c18       0x5e G:/github/public/stm32_bootloader_library/f407_tft_demo/utils/libSTM32F407.elf(lib_flash.o)
                0x0000000008015c18                FLASH_getStoredCrc
 .text.FLASH_calculateAppCrc
                0x0000000008015c76       0x58 G:/github/public/stm32_bootloader_library/f407_tft_demo/utils/libSTM32F407.elf(lib_flash.o)
                0x0000000008015c76                FLASH_calculateAppCrc
 *fill*         0x0000000008015cce        0x2 
 .text.flash_readConfig
                0x0000000008015cd0       0x5c G:/github/public/stm32_bootloader_library/f407_tft_demo/utils/libSTM32F407.elf(lib_flash.o)
 .text.FLASH_saveConfig
                0x0000000008015d2c       0xb0 G:/github/public/stm32_bootloader_library/f407_tft_demo/utils/libSTM32F407.elf(lib_flash.o)
                0x0000000008015d2c                FLASH_saveConfig
 .text.FLASH_getConfig
                0x0000000008015ddc       0x50 G:/github/public/stm32_bootloader_library/f407_tft_demo/utils/libSTM32F407.elf(lib_flash.o)
                0x0000000008015ddc                FLASH_getConfig
 .text.FLASH_getAppSize
                0x0000000008015e2c       0x28 G:/github/public/stm32_bootloader_library/f407_tft_demo/utils/libSTM32F407.elf(lib_flash.o)
                0x0000000008015e2c                FLASH_getAppSize
 .text.FLASH_updateConfig
                0x0000000008015e54       0x34 G:/github/public/stm32_bootloader_library/f407_tft_demo/utils/libSTM32F407.elf(lib_flash.o)
                0x0000000008015e54                FLASH_updateConfig
 .text.flash_loadDefaultConfig
                0x0000000008015e88       0x30 G:/github/public/stm32_bootloader_library/f407_tft_demo/utils/libSTM32F407.elf(lib_flash.o)
 .text.FLASH_init
                0x0000000008015eb8        0xc G:/github/public/stm32_bootloader_library/f407_tft_demo/utils/libSTM32F407.elf(lib_flash.o)
                0x0000000008015eb8                FLASH_init
 .text.FLASH_sync
                0x0000000008015ec4       0x30 G:/github/public/stm32_bootloader_library/f407_tft_demo/utils/libSTM32F407.elf(lib_flash.o)
                0x0000000008015ec4                FLASH_sync
 .text.OTA_init
                0x0000000008015ef4       0x18 G:/github/public/stm32_bootloader_library/f407_tft_demo/utils/libSTM32F407.elf(lib_ota.o)
                0x0000000008015ef4                OTA_init
 .text.ota_packetAvaialable
                0x0000000008015f0c       0x14 G:/github/public/stm32_bootloader_library/f407_tft_demo/utils/libSTM32F407.elf(lib_ota.o)
 .text.ota_packetRead
                0x0000000008015f20       0x20 G:/github/public/stm32_bootloader_library/f407_tft_demo/utils/libSTM32F407.elf(lib_ota.o)
 .text.ota_packetWrite
                0x0000000008015f40       0x20 G:/github/public/stm32_bootloader_library/f407_tft_demo/utils/libSTM32F407.elf(lib_ota.o)
 .text.OTA_getOtaReqType
                0x0000000008015f60       0x18 G:/github/public/stm32_bootloader_library/f407_tft_demo/utils/libSTM32F407.elf(lib_ota.o)
                0x0000000008015f60                OTA_getOtaReqType
 .text.OTA_start
                0x0000000008015f78       0xbc G:/github/public/stm32_bootloader_library/f407_tft_demo/utils/libSTM32F407.elf(lib_ota.o)
                0x0000000008015f78                OTA_start
 .text.OTA_getFirmwarePackets
                0x0000000008016034      0x278 G:/github/public/stm32_bootloader_library/f407_tft_demo/utils/libSTM32F407.elf(lib_ota.o)
                0x0000000008016034                OTA_getFirmwarePackets
 .text.OTA_getProgressPercentage
                0x00000000080162ac       0x18 G:/github/public/stm32_bootloader_library/f407_tft_demo/utils/libSTM32F407.elf(lib_ota.o)
                0x00000000080162ac                OTA_getProgressPercentage
 .text.OTA_saveStatus
                0x00000000080162c4       0x20 G:/github/public/stm32_bootloader_library/f407_tft_demo/utils/libSTM32F407.elf(lib_ota.o)
                0x00000000080162c4                OTA_saveStatus
 .text.OTA_sync
                0x00000000080162e4      0x314 G:/github/public/stm32_bootloader_library/f407_tft_demo/utils/libSTM32F407.elf(lib_ota.o)
                0x00000000080162e4                OTA_sync
 .text.RB_init  0x00000000080165f8       0x72 G:/github/public/stm32_bootloader_library/f407_tft_demo/utils/libSTM32F407.elf(lib_ringbuffer.o)
                0x00000000080165f8                RB_init
 .text.RB_available
                0x000000000801666a       0x38 G:/github/public/stm32_bootloader_library/f407_tft_demo/utils/libSTM32F407.elf(lib_ringbuffer.o)
                0x000000000801666a                RB_available
 .text.RB_write
                0x00000000080166a2       0x90 G:/github/public/stm32_bootloader_library/f407_tft_demo/utils/libSTM32F407.elf(lib_ringbuffer.o)
                0x00000000080166a2                RB_write
 .text.RB_read  0x0000000008016732       0x88 G:/github/public/stm32_bootloader_library/f407_tft_demo/utils/libSTM32F407.elf(lib_ringbuffer.o)
                0x0000000008016732                RB_read
 *fill*         0x00000000080167ba        0x2 
 .text.__NVIC_SystemReset
                0x00000000080167bc       0x2c G:/github/public/stm32_bootloader_library/f407_tft_demo/utils/libSTM32F407.elf(lib_system.o)
 .text.SYSTEM_init
                0x00000000080167e8       0x48 G:/github/public/stm32_bootloader_library/f407_tft_demo/utils/libSTM32F407.elf(lib_system.o)
                0x00000000080167e8                SYSTEM_init
 .text.SYSTEM_startFirmwareUpdate
                0x0000000008016830       0x38 G:/github/public/stm32_bootloader_library/f407_tft_demo/utils/libSTM32F407.elf(lib_system.o)
                0x0000000008016830                SYSTEM_startFirmwareUpdate
 .text.SYSTEM_sync
                0x0000000008016868       0xcc G:/github/public/stm32_bootloader_library/f407_tft_demo/utils/libSTM32F407.elf(lib_system.o)
                0x0000000008016868                SYSTEM_sync
 .text.SYSTEM_getmode
                0x0000000008016934       0x18 G:/github/public/stm32_bootloader_library/f407_tft_demo/utils/libSTM32F407.elf(lib_system.o)
                0x0000000008016934                SYSTEM_getmode
 .text.SYSTEM_restart
                0x000000000801694c       0x2c G:/github/public/stm32_bootloader_library/f407_tft_demo/utils/libSTM32F407.elf(lib_system.o)
                0x000000000801694c                SYSTEM_restart
 .text.util_getCrc32OnFly
                0x0000000008016978       0x5c G:/github/public/stm32_bootloader_library/f407_tft_demo/utils/libSTM32F407.elf(stdutils.o)
                0x0000000008016978                util_getCrc32OnFly
 .text.MENU_sync
                0x00000000080169d4       0xd0 G:/github/public/stm32_bootloader_library/f407_tft_demo/utils/libSTM32F407.elf(lib_menu.o)
                0x00000000080169d4                MENU_sync
 .text.menu_printHeader
                0x0000000008016aa4       0x2c G:/github/public/stm32_bootloader_library/f407_tft_demo/utils/libSTM32F407.elf(lib_menu.o)
 .text.menu_printFooterWithOptions
                0x0000000008016ad0       0x18 G:/github/public/stm32_bootloader_library/f407_tft_demo/utils/libSTM32F407.elf(lib_menu.o)
 .text.menu_printFooter
                0x0000000008016ae8       0x14 G:/github/public/stm32_bootloader_library/f407_tft_demo/utils/libSTM32F407.elf(lib_menu.o)
 .text.menu_printInputMenu
                0x0000000008016afc       0x70 G:/github/public/stm32_bootloader_library/f407_tft_demo/utils/libSTM32F407.elf(lib_menu.o)
 .text.menu_setLogLevel
                0x0000000008016b6c       0x4c G:/github/public/stm32_bootloader_library/f407_tft_demo/utils/libSTM32F407.elf(lib_menu.o)
 .text.menu_printCurrentMenu
                0x0000000008016bb8       0x3c G:/github/public/stm32_bootloader_library/f407_tft_demo/utils/libSTM32F407.elf(lib_menu.o)
 .text.menu_processInput
                0x0000000008016bf4       0xd0 G:/github/public/stm32_bootloader_library/f407_tft_demo/utils/libSTM32F407.elf(lib_menu.o)
 .text.menu_processMainMenu
                0x0000000008016cc4       0x5a G:/github/public/stm32_bootloader_library/f407_tft_demo/utils/libSTM32F407.elf(lib_menu.o)
 *fill*         0x0000000008016d1e        0x2 
 .text.menu_ota
                0x0000000008016d20       0x60 G:/github/public/stm32_bootloader_library/f407_tft_demo/utils/libSTM32F407.elf(lib_menu.o)
 .text.menu_switch
                0x0000000008016d80       0x20 G:/github/public/stm32_bootloader_library/f407_tft_demo/utils/libSTM32F407.elf(lib_menu.o)
 .text.MENU_printDeviceInfo
                0x0000000008016da0       0x48 G:/github/public/stm32_bootloader_library/f407_tft_demo/utils/libSTM32F407.elf(lib_menu.o)
                0x0000000008016da0                MENU_printDeviceInfo
 .text.__errno  0x0000000008016de8        0xc c:/st/stm32cubeide_1.6.1/stm32cubeide/plugins/com.st.stm32cube.ide.mcu.externaltools.gnu-tools-for-stm32.9-2020-q2-update.win32_2.0.0.202105311346/tools/bin/../lib/gcc/arm-none-eabi/9.3.1/../../../../arm-none-eabi/lib/thumb/v7e-m+fp/hard\libc_nano.a(lib_a-errno.o)
                0x0000000008016de8                __errno
 .text.__libc_init_array
                0x0000000008016df4       0x48 c:/st/stm32cubeide_1.6.1/stm32cubeide/plugins/com.st.stm32cube.ide.mcu.externaltools.gnu-tools-for-stm32.9-2020-q2-update.win32_2.0.0.202105311346/tools/bin/../lib/gcc/arm-none-eabi/9.3.1/../../../../arm-none-eabi/lib/thumb/v7e-m+fp/hard\libc_nano.a(lib_a-init.o)
                0x0000000008016df4                __libc_init_array
 .text.malloc   0x0000000008016e3c       0x10 c:/st/stm32cubeide_1.6.1/stm32cubeide/plugins/com.st.stm32cube.ide.mcu.externaltools.gnu-tools-for-stm32.9-2020-q2-update.win32_2.0.0.202105311346/tools/bin/../lib/gcc/arm-none-eabi/9.3.1/../../../../arm-none-eabi/lib/thumb/v7e-m+fp/hard\libc_nano.a(lib_a-malloc.o)
                0x0000000008016e3c                malloc
 .text.memcpy   0x0000000008016e4c       0x1c c:/st/stm32cubeide_1.6.1/stm32cubeide/plugins/com.st.stm32cube.ide.mcu.externaltools.gnu-tools-for-stm32.9-2020-q2-update.win32_2.0.0.202105311346/tools/bin/../lib/gcc/arm-none-eabi/9.3.1/../../../../arm-none-eabi/lib/thumb/v7e-m+fp/hard\libc_nano.a(lib_a-memcpy-stub.o)
                0x0000000008016e4c                memcpy
 .text.memset   0x0000000008016e68       0x10 c:/st/stm32cubeide_1.6.1/stm32cubeide/plugins/com.st.stm32cube.ide.mcu.externaltools.gnu-tools-for-stm32.9-2020-q2-update.win32_2.0.0.202105311346/tools/bin/../lib/gcc/arm-none-eabi/9.3.1/../../../../arm-none-eabi/lib/thumb/v7e-m+fp/hard\libc_nano.a(lib_a-memset.o)
                0x0000000008016e68                memset
 .text._free_r  0x0000000008016e78       0xa0 c:/st/stm32cubeide_1.6.1/stm32cubeide/plugins/com.st.stm32cube.ide.mcu.externaltools.gnu-tools-for-stm32.9-2020-q2-update.win32_2.0.0.202105311346/tools/bin/../lib/gcc/arm-none-eabi/9.3.1/../../../../arm-none-eabi/lib/thumb/v7e-m+fp/hard\libc_nano.a(lib_a-nano-freer.o)
                0x0000000008016e78                _free_r
 .text._malloc_r
                0x0000000008016f18       0xb4 c:/st/stm32cubeide_1.6.1/stm32cubeide/plugins/com.st.stm32cube.ide.mcu.externaltools.gnu-tools-for-stm32.9-2020-q2-update.win32_2.0.0.202105311346/tools/bin/../lib/gcc/arm-none-eabi/9.3.1/../../../../arm-none-eabi/lib/thumb/v7e-m+fp/hard\libc_nano.a(lib_a-nano-mallocr.o)
                0x0000000008016f18                _malloc_r
 .text._sbrk_r  0x0000000008016fcc       0x20 c:/st/stm32cubeide_1.6.1/stm32cubeide/plugins/com.st.stm32cube.ide.mcu.externaltools.gnu-tools-for-stm32.9-2020-q2-update.win32_2.0.0.202105311346/tools/bin/../lib/gcc/arm-none-eabi/9.3.1/../../../../arm-none-eabi/lib/thumb/v7e-m+fp/hard\libc_nano.a(lib_a-sbrkr.o)
                0x0000000008016fcc                _sbrk_r
 .text.sprintf  0x0000000008016fec       0x40 c:/st/stm32cubeide_1.6.1/stm32cubeide/plugins/com.st.stm32cube.ide.mcu.externaltools.gnu-tools-for-stm32.9-2020-q2-update.win32_2.0.0.202105311346/tools/bin/../lib/gcc/arm-none-eabi/9.3.1/../../../../arm-none-eabi/lib/thumb/v7e-m+fp/hard\libc_nano.a(lib_a-sprintf.o)
                0x0000000008016fec                siprintf
                0x0000000008016fec                sprintf
 .text.__malloc_lock
                0x000000000801702c        0xc c:/st/stm32cubeide_1.6.1/stm32cubeide/plugins/com.st.stm32cube.ide.mcu.externaltools.gnu-tools-for-stm32.9-2020-q2-update.win32_2.0.0.202105311346/tools/bin/../lib/gcc/arm-none-eabi/9.3.1/../../../../arm-none-eabi/lib/thumb/v7e-m+fp/hard\libc_nano.a(lib_a-mlock.o)
                0x000000000801702c                __malloc_lock
 .text.__malloc_unlock
                0x0000000008017038        0xc c:/st/stm32cubeide_1.6.1/stm32cubeide/plugins/com.st.stm32cube.ide.mcu.externaltools.gnu-tools-for-stm32.9-2020-q2-update.win32_2.0.0.202105311346/tools/bin/../lib/gcc/arm-none-eabi/9.3.1/../../../../arm-none-eabi/lib/thumb/v7e-m+fp/hard\libc_nano.a(lib_a-mlock.o)
                0x0000000008017038                __malloc_unlock
 .text.__ssputs_r
                0x0000000008017044       0xb6 c:/st/stm32cubeide_1.6.1/stm32cubeide/plugins/com.st.stm32cube.ide.mcu.externaltools.gnu-tools-for-stm32.9-2020-q2-update.win32_2.0.0.202105311346/tools/bin/../lib/gcc/arm-none-eabi/9.3.1/../../../../arm-none-eabi/lib/thumb/v7e-m+fp/hard\libc_nano.a(lib_a-nano-svfprintf.o)
                0x0000000008017044                __ssputs_r
 *fill*         0x00000000080170fa        0x2 
 .text._svfprintf_r
                0x00000000080170fc      0x200 c:/st/stm32cubeide_1.6.1/stm32cubeide/plugins/com.st.stm32cube.ide.mcu.externaltools.gnu-tools-for-stm32.9-2020-q2-update.win32_2.0.0.202105311346/tools/bin/../lib/gcc/arm-none-eabi/9.3.1/../../../../arm-none-eabi/lib/thumb/v7e-m+fp/hard\libc_nano.a(lib_a-nano-svfprintf.o)
                0x00000000080170fc                _svfiprintf_r
                0x00000000080170fc                _svfprintf_r
 .text._printf_common
                0x00000000080172fc       0xda c:/st/stm32cubeide_1.6.1/stm32cubeide/plugins/com.st.stm32cube.ide.mcu.externaltools.gnu-tools-for-stm32.9-2020-q2-update.win32_2.0.0.202105311346/tools/bin/../lib/gcc/arm-none-eabi/9.3.1/../../../../arm-none-eabi/lib/thumb/v7e-m+fp/hard\libc_nano.a(lib_a-nano-vfprintf_i.o)
                0x00000000080172fc                _printf_common
 *fill*         0x00000000080173d6        0x2 
 .text._printf_i
                0x00000000080173d8      0x24c c:/st/stm32cubeide_1.6.1/stm32cubeide/plugins/com.st.stm32cube.ide.mcu.externaltools.gnu-tools-for-stm32.9-2020-q2-update.win32_2.0.0.202105311346/tools/bin/../lib/gcc/arm-none-eabi/9.3.1/../../../../arm-none-eabi/lib/thumb/v7e-m+fp/hard\libc_nano.a(lib_a-nano-vfprintf_i.o)
                0x00000000080173d8                _printf_i
 .text.__retarget_lock_acquire_recursive
                0x0000000008017624        0x2 c:/st/stm32cubeide_1.6.1/stm32cubeide/plugins/com.st.stm32cube.ide.mcu.externaltools.gnu-tools-for-stm32.9-2020-q2-update.win32_2.0.0.202105311346/tools/bin/../lib/gcc/arm-none-eabi/9.3.1/../../../../arm-none-eabi/lib/thumb/v7e-m+fp/hard\libc_nano.a(lib_a-lock.o)
                0x0000000008017624                __retarget_lock_acquire_recursive
 .text.__retarget_lock_release_recursive
                0x0000000008017626        0x2 c:/st/stm32cubeide_1.6.1/stm32cubeide/plugins/com.st.stm32cube.ide.mcu.externaltools.gnu-tools-for-stm32.9-2020-q2-update.win32_2.0.0.202105311346/tools/bin/../lib/gcc/arm-none-eabi/9.3.1/../../../../arm-none-eabi/lib/thumb/v7e-m+fp/hard\libc_nano.a(lib_a-lock.o)
                0x0000000008017626                __retarget_lock_release_recursive
 .text.memmove  0x0000000008017628       0x34 c:/st/stm32cubeide_1.6.1/stm32cubeide/plugins/com.st.stm32cube.ide.mcu.externaltools.gnu-tools-for-stm32.9-2020-q2-update.win32_2.0.0.202105311346/tools/bin/../lib/gcc/arm-none-eabi/9.3.1/../../../../arm-none-eabi/lib/thumb/v7e-m+fp/hard\libc_nano.a(lib_a-memmove.o)
                0x0000000008017628                memmove
 .text._realloc_r
                0x000000000801765c       0x4c c:/st/stm32cubeide_1.6.1/stm32cubeide/plugins/com.st.stm32cube.ide.mcu.externaltools.gnu-tools-for-stm32.9-2020-q2-update.win32_2.0.0.202105311346/tools/bin/../lib/gcc/arm-none-eabi/9.3.1/../../../../arm-none-eabi/lib/thumb/v7e-m+fp/hard\libc_nano.a(lib_a-nano-reallocr.o)
                0x000000000801765c                _realloc_r
 .text._malloc_usable_size_r
                0x00000000080176a8       0x10 c:/st/stm32cubeide_1.6.1/stm32cubeide/plugins/com.st.stm32cube.ide.mcu.externaltools.gnu-tools-for-stm32.9-2020-q2-update.win32_2.0.0.202105311346/tools/bin/../lib/gcc/arm-none-eabi/9.3.1/../../../../arm-none-eabi/lib/thumb/v7e-m+fp/hard\libc_nano.a(lib_a-nano-msizer.o)
                0x00000000080176a8                _malloc_usable_size_r
 *(.glue_7)
 .glue_7        0x00000000080176b8        0x0 linker stubs
 *(.glue_7t)
 .glue_7t       0x00000000080176b8        0x0 linker stubs
 *(.eh_frame)
 .eh_frame      0x00000000080176b8        0x0 c:/st/stm32cubeide_1.6.1/stm32cubeide/plugins/com.st.stm32cube.ide.mcu.externaltools.gnu-tools-for-stm32.9-2020-q2-update.win32_2.0.0.202105311346/tools/bin/../lib/gcc/arm-none-eabi/9.3.1/thumb/v7e-m+fp/hard/crtbegin.o
 *(.init)
 .init          0x00000000080176b8        0x4 c:/st/stm32cubeide_1.6.1/stm32cubeide/plugins/com.st.stm32cube.ide.mcu.externaltools.gnu-tools-for-stm32.9-2020-q2-update.win32_2.0.0.202105311346/tools/bin/../lib/gcc/arm-none-eabi/9.3.1/thumb/v7e-m+fp/hard/crti.o
                0x00000000080176b8                _init
 .init          0x00000000080176bc        0x8 c:/st/stm32cubeide_1.6.1/stm32cubeide/plugins/com.st.stm32cube.ide.mcu.externaltools.gnu-tools-for-stm32.9-2020-q2-update.win32_2.0.0.202105311346/tools/bin/../lib/gcc/arm-none-eabi/9.3.1/thumb/v7e-m+fp/hard/crtn.o
 *(.fini)
 .fini          0x00000000080176c4        0x4 c:/st/stm32cubeide_1.6.1/stm32cubeide/plugins/com.st.stm32cube.ide.mcu.externaltools.gnu-tools-for-stm32.9-2020-q2-update.win32_2.0.0.202105311346/tools/bin/../lib/gcc/arm-none-eabi/9.3.1/thumb/v7e-m+fp/hard/crti.o
                0x00000000080176c4                _fini
 .fini          0x00000000080176c8        0x8 c:/st/stm32cubeide_1.6.1/stm32cubeide/plugins/com.st.stm32cube.ide.mcu.externaltools.gnu-tools-for-stm32.9-2020-q2-update.win32_2.0.0.202105311346/tools/bin/../lib/gcc/arm-none-eabi/9.3.1/thumb/v7e-m+fp/hard/crtn.o
                0x00000000080176d0                . = ALIGN (0x4)
                0x00000000080176d0                _etext = .

.vfp11_veneer   0x00000000080176d0        0x0
 .vfp11_veneer  0x00000000080176d0        0x0 linker stubs

.v4_bx          0x00000000080176d0        0x0
 .v4_bx         0x00000000080176d0        0x0 linker stubs

.iplt           0x00000000080176d0        0x0
 .iplt          0x00000000080176d0        0x0 c:/st/stm32cubeide_1.6.1/stm32cubeide/plugins/com.st.stm32cube.ide.mcu.externaltools.gnu-tools-for-stm32.9-2020-q2-update.win32_2.0.0.202105311346/tools/bin/../lib/gcc/arm-none-eabi/9.3.1/thumb/v7e-m+fp/hard/crtbegin.o

.rodata         0x00000000080176d0     0x2ba4
                0x00000000080176d0                . = ALIGN (0x4)
 *(.rodata)
 .rodata        0x00000000080176d0       0x44 ./Core/Src/ili9341.o
 .rodata        0x0000000008017714       0x1a ./Core/Src/main.o
 *fill*         0x000000000801772e        0x2 
 .rodata        0x0000000008017730       0x9c ./Core/Src/tft.o
 .rodata        0x00000000080177cc        0x8 G:/github/public/stm32_bootloader_library/f407_tft_demo/utils/libSTM32F407.elf(lib_debug.o)
 .rodata        0x00000000080177d4       0x80 G:/github/public/stm32_bootloader_library/f407_tft_demo/utils/libSTM32F407.elf(lib_flash.o)
 .rodata        0x0000000008017854      0x204 G:/github/public/stm32_bootloader_library/f407_tft_demo/utils/libSTM32F407.elf(lib_ota.o)
 .rodata        0x0000000008017a58       0x4c G:/github/public/stm32_bootloader_library/f407_tft_demo/utils/libSTM32F407.elf(lib_system.o)
 .rodata        0x0000000008017aa4      0x1e4 G:/github/public/stm32_bootloader_library/f407_tft_demo/utils/libSTM32F407.elf(lib_menu.o)
 *(.rodata*)
 .rodata.ili9341_font_11x18
                0x0000000008017c88      0xd5e ./Core/Src/ili9341_font.o
                0x0000000008017c88                ili9341_font_11x18
 *fill*         0x00000000080189e6        0x2 
 .rodata.ili9341_font_16x26
                0x00000000080189e8     0x134e ./Core/Src/ili9341_font.o
                0x00000000080189e8                ili9341_font_16x26
 .rodata.ILI9341_BLACK
                0x0000000008019d36        0x2 ./Core/Src/ili9341_gfx.o
                0x0000000008019d36                ILI9341_BLACK
 .rodata.ILI9341_DARKGREEN
                0x0000000008019d38        0x2 ./Core/Src/ili9341_gfx.o
                0x0000000008019d38                ILI9341_DARKGREEN
 .rodata.ILI9341_LIGHTGREY
                0x0000000008019d3a        0x2 ./Core/Src/ili9341_gfx.o
                0x0000000008019d3a                ILI9341_LIGHTGREY
 .rodata.ILI9341_GREEN
                0x0000000008019d3c        0x2 ./Core/Src/ili9341_gfx.o
                0x0000000008019d3c                ILI9341_GREEN
 .rodata.ILI9341_CYAN
                0x0000000008019d3e        0x2 ./Core/Src/ili9341_gfx.o
                0x0000000008019d3e                ILI9341_CYAN
 .rodata.ILI9341_ORANGE
                0x0000000008019d40        0x2 ./Core/Src/ili9341_gfx.o
                0x0000000008019d40                ILI9341_ORANGE
 *fill*         0x0000000008019d42        0x2 
 .rodata.AHBPrescTable
                0x0000000008019d44       0x10 ./Core/Src/system_stm32f4xx.o
                0x0000000008019d44                AHBPrescTable
 .rodata.APBPrescTable
                0x0000000008019d54        0x8 ./Core/Src/system_stm32f4xx.o
                0x0000000008019d54                APBPrescTable
 .rodata.flagBitshiftOffset.7907
                0x0000000008019d5c        0x8 ./Drivers/STM32F4xx_HAL_Driver/Src/stm32f4xx_hal_dma.o
 .rodata.c_PartitionMappingTable
                0x0000000008019d64       0x60 G:/github/public/stm32_bootloader_library/f407_tft_demo/utils/libSTM32F407.elf(lib_flash.o)
                0x0000000008019d64                c_PartitionMappingTable
 .rodata.__func__.9090
                0x0000000008019dc4        0xc G:/github/public/stm32_bootloader_library/f407_tft_demo/utils/libSTM32F407.elf(lib_flash.o)
 .rodata.__func__.9161
                0x0000000008019dd0       0x11 G:/github/public/stm32_bootloader_library/f407_tft_demo/utils/libSTM32F407.elf(lib_flash.o)
 *fill*         0x0000000008019de1        0x3 
 .rodata.__func__.9139
                0x0000000008019de4        0xa G:/github/public/stm32_bootloader_library/f407_tft_demo/utils/libSTM32F407.elf(lib_ota.o)
 *fill*         0x0000000008019dee        0x2 
 .rodata.__func__.9151
                0x0000000008019df0       0x17 G:/github/public/stm32_bootloader_library/f407_tft_demo/utils/libSTM32F407.elf(lib_ota.o)
 *fill*         0x0000000008019e07        0x1 
 .rodata.__func__.9166
                0x0000000008019e08        0x9 G:/github/public/stm32_bootloader_library/f407_tft_demo/utils/libSTM32F407.elf(lib_ota.o)
 *fill*         0x0000000008019e11        0x3 
 .rodata.__func__.7862
                0x0000000008019e14       0x1b G:/github/public/stm32_bootloader_library/f407_tft_demo/utils/libSTM32F407.elf(lib_system.o)
 *fill*         0x0000000008019e2f        0x1 
 .rodata.__func__.7866
                0x0000000008019e30        0xc G:/github/public/stm32_bootloader_library/f407_tft_demo/utils/libSTM32F407.elf(lib_system.o)
 .rodata.crc32_table
                0x0000000008019e3c      0x400 G:/github/public/stm32_bootloader_library/f407_tft_demo/utils/libSTM32F407.elf(stdutils.o)
 .rodata.c_LogMappingTable_string
                0x000000000801a23c        0x4 G:/github/public/stm32_bootloader_library/f407_tft_demo/utils/libSTM32F407.elf(lib_menu.o)
 .rodata._svfprintf_r.str1.1
                0x000000000801a240       0x11 c:/st/stm32cubeide_1.6.1/stm32cubeide/plugins/com.st.stm32cube.ide.mcu.externaltools.gnu-tools-for-stm32.9-2020-q2-update.win32_2.0.0.202105311346/tools/bin/../lib/gcc/arm-none-eabi/9.3.1/../../../../arm-none-eabi/lib/thumb/v7e-m+fp/hard\libc_nano.a(lib_a-nano-svfprintf.o)
 .rodata._printf_i.str1.1
                0x000000000801a251       0x22 c:/st/stm32cubeide_1.6.1/stm32cubeide/plugins/com.st.stm32cube.ide.mcu.externaltools.gnu-tools-for-stm32.9-2020-q2-update.win32_2.0.0.202105311346/tools/bin/../lib/gcc/arm-none-eabi/9.3.1/../../../../arm-none-eabi/lib/thumb/v7e-m+fp/hard\libc_nano.a(lib_a-nano-vfprintf_i.o)
                0x000000000801a274                . = ALIGN (0x4)
 *fill*         0x000000000801a273        0x1 

.ARM.extab      0x000000000801a274        0x0
                0x000000000801a274                . = ALIGN (0x4)
 *(.ARM.extab* .gnu.linkonce.armextab.*)
                0x000000000801a274                . = ALIGN (0x4)

.ARM            0x000000000801a274        0x8
                0x000000000801a274                . = ALIGN (0x4)
                0x000000000801a274                __exidx_start = .
 *(.ARM.exidx*)
 .ARM.exidx     0x000000000801a274        0x8 c:/st/stm32cubeide_1.6.1/stm32cubeide/plugins/com.st.stm32cube.ide.mcu.externaltools.gnu-tools-for-stm32.9-2020-q2-update.win32_2.0.0.202105311346/tools/bin/../lib/gcc/arm-none-eabi/9.3.1/thumb/v7e-m+fp/hard\libgcc.a(_udivmoddi4.o)
                0x000000000801a27c                __exidx_end = .
                0x000000000801a27c                . = ALIGN (0x4)

.rel.dyn        0x000000000801a27c        0x0
 .rel.iplt      0x000000000801a27c        0x0 c:/st/stm32cubeide_1.6.1/stm32cubeide/plugins/com.st.stm32cube.ide.mcu.externaltools.gnu-tools-for-stm32.9-2020-q2-update.win32_2.0.0.202105311346/tools/bin/../lib/gcc/arm-none-eabi/9.3.1/thumb/v7e-m+fp/hard/crtbegin.o

.preinit_array  0x000000000801a27c        0x0
                0x000000000801a27c                . = ALIGN (0x4)
                0x000000000801a27c                PROVIDE (__preinit_array_start = .)
 *(.preinit_array*)
                0x000000000801a27c                PROVIDE (__preinit_array_end = .)
                0x000000000801a27c                . = ALIGN (0x4)

.init_array     0x000000000801a27c        0x4
                0x000000000801a27c                . = ALIGN (0x4)
                0x000000000801a27c                PROVIDE (__init_array_start = .)
 *(SORT_BY_NAME(.init_array.*))
 *(.init_array*)
 .init_array    0x000000000801a27c        0x4 c:/st/stm32cubeide_1.6.1/stm32cubeide/plugins/com.st.stm32cube.ide.mcu.externaltools.gnu-tools-for-stm32.9-2020-q2-update.win32_2.0.0.202105311346/tools/bin/../lib/gcc/arm-none-eabi/9.3.1/thumb/v7e-m+fp/hard/crtbegin.o
                0x000000000801a280                PROVIDE (__init_array_end = .)
                0x000000000801a280                . = ALIGN (0x4)

.fini_array     0x000000000801a280        0x4
                0x000000000801a280                . = ALIGN (0x4)
                [!provide]                        PROVIDE (__fini_array_start = .)
 *(SORT_BY_NAME(.fini_array.*))
 *(.fini_array*)
 .fini_array    0x000000000801a280        0x4 c:/st/stm32cubeide_1.6.1/stm32cubeide/plugins/com.st.stm32cube.ide.mcu.externaltools.gnu-tools-for-stm32.9-2020-q2-update.win32_2.0.0.202105311346/tools/bin/../lib/gcc/arm-none-eabi/9.3.1/thumb/v7e-m+fp/hard/crtbegin.o
                [!provide]                        PROVIDE (__fini_array_end = .)
                0x000000000801a284                . = ALIGN (0x4)
                0x000000000801a284                _sidata = LOADADDR (.data)

.data           0x0000000020000000       0xc4 load address 0x000000000801a284
                0x0000000020000000                . = ALIGN (0x4)
                0x0000000020000000                _sdata = .
 *(.data)
 *(.data*)
 .data.pinState.8293
                0x0000000020000000        0x1 ./Core/Src/main.o
 *fill*         0x0000000020000001        0x3 
 .data.SystemCoreClock
                0x0000000020000004        0x4 ./Core/Src/system_stm32f4xx.o
                0x0000000020000004                SystemCoreClock
 .data.tempCount.9535
                0x0000000020000008        0x4 ./Core/Src/tft.o
 .data.uwTickPrio
                0x000000002000000c        0x4 ./Drivers/STM32F4xx_HAL_Driver/Src/stm32f4xx_hal.o
                0x000000002000000c                uwTickPrio
 .data.uwTickFreq
                0x0000000020000010        0x1 ./Drivers/STM32F4xx_HAL_Driver/Src/stm32f4xx_hal.o
                0x0000000020000010                uwTickFreq
 .data.LoggingEnabled_b8
                0x0000000020000011        0x1 G:/github/public/stm32_bootloader_library/f407_tft_demo/utils/libSTM32F407.elf(lib_debug.o)
                0x0000000020000011                LoggingEnabled_b8
 *fill*         0x0000000020000012        0x2 
 .data.LogLevelTable_a8
                0x0000000020000014        0x5 G:/github/public/stm32_bootloader_library/f407_tft_demo/utils/libSTM32F407.elf(lib_debug.o)
                0x0000000020000014                LogLevelTable_a8
 .data.GlobalLogLevel_u8
                0x0000000020000019        0x1 G:/github/public/stm32_bootloader_library/f407_tft_demo/utils/libSTM32F407.elf(lib_debug.o)
                0x0000000020000019                GlobalLogLevel_u8
 *fill*         0x000000002000001a        0x2 
 .data.OtaTimeout_32
                0x000000002000001c        0x4 G:/github/public/stm32_bootloader_library/f407_tft_demo/utils/libSTM32F407.elf(lib_ota.o)
 .data.c_FirmwareUpdateTypeString
                0x0000000020000020        0xc G:/github/public/stm32_bootloader_library/f407_tft_demo/utils/libSTM32F407.elf(lib_ota.o)
                0x0000000020000020                c_FirmwareUpdateTypeString
 .data.endTime_u32.9142
                0x000000002000002c        0x4 G:/github/public/stm32_bootloader_library/f407_tft_demo/utils/libSTM32F407.elf(lib_ota.o)
 .data.e_DeviceState
                0x0000000020000030        0x1 G:/github/public/stm32_bootloader_library/f407_tft_demo/utils/libSTM32F407.elf(lib_system.o)
 *fill*         0x0000000020000031        0x3 
 .data.checksum_u32.7744
                0x0000000020000034        0x4 G:/github/public/stm32_bootloader_library/f407_tft_demo/utils/libSTM32F407.elf(stdutils.o)
 .data.MainMenuOptions_string
                0x0000000020000038       0x1c G:/github/public/stm32_bootloader_library/f407_tft_demo/utils/libSTM32F407.elf(lib_menu.o)
                0x0000000020000038                MainMenuOptions_string
 .data.OtaMenuOptions_string
                0x0000000020000054        0xc G:/github/public/stm32_bootloader_library/f407_tft_demo/utils/libSTM32F407.elf(lib_menu.o)
                0x0000000020000054                OtaMenuOptions_string
 .data._impure_ptr
                0x0000000020000060        0x4 c:/st/stm32cubeide_1.6.1/stm32cubeide/plugins/com.st.stm32cube.ide.mcu.externaltools.gnu-tools-for-stm32.9-2020-q2-update.win32_2.0.0.202105311346/tools/bin/../lib/gcc/arm-none-eabi/9.3.1/../../../../arm-none-eabi/lib/thumb/v7e-m+fp/hard\libc_nano.a(lib_a-impure.o)
                0x0000000020000060                _impure_ptr
 .data.impure_data
                0x0000000020000064       0x60 c:/st/stm32cubeide_1.6.1/stm32cubeide/plugins/com.st.stm32cube.ide.mcu.externaltools.gnu-tools-for-stm32.9-2020-q2-update.win32_2.0.0.202105311346/tools/bin/../lib/gcc/arm-none-eabi/9.3.1/../../../../arm-none-eabi/lib/thumb/v7e-m+fp/hard\libc_nano.a(lib_a-impure.o)
 *(.RamFunc)
 *(.RamFunc*)
                0x00000000200000c4                . = ALIGN (0x4)
                0x00000000200000c4                _edata = .
                0x000000000801a348                _siccmram = LOADADDR (.ccmram)

.igot.plt       0x00000000200000c4        0x0 load address 0x000000000801a348
 .igot.plt      0x00000000200000c4        0x0 c:/st/stm32cubeide_1.6.1/stm32cubeide/plugins/com.st.stm32cube.ide.mcu.externaltools.gnu-tools-for-stm32.9-2020-q2-update.win32_2.0.0.202105311346/tools/bin/../lib/gcc/arm-none-eabi/9.3.1/thumb/v7e-m+fp/hard/crtbegin.o

.ccmram         0x0000000010000000        0x0 load address 0x000000000801a348
                0x0000000010000000                . = ALIGN (0x4)
                0x0000000010000000                _sccmram = .
 *(.ccmram)
 *(.ccmram*)
                0x0000000010000000                . = ALIGN (0x4)
                0x0000000010000000                _eccmram = .
                0x0000000010000000                . = ALIGN (0x4)

.bss            0x00000000200000c4      0xbf4
                0x00000000200000c4                _sbss = .
                0x00000000200000c4                __bss_start__ = _sbss
 *(.bss)
 .bss           0x00000000200000c4       0x1c c:/st/stm32cubeide_1.6.1/stm32cubeide/plugins/com.st.stm32cube.ide.mcu.externaltools.gnu-tools-for-stm32.9-2020-q2-update.win32_2.0.0.202105311346/tools/bin/../lib/gcc/arm-none-eabi/9.3.1/thumb/v7e-m+fp/hard/crtbegin.o
 *(.bss*)
 .bss.spi_tx_block
                0x00000000200000e0      0x800 ./Core/Src/ili9341_gfx.o
 .bss.UartBufferRx
                0x00000000200008e0        0x1 ./Core/Src/main.o
                0x00000000200008e0                UartBufferRx
 *fill*         0x00000000200008e1        0x1 
 .bss.nextChangeTime.8292
                0x00000000200008e2        0x2 ./Core/Src/main.o
 .bss.count.8295
                0x00000000200008e4        0x1 ./Core/Src/main.o
 *fill*         0x00000000200008e5        0x3 
 .bss.__sbrk_heap_end
                0x00000000200008e8        0x4 ./Core/Src/sysmem.o
 .bss.count.9534
                0x00000000200008ec        0x4 ./Core/Src/tft.o
 .bss.countIncrementDelay.9536
                0x00000000200008f0        0x4 ./Core/Src/tft.o
 .bss.s_TxRb    0x00000000200008f4        0xc G:/github/public/stm32_bootloader_library/f407_tft_demo/utils/libSTM32F407.elf(lib_debug.o)
 .bss.s_RxRb    0x0000000020000900        0xc G:/github/public/stm32_bootloader_library/f407_tft_demo/utils/libSTM32F407.elf(lib_debug.o)
 .bss.TxIntrBuff_a8
                0x000000002000090c       0x81 G:/github/public/stm32_bootloader_library/f407_tft_demo/utils/libSTM32F407.elf(lib_debug.o)
 *fill*         0x000000002000098d        0x3 
 .bss.s_FlashConfig
                0x0000000020000990       0x10 G:/github/public/stm32_bootloader_library/f407_tft_demo/utils/libSTM32F407.elf(lib_flash.o)
 .bss.FlashConfigUpdateEventTime_u32
                0x00000000200009a0        0x4 G:/github/public/stm32_bootloader_library/f407_tft_demo/utils/libSTM32F407.elf(lib_flash.o)
 .bss.s_RbFirmware
                0x00000000200009a4        0xc G:/github/public/stm32_bootloader_library/f407_tft_demo/utils/libSTM32F407.elf(lib_ota.o)
 .bss.s_OtaHandle
                0x00000000200009b0       0x1c G:/github/public/stm32_bootloader_library/f407_tft_demo/utils/libSTM32F407.elf(lib_ota.o)
 .bss.e_OtaState
                0x00000000200009cc        0x1 G:/github/public/stm32_bootloader_library/f407_tft_demo/utils/libSTM32F407.elf(lib_ota.o)
 *fill*         0x00000000200009cd        0x3 
 .bss.s_FirmPkt
                0x00000000200009d0      0x108 G:/github/public/stm32_bootloader_library/f407_tft_demo/utils/libSTM32F407.elf(lib_ota.o)
 .bss.s_OtaConfigRam
                0x0000000020000ad8        0xc G:/github/public/stm32_bootloader_library/f407_tft_demo/utils/libSTM32F407.elf(lib_ota.o)
 .bss.ProgressPercentage_u8
                0x0000000020000ae4        0x1 G:/github/public/stm32_bootloader_library/f407_tft_demo/utils/libSTM32F407.elf(lib_ota.o)
 .bss.handshakeSuccess_b8.9149
                0x0000000020000ae5        0x1 G:/github/public/stm32_bootloader_library/f407_tft_demo/utils/libSTM32F407.elf(lib_ota.o)
 .bss.startCount_u8.9148
                0x0000000020000ae6        0x1 G:/github/public/stm32_bootloader_library/f407_tft_demo/utils/libSTM32F407.elf(lib_ota.o)
 *fill*         0x0000000020000ae7        0x1 
 .bss.fileSizeIndex_u32.9146
                0x0000000020000ae8        0x4 G:/github/public/stm32_bootloader_library/f407_tft_demo/utils/libSTM32F407.elf(lib_ota.o)
 .bss.expectedfileSize_u32.9145
                0x0000000020000aec        0x4 G:/github/public/stm32_bootloader_library/f407_tft_demo/utils/libSTM32F407.elf(lib_ota.o)
 .bss.byteCount_u32.9144
                0x0000000020000af0        0x4 G:/github/public/stm32_bootloader_library/f407_tft_demo/utils/libSTM32F407.elf(lib_ota.o)
 .bss.previousPercentage_u8.9147
                0x0000000020000af4        0x1 G:/github/public/stm32_bootloader_library/f407_tft_demo/utils/libSTM32F407.elf(lib_ota.o)
 *fill*         0x0000000020000af5        0x3 
 .bss.nextHandshakeTime_u32.9143
                0x0000000020000af8        0x4 G:/github/public/stm32_bootloader_library/f407_tft_demo/utils/libSTM32F407.elf(lib_ota.o)
 .bss.ResetWaitTime_u32
                0x0000000020000afc        0x4 G:/github/public/stm32_bootloader_library/f407_tft_demo/utils/libSTM32F407.elf(lib_system.o)
 .bss.nextPrintTime_u32.7865
                0x0000000020000b00        0x4 G:/github/public/stm32_bootloader_library/f407_tft_demo/utils/libSTM32F407.elf(lib_system.o)
 .bss.RxPassCode_string
                0x0000000020000b04       0x14 G:/github/public/stm32_bootloader_library/f407_tft_demo/utils/libSTM32F407.elf(lib_menu.o)
 .bss.e_CurrentMenu
                0x0000000020000b18        0x1 G:/github/public/stm32_bootloader_library/f407_tft_demo/utils/libSTM32F407.elf(lib_menu.o)
                0x0000000020000b18                e_CurrentMenu
 .bss.index_u8.9114
                0x0000000020000b19        0x1 G:/github/public/stm32_bootloader_library/f407_tft_demo/utils/libSTM32F407.elf(lib_menu.o)
 *fill*         0x0000000020000b1a        0x2 
 .bss.__malloc_free_list
                0x0000000020000b1c        0x4 c:/st/stm32cubeide_1.6.1/stm32cubeide/plugins/com.st.stm32cube.ide.mcu.externaltools.gnu-tools-for-stm32.9-2020-q2-update.win32_2.0.0.202105311346/tools/bin/../lib/gcc/arm-none-eabi/9.3.1/../../../../arm-none-eabi/lib/thumb/v7e-m+fp/hard\libc_nano.a(lib_a-nano-mallocr.o)
                0x0000000020000b1c                __malloc_free_list
 .bss.__malloc_sbrk_start
                0x0000000020000b20        0x4 c:/st/stm32cubeide_1.6.1/stm32cubeide/plugins/com.st.stm32cube.ide.mcu.externaltools.gnu-tools-for-stm32.9-2020-q2-update.win32_2.0.0.202105311346/tools/bin/../lib/gcc/arm-none-eabi/9.3.1/../../../../arm-none-eabi/lib/thumb/v7e-m+fp/hard\libc_nano.a(lib_a-nano-mallocr.o)
                0x0000000020000b20                __malloc_sbrk_start
 *(COMMON)
 COMMON         0x0000000020000b24      0x15c ./Core/Src/main.o
                0x0000000020000b24                hdma_usart2_rx
                0x0000000020000b84                hspi1
                0x0000000020000bdc                huart2
                0x0000000020000c20                hdma_spi1_tx
 COMMON         0x0000000020000c80        0x4 ./Core/Src/tft.o
                0x0000000020000c80                _lcd
 COMMON         0x0000000020000c84        0x4 ./Drivers/STM32F4xx_HAL_Driver/Src/stm32f4xx_hal.o
                0x0000000020000c84                uwTick
 COMMON         0x0000000020000c88       0x20 ./Drivers/STM32F4xx_HAL_Driver/Src/stm32f4xx_hal_flash.o
                0x0000000020000c88                pFlash
 COMMON         0x0000000020000ca8        0x4 c:/st/stm32cubeide_1.6.1/stm32cubeide/plugins/com.st.stm32cube.ide.mcu.externaltools.gnu-tools-for-stm32.9-2020-q2-update.win32_2.0.0.202105311346/tools/bin/../lib/gcc/arm-none-eabi/9.3.1/../../../../arm-none-eabi/lib/thumb/v7e-m+fp/hard\libc_nano.a(lib_a-reent.o)
                0x0000000020000ca8                errno
 COMMON         0x0000000020000cac        0x9 c:/st/stm32cubeide_1.6.1/stm32cubeide/plugins/com.st.stm32cube.ide.mcu.externaltools.gnu-tools-for-stm32.9-2020-q2-update.win32_2.0.0.202105311346/tools/bin/../lib/gcc/arm-none-eabi/9.3.1/../../../../arm-none-eabi/lib/thumb/v7e-m+fp/hard\libc_nano.a(lib_a-lock.o)
                0x0000000020000cac                __lock___atexit_recursive_mutex
                0x0000000020000cad                __lock___arc4random_mutex
                0x0000000020000cae                __lock___env_recursive_mutex
                0x0000000020000caf                __lock___sinit_recursive_mutex
                0x0000000020000cb0                __lock___malloc_recursive_mutex
                0x0000000020000cb1                __lock___at_quick_exit_mutex
                0x0000000020000cb2                __lock___dd_hash_mutex
                0x0000000020000cb3                __lock___tz_mutex
                0x0000000020000cb4                __lock___sfp_recursive_mutex
                0x0000000020000cb8                . = ALIGN (0x4)
 *fill*         0x0000000020000cb5        0x3 
                0x0000000020000cb8                _ebss = .
                0x0000000020000cb8                __bss_end__ = _ebss

._user_heap_stack
                0x0000000020000cb8     0x6000
                0x0000000020000cb8                . = ALIGN (0x8)
                [!provide]                        PROVIDE (end = .)
                0x0000000020000cb8                PROVIDE (_end = .)
                0x0000000020002cb8                . = (. + _Min_Heap_Size)
 *fill*         0x0000000020000cb8     0x2000 
                0x0000000020006cb8                . = (. + _Min_Stack_Size)
 *fill*         0x0000000020002cb8     0x4000 
                0x0000000020006cb8                . = ALIGN (0x8)

/DISCARD/
 libc.a(*)
 libm.a(*)
 libgcc.a(*)

.ARM.attributes
                0x0000000000000000       0x30
 *(.ARM.attributes)
 .ARM.attributes
                0x0000000000000000       0x1e c:/st/stm32cubeide_1.6.1/stm32cubeide/plugins/com.st.stm32cube.ide.mcu.externaltools.gnu-tools-for-stm32.9-2020-q2-update.win32_2.0.0.202105311346/tools/bin/../lib/gcc/arm-none-eabi/9.3.1/thumb/v7e-m+fp/hard/crti.o
 .ARM.attributes
                0x000000000000001e       0x34 c:/st/stm32cubeide_1.6.1/stm32cubeide/plugins/com.st.stm32cube.ide.mcu.externaltools.gnu-tools-for-stm32.9-2020-q2-update.win32_2.0.0.202105311346/tools/bin/../lib/gcc/arm-none-eabi/9.3.1/thumb/v7e-m+fp/hard/crtbegin.o
 .ARM.attributes
                0x0000000000000052       0x34 ./Core/Src/ili9341.o
 .ARM.attributes
                0x0000000000000086       0x34 ./Core/Src/ili9341_font.o
 .ARM.attributes
                0x00000000000000ba       0x34 ./Core/Src/ili9341_gfx.o
 .ARM.attributes
                0x00000000000000ee       0x34 ./Core/Src/main.o
 .ARM.attributes
                0x0000000000000122       0x34 ./Core/Src/stm32f4xx_hal_msp.o
 .ARM.attributes
                0x0000000000000156       0x34 ./Core/Src/stm32f4xx_it.o
 .ARM.attributes
                0x000000000000018a       0x34 ./Core/Src/sysmem.o
 .ARM.attributes
                0x00000000000001be       0x34 ./Core/Src/system_stm32f4xx.o
 .ARM.attributes
                0x00000000000001f2       0x34 ./Core/Src/tft.o
 .ARM.attributes
                0x0000000000000226       0x21 ./Core/Startup/startup_stm32f407vgtx.o
 .ARM.attributes
                0x0000000000000247       0x34 ./Drivers/STM32F4xx_HAL_Driver/Src/stm32f4xx_hal.o
 .ARM.attributes
                0x000000000000027b       0x34 ./Drivers/STM32F4xx_HAL_Driver/Src/stm32f4xx_hal_cortex.o
 .ARM.attributes
                0x00000000000002af       0x34 ./Drivers/STM32F4xx_HAL_Driver/Src/stm32f4xx_hal_dma.o
 .ARM.attributes
                0x00000000000002e3       0x34 ./Drivers/STM32F4xx_HAL_Driver/Src/stm32f4xx_hal_flash.o
 .ARM.attributes
                0x0000000000000317       0x34 ./Drivers/STM32F4xx_HAL_Driver/Src/stm32f4xx_hal_flash_ex.o
 .ARM.attributes
                0x000000000000034b       0x34 ./Drivers/STM32F4xx_HAL_Driver/Src/stm32f4xx_hal_gpio.o
 .ARM.attributes
                0x000000000000037f       0x34 ./Drivers/STM32F4xx_HAL_Driver/Src/stm32f4xx_hal_rcc.o
 .ARM.attributes
                0x00000000000003b3       0x34 ./Drivers/STM32F4xx_HAL_Driver/Src/stm32f4xx_hal_spi.o
 .ARM.attributes
                0x00000000000003e7       0x34 ./Drivers/STM32F4xx_HAL_Driver/Src/stm32f4xx_hal_uart.o
 .ARM.attributes
                0x000000000000041b       0x34 G:/github/public/stm32_bootloader_library/f407_tft_demo/utils/libSTM32F407.elf(lib_debug.o)
 .ARM.attributes
                0x000000000000044f       0x34 G:/github/public/stm32_bootloader_library/f407_tft_demo/utils/libSTM32F407.elf(lib_delay.o)
 .ARM.attributes
                0x0000000000000483       0x34 G:/github/public/stm32_bootloader_library/f407_tft_demo/utils/libSTM32F407.elf(lib_flash.o)
 .ARM.attributes
                0x00000000000004b7       0x34 G:/github/public/stm32_bootloader_library/f407_tft_demo/utils/libSTM32F407.elf(lib_ota.o)
 .ARM.attributes
                0x00000000000004eb       0x34 G:/github/public/stm32_bootloader_library/f407_tft_demo/utils/libSTM32F407.elf(lib_ringbuffer.o)
 .ARM.attributes
                0x000000000000051f       0x34 G:/github/public/stm32_bootloader_library/f407_tft_demo/utils/libSTM32F407.elf(lib_system.o)
 .ARM.attributes
                0x0000000000000553       0x34 G:/github/public/stm32_bootloader_library/f407_tft_demo/utils/libSTM32F407.elf(stdutils.o)
 .ARM.attributes
                0x0000000000000587       0x34 G:/github/public/stm32_bootloader_library/f407_tft_demo/utils/libSTM32F407.elf(lib_menu.o)
 .ARM.attributes
                0x00000000000005bb       0x34 c:/st/stm32cubeide_1.6.1/stm32cubeide/plugins/com.st.stm32cube.ide.mcu.externaltools.gnu-tools-for-stm32.9-2020-q2-update.win32_2.0.0.202105311346/tools/bin/../lib/gcc/arm-none-eabi/9.3.1/../../../../arm-none-eabi/lib/thumb/v7e-m+fp/hard\libc_nano.a(lib_a-errno.o)
 .ARM.attributes
                0x00000000000005ef       0x32 c:/st/stm32cubeide_1.6.1/stm32cubeide/plugins/com.st.stm32cube.ide.mcu.externaltools.gnu-tools-for-stm32.9-2020-q2-update.win32_2.0.0.202105311346/tools/bin/../lib/gcc/arm-none-eabi/9.3.1/../../../../arm-none-eabi/lib/thumb/v7e-m+fp/hard\libc_nano.a(lib_a-impure.o)
 .ARM.attributes
                0x0000000000000621       0x34 c:/st/stm32cubeide_1.6.1/stm32cubeide/plugins/com.st.stm32cube.ide.mcu.externaltools.gnu-tools-for-stm32.9-2020-q2-update.win32_2.0.0.202105311346/tools/bin/../lib/gcc/arm-none-eabi/9.3.1/../../../../arm-none-eabi/lib/thumb/v7e-m+fp/hard\libc_nano.a(lib_a-init.o)
 .ARM.attributes
                0x0000000000000655       0x34 c:/st/stm32cubeide_1.6.1/stm32cubeide/plugins/com.st.stm32cube.ide.mcu.externaltools.gnu-tools-for-stm32.9-2020-q2-update.win32_2.0.0.202105311346/tools/bin/../lib/gcc/arm-none-eabi/9.3.1/../../../../arm-none-eabi/lib/thumb/v7e-m+fp/hard\libc_nano.a(lib_a-malloc.o)
 .ARM.attributes
                0x0000000000000689       0x34 c:/st/stm32cubeide_1.6.1/stm32cubeide/plugins/com.st.stm32cube.ide.mcu.externaltools.gnu-tools-for-stm32.9-2020-q2-update.win32_2.0.0.202105311346/tools/bin/../lib/gcc/arm-none-eabi/9.3.1/../../../../arm-none-eabi/lib/thumb/v7e-m+fp/hard\libc_nano.a(lib_a-memcpy-stub.o)
 .ARM.attributes
                0x00000000000006bd       0x34 c:/st/stm32cubeide_1.6.1/stm32cubeide/plugins/com.st.stm32cube.ide.mcu.externaltools.gnu-tools-for-stm32.9-2020-q2-update.win32_2.0.0.202105311346/tools/bin/../lib/gcc/arm-none-eabi/9.3.1/../../../../arm-none-eabi/lib/thumb/v7e-m+fp/hard\libc_nano.a(lib_a-memset.o)
 .ARM.attributes
                0x00000000000006f1       0x34 c:/st/stm32cubeide_1.6.1/stm32cubeide/plugins/com.st.stm32cube.ide.mcu.externaltools.gnu-tools-for-stm32.9-2020-q2-update.win32_2.0.0.202105311346/tools/bin/../lib/gcc/arm-none-eabi/9.3.1/../../../../arm-none-eabi/lib/thumb/v7e-m+fp/hard\libc_nano.a(lib_a-nano-freer.o)
 .ARM.attributes
                0x0000000000000725       0x34 c:/st/stm32cubeide_1.6.1/stm32cubeide/plugins/com.st.stm32cube.ide.mcu.externaltools.gnu-tools-for-stm32.9-2020-q2-update.win32_2.0.0.202105311346/tools/bin/../lib/gcc/arm-none-eabi/9.3.1/../../../../arm-none-eabi/lib/thumb/v7e-m+fp/hard\libc_nano.a(lib_a-nano-mallocr.o)
 .ARM.attributes
                0x0000000000000759       0x34 c:/st/stm32cubeide_1.6.1/stm32cubeide/plugins/com.st.stm32cube.ide.mcu.externaltools.gnu-tools-for-stm32.9-2020-q2-update.win32_2.0.0.202105311346/tools/bin/../lib/gcc/arm-none-eabi/9.3.1/../../../../arm-none-eabi/lib/thumb/v7e-m+fp/hard\libc_nano.a(lib_a-sbrkr.o)
 .ARM.attributes
                0x000000000000078d       0x34 c:/st/stm32cubeide_1.6.1/stm32cubeide/plugins/com.st.stm32cube.ide.mcu.externaltools.gnu-tools-for-stm32.9-2020-q2-update.win32_2.0.0.202105311346/tools/bin/../lib/gcc/arm-none-eabi/9.3.1/../../../../arm-none-eabi/lib/thumb/v7e-m+fp/hard\libc_nano.a(lib_a-sprintf.o)
 .ARM.attributes
                0x00000000000007c1       0x1c c:/st/stm32cubeide_1.6.1/stm32cubeide/plugins/com.st.stm32cube.ide.mcu.externaltools.gnu-tools-for-stm32.9-2020-q2-update.win32_2.0.0.202105311346/tools/bin/../lib/gcc/arm-none-eabi/9.3.1/../../../../arm-none-eabi/lib/thumb/v7e-m+fp/hard\libc_nano.a(lib_a-strcmp.o)
 .ARM.attributes
                0x00000000000007dd       0x17 c:/st/stm32cubeide_1.6.1/stm32cubeide/plugins/com.st.stm32cube.ide.mcu.externaltools.gnu-tools-for-stm32.9-2020-q2-update.win32_2.0.0.202105311346/tools/bin/../lib/gcc/arm-none-eabi/9.3.1/../../../../arm-none-eabi/lib/thumb/v7e-m+fp/hard\libc_nano.a(lib_a-strlen.o)
 .ARM.attributes
                0x00000000000007f4       0x34 c:/st/stm32cubeide_1.6.1/stm32cubeide/plugins/com.st.stm32cube.ide.mcu.externaltools.gnu-tools-for-stm32.9-2020-q2-update.win32_2.0.0.202105311346/tools/bin/../lib/gcc/arm-none-eabi/9.3.1/../../../../arm-none-eabi/lib/thumb/v7e-m+fp/hard\libc_nano.a(lib_a-mlock.o)
 .ARM.attributes
                0x0000000000000828       0x34 c:/st/stm32cubeide_1.6.1/stm32cubeide/plugins/com.st.stm32cube.ide.mcu.externaltools.gnu-tools-for-stm32.9-2020-q2-update.win32_2.0.0.202105311346/tools/bin/../lib/gcc/arm-none-eabi/9.3.1/../../../../arm-none-eabi/lib/thumb/v7e-m+fp/hard\libc_nano.a(lib_a-nano-svfprintf.o)
 .ARM.attributes
                0x000000000000085c       0x34 c:/st/stm32cubeide_1.6.1/stm32cubeide/plugins/com.st.stm32cube.ide.mcu.externaltools.gnu-tools-for-stm32.9-2020-q2-update.win32_2.0.0.202105311346/tools/bin/../lib/gcc/arm-none-eabi/9.3.1/../../../../arm-none-eabi/lib/thumb/v7e-m+fp/hard\libc_nano.a(lib_a-nano-vfprintf_i.o)
 .ARM.attributes
                0x0000000000000890       0x34 c:/st/stm32cubeide_1.6.1/stm32cubeide/plugins/com.st.stm32cube.ide.mcu.externaltools.gnu-tools-for-stm32.9-2020-q2-update.win32_2.0.0.202105311346/tools/bin/../lib/gcc/arm-none-eabi/9.3.1/../../../../arm-none-eabi/lib/thumb/v7e-m+fp/hard\libc_nano.a(lib_a-reent.o)
 .ARM.attributes
                0x00000000000008c4       0x34 c:/st/stm32cubeide_1.6.1/stm32cubeide/plugins/com.st.stm32cube.ide.mcu.externaltools.gnu-tools-for-stm32.9-2020-q2-update.win32_2.0.0.202105311346/tools/bin/../lib/gcc/arm-none-eabi/9.3.1/../../../../arm-none-eabi/lib/thumb/v7e-m+fp/hard\libc_nano.a(lib_a-lock.o)
 .ARM.attributes
                0x00000000000008f8       0x1c c:/st/stm32cubeide_1.6.1/stm32cubeide/plugins/com.st.stm32cube.ide.mcu.externaltools.gnu-tools-for-stm32.9-2020-q2-update.win32_2.0.0.202105311346/tools/bin/../lib/gcc/arm-none-eabi/9.3.1/../../../../arm-none-eabi/lib/thumb/v7e-m+fp/hard\libc_nano.a(lib_a-memchr.o)
 .ARM.attributes
                0x0000000000000914       0x34 c:/st/stm32cubeide_1.6.1/stm32cubeide/plugins/com.st.stm32cube.ide.mcu.externaltools.gnu-tools-for-stm32.9-2020-q2-update.win32_2.0.0.202105311346/tools/bin/../lib/gcc/arm-none-eabi/9.3.1/../../../../arm-none-eabi/lib/thumb/v7e-m+fp/hard\libc_nano.a(lib_a-memmove.o)
 .ARM.attributes
                0x0000000000000948       0x34 c:/st/stm32cubeide_1.6.1/stm32cubeide/plugins/com.st.stm32cube.ide.mcu.externaltools.gnu-tools-for-stm32.9-2020-q2-update.win32_2.0.0.202105311346/tools/bin/../lib/gcc/arm-none-eabi/9.3.1/../../../../arm-none-eabi/lib/thumb/v7e-m+fp/hard\libc_nano.a(lib_a-nano-reallocr.o)
 .ARM.attributes
                0x000000000000097c       0x34 c:/st/stm32cubeide_1.6.1/stm32cubeide/plugins/com.st.stm32cube.ide.mcu.externaltools.gnu-tools-for-stm32.9-2020-q2-update.win32_2.0.0.202105311346/tools/bin/../lib/gcc/arm-none-eabi/9.3.1/../../../../arm-none-eabi/lib/thumb/v7e-m+fp/hard\libc_nano.a(lib_a-nano-msizer.o)
 .ARM.attributes
                0x00000000000009b0       0x1e c:/st/stm32cubeide_1.6.1/stm32cubeide/plugins/com.st.stm32cube.ide.mcu.externaltools.gnu-tools-for-stm32.9-2020-q2-update.win32_2.0.0.202105311346/tools/bin/../lib/gcc/arm-none-eabi/9.3.1/thumb/v7e-m+fp/hard\libgcc.a(_aeabi_uldivmod.o)
 .ARM.attributes
                0x00000000000009ce       0x34 c:/st/stm32cubeide_1.6.1/stm32cubeide/plugins/com.st.stm32cube.ide.mcu.externaltools.gnu-tools-for-stm32.9-2020-q2-update.win32_2.0.0.202105311346/tools/bin/../lib/gcc/arm-none-eabi/9.3.1/thumb/v7e-m+fp/hard\libgcc.a(_udivmoddi4.o)
 .ARM.attributes
                0x0000000000000a02       0x1e c:/st/stm32cubeide_1.6.1/stm32cubeide/plugins/com.st.stm32cube.ide.mcu.externaltools.gnu-tools-for-stm32.9-2020-q2-update.win32_2.0.0.202105311346/tools/bin/../lib/gcc/arm-none-eabi/9.3.1/thumb/v7e-m+fp/hard\libgcc.a(_dvmd_tls.o)
 .ARM.attributes
                0x0000000000000a20       0x1e c:/st/stm32cubeide_1.6.1/stm32cubeide/plugins/com.st.stm32cube.ide.mcu.externaltools.gnu-tools-for-stm32.9-2020-q2-update.win32_2.0.0.202105311346/tools/bin/../lib/gcc/arm-none-eabi/9.3.1/thumb/v7e-m+fp/hard/crtn.o
OUTPUT(f407_tft_demo.elf elf32-littlearm)
LOAD linker stubs
LOAD c:/st/stm32cubeide_1.6.1/stm32cubeide/plugins/com.st.stm32cube.ide.mcu.externaltools.gnu-tools-for-stm32.9-2020-q2-update.win32_2.0.0.202105311346/tools/bin/../lib/gcc/arm-none-eabi/9.3.1/../../../../arm-none-eabi/lib/thumb/v7e-m+fp/hard\libc.a
LOAD c:/st/stm32cubeide_1.6.1/stm32cubeide/plugins/com.st.stm32cube.ide.mcu.externaltools.gnu-tools-for-stm32.9-2020-q2-update.win32_2.0.0.202105311346/tools/bin/../lib/gcc/arm-none-eabi/9.3.1/../../../../arm-none-eabi/lib/thumb/v7e-m+fp/hard\libm.a
LOAD c:/st/stm32cubeide_1.6.1/stm32cubeide/plugins/com.st.stm32cube.ide.mcu.externaltools.gnu-tools-for-stm32.9-2020-q2-update.win32_2.0.0.202105311346/tools/bin/../lib/gcc/arm-none-eabi/9.3.1/thumb/v7e-m+fp/hard\libgcc.a

.debug_info     0x0000000000000000    0x162ae
 .debug_info    0x0000000000000000     0x1e84 ./Core/Src/ili9341.o
 .debug_info    0x0000000000001e84      0x176 ./Core/Src/ili9341_font.o
 .debug_info    0x0000000000001ffa     0x2131 ./Core/Src/ili9341_gfx.o
 .debug_info    0x000000000000412b     0x1433 ./Core/Src/main.o
 .debug_info    0x000000000000555e      0xf78 ./Core/Src/stm32f4xx_hal_msp.o
 .debug_info    0x00000000000064d6      0x79f ./Core/Src/stm32f4xx_it.o